ARM Linker, 5.03 [Build 76] [MDK-ARM Standard]

==============================================================================

Section Cross References

    startup.o(STACK) refers (Special) to heapauxi.o(.text) for __use_two_region_memory
    startup.o(HEAP) refers (Special) to heapauxi.o(.text) for __use_two_region_memory
    startup.o(RESET) refers (Special) to heapauxi.o(.text) for __use_two_region_memory
    startup.o(RESET) refers to startup.o(STACK) for StackMem
    startup.o(RESET) refers to hal_cm3.o(.emb_text) for SVC_Handler
    startup.o(RESET) refers to uartstdio.o(.text) for UARTStdioIntHandler
    startup.o(RESET) refers to __main.o(!!!main) for __main
    startup.o(.text) refers (Special) to heapauxi.o(.text) for __use_two_region_memory
    startup.o(.text) refers to startup.o(HEAP) for HeapMem
    startup.o(.text) refers to startup.o(STACK) for StackMem
    spi_lm3s37x8.o(.text) refers to sysctl.o(.text) for SysCtlPeripheralEnable
    spi_lm3s37x8.o(.text) refers to gpio.o(.text) for GPIODirModeSet
    spi_lm3s37x8.o(.text) refers to ssi.o(.text) for SSIConfigSetExpClk
    retarget.o(.text) refers (Special) to use_no_semi.o(.text) for __use_no_semihosting_swi
    retarget.o(.text) refers to strcmpv7m.o(.text) for strcmp
    retarget.o(.text) refers to _fs_fopen.o(i.__fopen) for __fopen
    retarget.o(.text) refers to _fs_fclose.o(i.__fclose) for __fclose
    retarget.o(.text) refers to _fs_write.o(i.__write) for __write
    retarget.o(.text) refers to _fs_read.o(i.__read) for __read
    retarget.o(.text) refers to _fs_setfpos.o(i.__setfpos) for __setfpos
    retarget.o(.text) refers to _fs_flushbuf.o(i.__flushbuf) for __flushbuf
    retarget.o(.text) refers to _fs_getfsize.o(i.__getfsize) for __getfsize
    retarget.o(.text) refers to file_config.o(.bss) for _iob
    retarget.o(.constdata) refers (Special) to use_no_semi.o(.text) for __use_no_semihosting_swi
    hal_led.o(.text) refers to sysctl.o(.text) for SysCtlPeripheralEnable
    hal_led.o(.text) refers to gpio.o(.text) for GPIOPinTypeGPIOOutput
    hal_system.o(.text) refers to sysctl.o(.text) for SysCtlClockSet
    hal_system.o(.text) refers to interrupt.o(.text) for IntMasterEnable
    hal_system.o(.text) refers to uart.o(.text) for UARTEnable
    hal_system.o(.text) refers to gpio.o(.text) for GPIOPinTypeUART
    hal_system.o(.text) refers to uartstdio.o(.text) for UARTStdioInit
    cmdline.o(.text) refers to strcmpv7m.o(.text) for strcmp
    cmdline.o(.text) refers to cmdline.o(.bss) for argv
    cmdline.o(.text) refers to main.o(.data) for g_sCmdTable
    uartstdio.o(.text) refers to uartstdio.o(.data) for g_ulUARTTxWriteIndex
    uartstdio.o(.text) refers to uartstdio.o(.constdata) for g_ulUARTInt
    uartstdio.o(.text) refers to uartstdio.o(.bss) for g_pcUARTTxBuffer
    uartstdio.o(.constdata) refers to uartstdio.o(.conststring) for .conststring
    ustdlib.o(.text) refers to ustdlib.o(.constdata) for g_pcHex
    ustdlib.o(.text) refers to ustdlib.o(.data) for g_ulRandomSeed
    ustdlib.o(.constdata) refers to ustdlib.o(.conststring) for .conststring
    main.o(.text) refers to uartstdio.o(.text) for UARTprintf
    main.o(.text) refers to fs_fformat.o(i.fformat) for fformat
    main.o(.text) refers to fs_fcheck.o(i.fcheck) for fcheck
    main.o(.text) refers to strcat.o(.text) for strcat
    main.o(.text) refers to fopen_locked.o(.text) for fopen
    main.o(.text) refers to fwritefast_locked.o(.text) for fwrite
    main.o(.text) refers to fclose_locked.o(.text) for fclose
    main.o(.text) refers to fgets_locked.o(.text) for fgets
    main.o(.text) refers to fs_ffind.o(i.ffind) for ffind
    main.o(.text) refers to strlen.o(.text) for strlen
    main.o(.text) refers to fs_frename.o(i.frename) for frename
    main.o(.text) refers to main.o(.data) for g_sCmdTable
    main.o(.text) refers to fs_fdelete.o(i.fdelete) for fdelete
    main.o(.text) refers to hal_system.o(.text) for sysInit_hal
    main.o(.text) refers to hal_led.o(.text) for ledInit_hal
    main.o(.text) refers to fs_finit.o(i.finit) for finit
    main.o(.text) refers to cmdline.o(.text) for CmdLineProcess
    main.o(.text) refers to main.o(.bss) for g_cCmdBuf
    main.o(.data) refers to main.o(.conststring) for .conststring
    main.o(.data) refers to main.o(.text) for Cmd_help
    rtx_config.o(.text) refers to rt_task.o(i.rt_tsk_self) for rt_tsk_self
    rtx_config.o(.text) refers to rt_mutex.o(i.rt_mut_init) for rt_mut_init
    rtx_config.o(.text) refers to rtx_config.o(.bss) for .bss
    rtx_config.o(.text) refers to libspace.o(.bss) for __libspace_start
    rtx_config.o(.text) refers to rtx_config.o(.data) for .data
    rtx_config.o(.text) refers to rt_mutex.o(i.rt_mut_wait) for rt_mut_wait
    rtx_config.o(.text) refers to rt_mutex.o(i.rt_mut_release) for rt_mut_release
    rtx_config.o(.data) refers to rtx_config.o(.bss) for mp_tmr
    adc.o(.text) refers to interrupt.o(.text) for IntRegister
    adc.o(.text) refers to adc.o(.data) for g_pucOversampleFactor
[...]
    i.fs_ReadBlock                           0x00005270   Section        0  _fs_flashio.o(i.fs_ReadBlock)
    i.fs_ReadData                            0x0000528c   Section        0  fs_lib.o(i.fs_ReadData)
    i.fs_WriteBlock                          0x0000529e   Section        0  _fs_flashio.o(i.fs_WriteBlock)
    i.fs_WriteData                           0x000052d8   Section        0  fs_lib.o(i.fs_WriteData)
    i.fs_adr_sig                             0x000052e8   Section        0  _fs_flashio.o(i.fs_adr_sig)
    i.fs_check_fwopen                        0x00005300   Section        0  _fs_flashio.o(i.fs_check_fwopen)
    i.fs_find_iob                            0x00005340   Section        0  fs_lib.o(i.fs_find_iob)
    i.fs_get_drive                           0x00005374   Section        0  fs_lib.o(i.fs_get_drive)
    i.fs_get_freeID                          0x000053c4   Section        0  _fs_flashio.o(i.fs_get_freeID)
    i.fs_get_freeMem                         0x00005416   Section        0  _fs_flashio.o(i.fs_get_freeMem)
    i.fs_mark_fileMem                        0x0000544e   Section        0  _fs_flashio.o(i.fs_mark_fileMem)
    i.fs_mark_freeMem                        0x000054c8   Section        0  _fs_flashio.o(i.fs_mark_freeMem)
    i.fs_rd_alloc                            0x00005506   Section        0  _fs_flashio.o(i.fs_rd_alloc)
    i.fs_rd_sig                              0x0000552a   Section        0  _fs_flashio.o(i.fs_rd_sig)
    i.fs_set_params                          0x0000554c   Section        0  fs_lib.o(i.fs_set_params)
    i.fs_spi_EraseSector                     0x000055b4   Section        0  fs_flashprg.o(i.fs_spi_EraseSector)
    i.fs_spi_Init                            0x000055b8   Section        0  fs_flashprg.o(i.fs_spi_Init)
    i.fs_spi_ProgramPage                     0x000055bc   Section        0  fs_flashprg.o(i.fs_spi_ProgramPage)
    i.fs_spi_ReadData                        0x000055c0   Section        0  fs_flashprg.o(i.fs_spi_ReadData)
    i.fs_strpos                              0x000055c4   Section        0  fs_lib.o(i.fs_strpos)
    i.rt_alloc_box                           0x000055e0   Section        0  rt_membox.o(i.rt_alloc_box)
    i.rt_block                               0x000055fc   Section        0  rt_task.o(i.rt_block)
    i.rt_chk_robin                           0x00005634   Section        0  rt_robin.o(i.rt_chk_robin)
    i.rt_dec_dly                             0x0000567c   Section        0  rt_list.o(i.rt_dec_dly)
    i.rt_dispatch                            0x000056f0   Section        0  rt_task.o(i.rt_dispatch)
    i.rt_evt_psh                             0x00005734   Section        0  rt_event.o(i.rt_evt_psh)
    i.rt_free_box                            0x00005780   Section        0  rt_membox.o(i.rt_free_box)
    i.rt_get_first                           0x000057a0   Section        0  rt_list.o(i.rt_get_first)
    i.rt_mbx_psh                             0x000057c8   Section        0  rt_mailbox.o(i.rt_mbx_psh)
    i.rt_mut_init                            0x00005888   Section        0  rt_mutex.o(i.rt_mut_init)
    i.rt_mut_release                         0x00005898   Section        0  rt_mutex.o(i.rt_mut_release)
    i.rt_mut_wait                            0x00005944   Section        0  rt_mutex.o(i.rt_mut_wait)
    i.rt_pop_req                             0x000059a8   Section        0  rt_system.o(i.rt_pop_req)
    i.rt_put_dly                             0x00005a2c   Section        0  rt_list.o(i.rt_put_dly)
    i.rt_put_prio                            0x00005a74   Section        0  rt_list.o(i.rt_put_prio)
    i.rt_put_rdy_first                       0x00005aac   Section        0  rt_list.o(i.rt_put_rdy_first)
    i.rt_resort_prio                         0x00005ac0   Section        0  rt_list.o(i.rt_resort_prio)
    i.rt_rmv_dly                             0x00005af4   Section        0  rt_list.o(i.rt_rmv_dly)
    i.rt_rmv_list                            0x00005b1c   Section        0  rt_list.o(i.rt_rmv_list)
    i.rt_sem_psh                             0x00005b4c   Section        0  rt_semaphore.o(i.rt_sem_psh)
    i.rt_stk_check                           0x00005b80   Section        0  rt_system.o(i.rt_stk_check)
    i.rt_switch_req                          0x00005ba4   Section        0  rt_task.o(i.rt_switch_req)
    i.rt_systick                             0x00005bcc   Section        0  rt_system.o(i.rt_systick)
    i.rt_tmr_tick                            0x00005c08   Section        0  rt_timer.o(i.rt_tmr_tick)
    i.rt_tsk_self                            0x00005c48   Section        0  rt_task.o(i.rt_tsk_self)
    .constdata                               0x00005c58   Section      110  file_config.o(.constdata)
    .constdata                               0x00005cc6   Section       20  retarget.o(.constdata)
    .constdata                               0x00005cdc   Section       40  uartstdio.o(.constdata)
    g_pcHex                                  0x00005cdc   Data           4  uartstdio.o(.constdata)
    g_ulUARTBase                             0x00005ce0   Data          12  uartstdio.o(.constdata)
    g_ulUARTInt                              0x00005cec   Data          12  uartstdio.o(.constdata)
    g_ulUARTPeriph                           0x00005cf8   Data          12  uartstdio.o(.constdata)
    .constdata                               0x00005d04   Section       40  rtx_config.o(.constdata)
    __tagsym$$used                           0x00005d18   Number         0  rtx_config.o(.constdata)
    __tagsym$$used                           0x00005d1c   Number         0  rtx_config.o(.constdata)
    .constdata                               0x00005d2c   Section      120  gpio.o(.constdata)
    g_pulGPIOBaseAddrs                       0x00005d2c   Data         120  gpio.o(.constdata)
    .constdata                               0x00005da4   Section      260  interrupt.o(.constdata)
    g_pulPriority                            0x00005da4   Data          32  interrupt.o(.constdata)
    g_pulRegs                                0x00005dc4   Data         148  interrupt.o(.constdata)
    g_pulEnRegs                              0x00005e58   Data          20  interrupt.o(.constdata)
    g_pulDisRegs                             0x00005e6c   Data          20  interrupt.o(.constdata)
    g_pulPendRegs                            0x00005e80   Data          20  interrupt.o(.constdata)
    g_pulUnpendRegs                          0x00005e94   Data          20  interrupt.o(.constdata)
    .constdata                               0x00005ea8   Section      452  sysctl.o(.constdata)
    g_pulDCRegs                              0x00005ea8   Data          16  sysctl.o(.constdata)
    g_pulSRCRRegs                            0x00005eb8   Data          12  sysctl.o(.constdata)
    g_pulRCGCRegs                            0x00005ec4   Data          12  sysctl.o(.constdata)
    g_pulSCGCRegs                            0x00005ed0   Data          12  sysctl.o(.constdata)
    g_pulDCGCRegs                            0x00005edc   Data          12  sysctl.o(.constdata)
    g_pulXtals                               0x00005ee8   Data         108  sysctl.o(.constdata)
    g_ppulPeripheralMap                      0x00005f54   Data         280  sysctl.o(.constdata)
    .constdata                               0x0000606c   Section       64  uart.o(.constdata)
    g_ppulUARTIntMap                         0x0000606c   Data          64  uart.o(.constdata)
    .conststring                             0x000060ac   Section       17  uartstdio.o(.conststring)
    .conststring                             0x000060bd   Section      520  main.o(.conststring)
    .data                                    0x20000000   Section       28  uartstdio.o(.data)
    g_ulUARTTxWriteIndex                     0x20000000   Data           4  uartstdio.o(.data)
    g_ulUARTTxReadIndex                      0x20000004   Data           4  uartstdio.o(.data)
    g_ulUARTRxWriteIndex                     0x20000008   Data           4  uartstdio.o(.data)
    g_ulUARTRxReadIndex                      0x2000000c   Data           4  uartstdio.o(.data)
    g_ulBase                                 0x20000010   Data           4  uartstdio.o(.data)
    bLastWasCR                               0x20000014   Data           1  uartstdio.o(.data)
    g_bDisableEcho                           0x20000015   Data           1  uartstdio.o(.data)
    g_ulPortNum                              0x20000018   Data           4  uartstdio.o(.data)
    .data                                    0x2000001c   Section      164  main.o(.data)
    g_cCwdBuf                                0x2000001c   Data          80  main.o(.data)
    .data                                    0x200000c0   Section        8  rtx_config.o(.data)
    nr_mutex                                 0x200000c4   Data           4  rtx_config.o(.data)
    .data                                    0x200000c8   Section        8  rt_task.o(.data)
    .data                                    0x200000d0   Section        1  hal_cm3.o(.data)
    .data                                    0x200000d1   Section        2  rt_system.o(.data)
    os_lock                                  0x200000d1   Data           1  rt_system.o(.data)
    os_psh_flag                              0x200000d2   Data           1  rt_system.o(.data)
    .data                                    0x200000d4   Section        8  rt_robin.o(.data)
    .data                                    0x200000dc   Section        2  rt_time.o(.data)
    .data                                    0x200000e0   Section        8  rt_timer.o(.data)
    .data                                    0x200000e8   Section        4  streamlock.o(.data)
    .data                                    0x200000ec   Section        4  stdio_streams.o(.data)
    .data                                    0x200000f0   Section        4  stdio_streams.o(.data)
    .data                                    0x200000f4   Section        4  stdio_streams.o(.data)
    vtable                                   0x20000400   Section      620  interrupt.o(vtable)
    g_pfnRAMVectors                          0x20000400   Data         620  interrupt.o(vtable)
    .bss                                     0x2000066c   Section      832  file_config.o(.bss)
    .bss                                     0x200009ac   Section       36  cmdline.o(.bss)
    argv                                     0x200009ac   Data          36  cmdline.o(.bss)
    .bss                                     0x200009d0   Section     1152  uartstdio.o(.bss)
    g_pcUARTTxBuffer                         0x200009d0   Data        1024  uartstdio.o(.bss)
    g_pcUARTRxBuffer                         0x20000dd0   Data         128  uartstdio.o(.bss)
    .bss                                     0x20000e50   Section       64  main.o(.bss)
    g_cCmdBuf                                0x20000e50   Data          64  main.o(.bss)
    .bss                                     0x20000e90   Section     2192  rtx_config.o(.bss)
    std_libspace                             0x20001480   Data         576  rtx_config.o(.bss)
    std_libmutex                             0x200016c0   Data          96  rtx_config.o(.bss)
    .bss                                     0x20001720   Section       48  rt_list.o(.bss)
    .bss                                     0x20001750   Section       96  libspace.o(.bss)
    .bss                                     0x200017b0   Section       84  stdio_streams.o(.bss)
    .bss                                     0x20001804   Section       84  stdio_streams.o(.bss)
    .bss                                     0x20001858   Section       84  stdio_streams.o(.bss)
    HEAP                                     0x200018b0   Section     4096  startup.o(HEAP)
    HeapMem                                  0x200018b0   Data           0  startup.o(HEAP)
    STACK                                    0x200028b0   Section      256  startup.o(STACK)
    StackMem                                 0x200028b0   Data           0  startup.o(STACK)

    Global Symbols

    Symbol Name                              Value     Ov Type        Size  Object(Section)

    BuildAttributes$$THM_ISAv4$P$D$K$B$S$PE$A:L22UL41UL21$X:L11$S22US41US21$IEEE1$IW$USESV6$~STKCKD$USESV7$~SHL$OTIME$ROPI$EBA8$UX$STANDARDLIB$REQ8$PRES8$EABIv2 0x00000000   Number         0  anon$$obj.o ABSOLUTE
    __ARM_use_no_argv                        0x00000000   Number         0  main.o ABSOLUTE
    __Vectors                                0x00000000   Data           0  startup.o(RESET)
    __ARM_exceptions_init                     - Undefined Weak Reference
    __alloca_initialize                       - Undefined Weak Reference
    __cpp_initialize__aeabi_                  - Undefined Weak Reference
    __cxa_finalize                            - Undefined Weak Reference
    __rt_locale                               - Undefined Weak Reference
    __sigvec_lookup                           - Undefined Weak Reference
    __user_heap_extent                        - Undefined Weak Reference
    _atexit_init                              - Undefined Weak Reference
    _call_atexit_fns                          - Undefined Weak Reference
    _clock_init                               - Undefined Weak Reference
    _fp_trap_init                             - Undefined Weak Reference
    _fp_trap_shutdown                         - Undefined Weak Reference
    _get_lc_collate                           - Undefined Weak Reference
    _get_lc_ctype                             - Undefined Weak Reference
    _get_lc_monetary                          - Undefined Weak Reference
    _get_lc_numeric                           - Undefined Weak Reference
    _get_lc_time                              - Undefined Weak Reference
    _getenv_init                              - Undefined Weak Reference
    _handle_redirection                       - Undefined Weak Reference
    _mutex_free                               - Undefined Weak Reference
    _rand_init                                - Undefined Weak Reference
    _signal_finish                            - Undefined Weak Reference
    _signal_init                              - Undefined Weak Reference
    Reset_Handler                            0x0000026d   Thumb Code     0  startup.o(RESET)
    __main                                   0x00000279   Thumb Code     8  __main.o(!!!main)
    __scatterload                            0x00000281   Thumb Code     0  __scatter.o(!!!scatter)
    __scatterload_rt2                        0x00000281   Thumb Code    44  __scatter.o(!!!scatter)
    __scatterload_rt2_thumb_only             0x00000281   Thumb Code     0  __scatter.o(!!!scatter)
    __scatterload_null                       0x0000028f   Thumb Code     0  __scatter.o(!!!scatter)
    __decompress                             0x000002b5   Thumb Code    58  __dczerorl.o(!!dczerorl)
    __decompress0                            0x000002b5   Thumb Code     0  __dczerorl.o(!!dczerorl)
    __scatterload_zeroinit                   0x000002f1   Thumb Code    28  __scatter_zi.o(!!handler_zi)
    __rt_lib_init                            0x0000030d   Thumb Code     0  libinit.o(.ARM.Collect$$libinit$$00000000)
    __rt_lib_init_fp_1                       0x0000030f   Thumb Code     0  libinit2.o(.ARM.Collect$$libinit$$00000002)
    __rt_lib_init_heap_2                     0x0000030f   Thumb Code     0  libinit2.o(.ARM.Collect$$libinit$$00000003)
    __rt_lib_init_atexit_1                   0x00000317   Thumb Code     0  libinit2.o(.ARM.Collect$$libinit$$00000019)
    __rt_lib_init_clock_1                    0x00000317   Thumb Code     0  libinit2.o(.ARM.Collect$$libinit$$0000001F)
    __rt_lib_init_fp_trap_1                  0x00000317   Thumb Code     0  libinit2.o(.ARM.Collect$$libinit$$0000001D)
    __rt_lib_init_getenv_1                   0x00000317   Thumb Code     0  libinit2.o(.ARM.Collect$$libinit$$00000021)
    __rt_lib_init_heap_1                     0x00000317   Thumb Code     0  libinit2.o(.ARM.Collect$$libinit$$00000008)
    __rt_lib_init_lc_collate_1               0x00000317   Thumb Code     0  libinit2.o(.ARM.Collect$$libinit$$0000000F)
    __rt_lib_init_lc_ctype_1                 0x00000317   Thumb Code     0  libinit2.o(.ARM.Collect$$libinit$$00000011)
    __rt_lib_init_lc_monetary_1              0x00000317   Thumb Code     0  libinit2.o(.ARM.Collect$$libinit$$00000013)
    __rt_lib_init_lc_numeric_1               0x00000317   Thumb Code     0  libinit2.o(.ARM.Collect$$libinit$$00000015)
    __rt_lib_init_lc_time_1                  0x00000317   Thumb Code     0  libinit2.o(.ARM.Collect$$libinit$$00000017)
    __rt_lib_init_rand_1                     0x00000317   Thumb Code     0  libinit2.o(.ARM.Collect$$libinit$$0000000C)
    __rt_lib_init_signal_1                   0x00000317   Thumb Code     0  libinit2.o(.ARM.Collect$$libinit$$0000001B)
    __rt_lib_init_stdio_2                    0x00000317   Thumb Code     0  libinit2.o(.ARM.Collect$$libinit$$00000022)
    __rt_lib_init_user_alloc_1               0x00000317   Thumb Code     0  libinit2.o(.ARM.Collect$$libinit$$0000000A)
    __rt_lib_init_alloca_1                   0x0000031b   Thumb Code     0  libinit2.o(.ARM.Collect$$libinit$$0000002C)
    __rt_lib_init_argv_1                     0x0000031b   Thumb Code     0  libinit2.o(.ARM.Collect$$libinit$$0000002A)
    __rt_lib_init_cpp_1                      0x0000031b   Thumb Code     0  libinit2.o(.ARM.Collect$$libinit$$00000030)
    __rt_lib_init_exceptions_1               0x0000031b   Thumb Code     0  libinit2.o(.ARM.Collect$$libinit$$0000002E)
    __rt_lib_init_return                     0x0000031b   Thumb Code     0  libinit2.o(.ARM.Collect$$libinit$$00000031)
    __rt_lib_init_stdio_1                    0x0000031b   Thumb Code     0  libinit2.o(.ARM.Collect$$libinit$$00000023)
    __rt_lib_shutdown                        0x0000031d   Thumb Code     0  libshutdown.o(.ARM.Collect$$libshutdown$$00000000)
    __rt_lib_shutdown_stdio_2                0x0000031f   Thumb Code     0  libshutdown2.o(.ARM.Collect$$libshutdown$$00000002)
    __rt_lib_shutdown_fp_trap_1              0x00000323   Thumb Code     0  libshutdown2.o(.ARM.Collect$$libshutdown$$00000006)
    __rt_lib_shutdown_heap_1                 0x00000323   Thumb Code     0  libshutdown2.o(.ARM.Collect$$libshutdown$$0000000E)
    __rt_lib_shutdown_return                 0x00000323   Thumb Code     0  libshutdown2.o(.ARM.Collect$$libshutdown$$0000000F)
    __rt_lib_shutdown_signal_1               0x00000323   Thumb Code     0  libshutdown2.o(.ARM.Collect$$libshutdown$$00000009)
    __rt_lib_shutdown_stdio_1                0x00000323   Thumb Code     0  libshutdown2.o(.ARM.Collect$$libshutdown$$00000003)
    __rt_lib_shutdown_user_alloc_1           0x00000323   Thumb Code     0  libshutdown2.o(.ARM.Collect$$libshutdown$$0000000B)
    __rt_entry                               0x00000325   Thumb Code     0  rtentry.o(.ARM.Collect$$rtentry$$00000000)
    __rt_entry_presh_1                       0x00000325   Thumb Code     0  rtentry2.o(.ARM.Collect$$rtentry$$00000002)
    __rt_entry_sh                            0x00000325   Thumb Code     0  rtentry4.o(.ARM.Collect$$rtentry$$00000004)
    __rt_entry_li                            0x0000032b   Thumb Code     0  rtentry2.o(.ARM.Collect$$rtentry$$0000000A)
    __rt_entry_postsh_1                      0x0000032b   Thumb Code     0  rtentry2.o(.ARM.Collect$$rtentry$$00000009)
    __rt_entry_main                          0x0000032f   Thumb Code     0  rtentry2.o(.ARM.Collect$$rtentry$$0000000D)
    __rt_entry_postli_1                      0x0000032f   Thumb Code     0  rtentry2.o(.ARM.Collect$$rtentry$$0000000C)
    __rt_exit                                0x00000337   Thumb Code     0  rtexit.o(.ARM.Collect$$rtexit$$00000000)
    __rt_exit_ls                             0x00000339   Thumb Code     0  rtexit2.o(.ARM.Collect$$rtexit$$00000003)
    __rt_exit_prels_1                        0x00000339   Thumb Code     0  rtexit2.o(.ARM.Collect$$rtexit$$00000002)
    __rt_exit_exit                           0x0000033d   Thumb Code     0  rtexit2.o(.ARM.Collect$$rtexit$$00000004)
    CPUcpsid                                 0x00000345   Thumb Code     8  cpu.o(.emb_text)
    CPUprimask                               0x0000034d   Thumb Code     6  cpu.o(.emb_text)
    CPUcpsie                                 0x00000353   Thumb Code     8  cpu.o(.emb_text)
    CPUwfi                                   0x0000035b   Thumb Code     4  cpu.o(.emb_text)
    CPUbasepriSet                            0x0000035f   Thumb Code     6  cpu.o(.emb_text)
    CPUbasepriGet                            0x00000365   Thumb Code     6  cpu.o(.emb_text)
    SysCtlDelay                              0x0000036d   Thumb Code     6  sysctl.o(.emb_text)
    rt_set_PSP                               0x00000375   Thumb Code     6  hal_cm3.o(.emb_text)
    os_set_env                               0x0000037b   Thumb Code    26  hal_cm3.o(.emb_text)
    _alloc_box                               0x00000399   Thumb Code    28  hal_cm3.o(.emb_text)
    _free_box                                0x000003b9   Thumb Code    28  hal_cm3.o(.emb_text)
    SVC_Handler                              0x000003d9   Thumb Code   132  hal_cm3.o(.emb_text)
    __FS_ARM_VER                             0x00000413   Number         0  fs_finit.o ABSOLUTE
    __RTX_ARM_VER                            0x00000413   Number         0  rt_system.o ABSOLUTE
    PendSV_Handler                           0x00000469   Thumb Code     0  hal_cm3.o(.emb_text)
    Sys_Handler                              0x00000469   Thumb Code    84  hal_cm3.o(.emb_text)
    SysTick_Handler                          0x000004b5   Thumb Code     0  hal_cm3.o(.emb_text)
    __user_initial_stackheap                 0x000004c1   Thumb Code     0  startup.o(.text)
    _maybe_terminate_alloc                   0x000004c1   Thumb Code     0  maybetermalloc1.o(.emb_text)
    fat_init                                 0x000004dd   Thumb Code     4  file_config.o(.text)
    fat_find_file                            0x000004e1   Thumb Code     4  file_config.o(.text)
    fat_set_fpos                             0x000004e5   Thumb Code     4  file_config.o(.text)
    fat_read                                 0x000004e9   Thumb Code     4  file_config.o(.text)
    fat_write                                0x000004ed   Thumb Code     4  file_config.o(.text)
    fat_free                                 0x000004f1   Thumb Code     6  file_config.o(.text)
    fat_delete                               0x000004f7   Thumb Code     4  file_config.o(.text)
    fat_close_write                          0x000004fb   Thumb Code     4  file_config.o(.text)
    fat_rename                               0x000004ff   Thumb Code     4  file_config.o(.text)
    fat_create                               0x00000503   Thumb Code     4  file_config.o(.text)
    fat_format                               0x00000507   Thumb Code     4  file_config.o(.text)
    fat_ffind                                0x0000050b   Thumb Code     4  file_config.o(.text)
    _ttywrch                                 0x00000511   Thumb Code     2  retarget.o(.text)
    _sys_open                                0x00000513   Thumb Code    64  retarget.o(.text)
    _sys_close                               0x00000553   Thumb Code    22  retarget.o(.text)
    _sys_write                               0x00000569   Thumb Code    38  retarget.o(.text)
    _sys_read                                0x0000058f   Thumb Code    38  retarget.o(.text)
    _sys_istty                               0x000005b5   Thumb Code    16  retarget.o(.text)
    _sys_seek                                0x000005c5   Thumb Code    28  retarget.o(.text)
    _sys_ensure                              0x000005e1   Thumb Code    24  retarget.o(.text)
    _sys_flen                                0x000005f9   Thumb Code    36  retarget.o(.text)
    _sys_tmpnam                              0x0000061d   Thumb Code     6  retarget.o(.text)
    _sys_command_string                      0x00000623   Thumb Code     2  retarget.o(.text)
    _sys_exit                                0x00000625   Thumb Code     4  retarget.o(.text)
    ledInit_hal                              0x00000645   Thumb Code    36  hal_led.o(.text)
    ledOff_hal                               0x00000669   Thumb Code    24  hal_led.o(.text)
    ledOn_hal                                0x00000681   Thumb Code    24  hal_led.o(.text)
    sysInit_hal                              0x000006a1   Thumb Code    60  hal_system.o(.text)
    CmdLineProcess                           0x000006ed   Thumb Code   114  cmdline.o(.text)
    UARTFlushTx                              0x0000082b   Thumb Code    58  uartstdio.o(.text)
    UARTFlushRx                              0x00000865   Thumb Code    38  uartstdio.o(.text)
    UARTStdioInitExpClk                      0x0000088b   Thumb Code   188  uartstdio.o(.text)
    UARTStdioInit                            0x00000947   Thumb Code    16  uartstdio.o(.text)
    UARTwrite                                0x00000957   Thumb Code   146  uartstdio.o(.text)
    UARTgets                                 0x000009e9   Thumb Code    82  uartstdio.o(.text)
    UARTgetc                                 0x00000a3b   Thumb Code    42  uartstdio.o(.text)
    UARTprintf                               0x00000a65   Thumb Code   638  uartstdio.o(.text)
    UARTRxBytesAvail                         0x00000ce3   Thumb Code    14  uartstdio.o(.text)
    UARTTxBytesFree                          0x00000cf1   Thumb Code    20  uartstdio.o(.text)
    UARTPeek                                 0x00000d05   Thumb Code    58  uartstdio.o(.text)
    UARTEchoSet                              0x00000d3f   Thumb Code    14  uartstdio.o(.text)
    UARTStdioIntHandler                      0x00000d4d   Thumb Code   330  uartstdio.o(.text)
    Cmd_help                                 0x00000ed1   Thumb Code    48  main.o(.text)
    Cmd_format                               0x00000f01   Thumb Code    36  main.o(.text)
    Cmd_check                                0x00000f25   Thumb Code    36  main.o(.text)
    Cmd_write                                0x00000f49   Thumb Code   432  main.o(.text)
    Cmd_list                                 0x000010f9   Thumb Code    60  main.o(.text)
    Cmd_cat                                  0x00001135   Thumb Code    92  main.o(.text)
    Cmd_rename                               0x00001191   Thumb Code   988  main.o(.text)
    Cmd_rm                                   0x0000156d   Thumb Code    26  main.o(.text)
    Cmd_dummy                                0x00001587   Thumb Code    16  main.o(.text)
    main                                     0x00001597   Thumb Code    94  main.o(.text)
    os_idle_demon                            0x000016c5   Thumb Code     4  rtx_config.o(.text)
    os_tmr_call                              0x000016c9   Thumb Code     2  rtx_config.o(.text)
    os_error                                 0x000016cb   Thumb Code     4  rtx_config.o(.text)
    __user_perthread_libspace                0x000016cf   Thumb Code    26  rtx_config.o(.text)
    _mutex_initialize                        0x000016e9   Thumb Code    38  rtx_config.o(.text)
    _mutex_acquire                           0x0000170f   Thumb Code    26  rtx_config.o(.text)
    _mutex_release                           0x00001729   Thumb Code    22  rtx_config.o(.text)
    GPIODirModeSet                           0x00001839   Thumb Code    64  gpio.o(.text)
    GPIODirModeGet                           0x00001879   Thumb Code    46  gpio.o(.text)
    GPIOIntTypeSet                           0x000018a7   Thumb Code    92  gpio.o(.text)
    GPIOIntTypeGet                           0x00001903   Thumb Code    62  gpio.o(.text)
    GPIOPadConfigSet                         0x00001941   Thumb Code   262  gpio.o(.text)
    GPIOPadConfigGet                         0x00001a47   Thumb Code   196  gpio.o(.text)
    GPIOPinIntEnable                         0x00001b0b   Thumb Code    16  gpio.o(.text)
    GPIOPinIntDisable                        0x00001b1b   Thumb Code    16  gpio.o(.text)
    GPIOPinIntStatus                         0x00001b2b   Thumb Code    38  gpio.o(.text)
    GPIOPinIntClear                          0x00001b51   Thumb Code     8  gpio.o(.text)
    GPIOPortIntRegister                      0x00001b59   Thumb Code    30  gpio.o(.text)
    GPIOPortIntUnregister                    0x00001b77   Thumb Code    26  gpio.o(.text)
    GPIOPinRead                              0x00001b91   Thumb Code    12  gpio.o(.text)
    GPIOPinWrite                             0x00001b9d   Thumb Code    10  gpio.o(.text)
    GPIOPinTypeADC                           0x00001ba7   Thumb Code    30  gpio.o(.text)
    GPIOPinTypeCAN                           0x00001bc5   Thumb Code    30  gpio.o(.text)
    GPIOPinTypeComparator                    0x00001be3   Thumb Code    30  gpio.o(.text)
    GPIOPinTypeEPI                           0x00001c01   Thumb Code    30  gpio.o(.text)
    GPIOPinTypeEthernetLED                   0x00001c1f   Thumb Code    30  gpio.o(.text)
    GPIOPinTypeEthernetMII                   0x00001c3d   Thumb Code    30  gpio.o(.text)
    GPIOPinTypeFan                           0x00001c5b   Thumb Code    30  gpio.o(.text)
    GPIOPinTypeGPIOInput                     0x00001c79   Thumb Code    30  gpio.o(.text)
    GPIOPinTypeGPIOOutput                    0x00001c97   Thumb Code    30  gpio.o(.text)
    GPIOPinTypeGPIOOutputOD                  0x00001cb5   Thumb Code    30  gpio.o(.text)
    GPIOPinTypeI2C                           0x00001cd3   Thumb Code    30  gpio.o(.text)
    GPIOPinTypeI2CSCL                        0x00001cf1   Thumb Code    58  gpio.o(.text)
    GPIOPinTypeI2S                           0x00001d2b   Thumb Code    30  gpio.o(.text)
    GPIOPinTypeLPC                           0x00001d49   Thumb Code    30  gpio.o(.text)
    GPIOPinTypePECIRx                        0x00001d67   Thumb Code    30  gpio.o(.text)
    GPIOPinTypePECITx                        0x00001d85   Thumb Code    30  gpio.o(.text)
    GPIOPinTypePWM                           0x00001da3   Thumb Code    30  gpio.o(.text)
    GPIOPinTypeQEI                           0x00001dc1   Thumb Code    30  gpio.o(.text)
    GPIOPinTypeSSI                           0x00001ddf   Thumb Code    30  gpio.o(.text)
    GPIOPinTypeTimer                         0x00001dfd   Thumb Code    30  gpio.o(.text)
    GPIOPinTypeUART                          0x00001e1b   Thumb Code    30  gpio.o(.text)
    GPIOPinTypeUSBAnalog                     0x00001e39   Thumb Code    30  gpio.o(.text)
    GPIOPinTypeUSBDigital                    0x00001e57   Thumb Code    30  gpio.o(.text)
    GPIOPinConfigure                         0x00001e75   Thumb Code    74  gpio.o(.text)
    GPIODMATriggerEnable                     0x00001ebf   Thumb Code    16  gpio.o(.text)
    GPIODMATriggerDisable                    0x00001ecf   Thumb Code    16  gpio.o(.text)
    GPIOADCTriggerEnable                     0x00001edf   Thumb Code    16  gpio.o(.text)
    GPIOADCTriggerDisable                    0x00001eef   Thumb Code    16  gpio.o(.text)
    IntMasterEnable                          0x00001f15   Thumb Code    10  interrupt.o(.text)
    IntMasterDisable                         0x00001f1f   Thumb Code    10  interrupt.o(.text)
    IntRegister                              0x00001f29   Thumb Code    52  interrupt.o(.text)
    IntUnregister                            0x00001f5d   Thumb Code    10  interrupt.o(.text)
    IntPriorityGroupingSet                   0x00001f67   Thumb Code    18  interrupt.o(.text)
    IntPriorityGroupingGet                   0x00001f79   Thumb Code    36  interrupt.o(.text)
    IntPrioritySet                           0x00001f9d   Thumb Code    46  interrupt.o(.text)
    IntPriorityGet                           0x00001fcb   Thumb Code    22  interrupt.o(.text)
    IntEnable                                0x00001fe1   Thumb Code   120  interrupt.o(.text)
    IntDisable                               0x00002059   Thumb Code   120  interrupt.o(.text)
    IntPendSet                               0x000020d1   Thumb Code    98  interrupt.o(.text)
    IntPendClear                             0x00002133   Thumb Code    76  interrupt.o(.text)
    IntPriorityMaskSet                       0x0000217f   Thumb Code    12  interrupt.o(.text)
    IntPriorityMaskGet                       0x0000218b   Thumb Code     8  interrupt.o(.text)
    SysCtlSRAMSizeGet                        0x000021e1   Thumb Code    14  sysctl.o(.text)
    SysCtlFlashSizeGet                       0x000021ef   Thumb Code    14  sysctl.o(.text)
    SysCtlPinPresent                         0x000021fd   Thumb Code    18  sysctl.o(.text)
    SysCtlPeripheralPresent                  0x0000220f   Thumb Code   114  sysctl.o(.text)
    SysCtlPeripheralReady                    0x00002281   Thumb Code    56  sysctl.o(.text)
    SysCtlPeripheralPowerOn                  0x000022b9   Thumb Code    56  sysctl.o(.text)
    SysCtlPeripheralPowerOff                 0x000022f1   Thumb Code    56  sysctl.o(.text)
    SysCtlPeripheralReset                    0x00002329   Thumb Code   212  sysctl.o(.text)
    SysCtlPeripheralEnable                   0x000023fd   Thumb Code    96  sysctl.o(.text)
    SysCtlPeripheralDisable                  0x0000245d   Thumb Code    96  sysctl.o(.text)
    SysCtlPeripheralSleepEnable              0x000024bd   Thumb Code    96  sysctl.o(.text)
    SysCtlPeripheralSleepDisable             0x0000251d   Thumb Code    96  sysctl.o(.text)
    SysCtlPeripheralDeepSleepEnable          0x0000257d   Thumb Code   152  sysctl.o(.text)
    SysCtlPeripheralDeepSleepDisable         0x00002615   Thumb Code    96  sysctl.o(.text)
    SysCtlPeripheralClockGating              0x00002675   Thumb Code    30  sysctl.o(.text)
    SysCtlIntRegister                        0x00002693   Thumb Code    20  sysctl.o(.text)
    SysCtlIntUnregister                      0x000026a7   Thumb Code    16  sysctl.o(.text)
    SysCtlIntEnable                          0x000026b7   Thumb Code    12  sysctl.o(.text)
    SysCtlIntDisable                         0x000026c3   Thumb Code    12  sysctl.o(.text)
    SysCtlIntClear                           0x000026cf   Thumb Code     6  sysctl.o(.text)
    SysCtlIntStatus                          0x000026d5   Thumb Code    16  sysctl.o(.text)
    SysCtlLDOSet                             0x000026e5   Thumb Code     6  sysctl.o(.text)
    SysCtlLDOGet                             0x000026eb   Thumb Code     6  sysctl.o(.text)
    SysCtlLDOConfigSet                       0x000026f1   Thumb Code     6  sysctl.o(.text)
    SysCtlReset                              0x000026f7   Thumb Code    10  sysctl.o(.text)
    SysCtlSleep                              0x00002701   Thumb Code     8  sysctl.o(.text)
    SysCtlDeepSleep                          0x00002709   Thumb Code    40  sysctl.o(.text)
    SysCtlResetCauseGet                      0x00002731   Thumb Code     6  sysctl.o(.text)
    SysCtlResetCauseClear                    0x00002737   Thumb Code    12  sysctl.o(.text)
    SysCtlBrownOutConfigSet                  0x00002743   Thumb Code    10  sysctl.o(.text)
    SysCtlMOSCConfigSet                      0x0000274d   Thumb Code     6  sysctl.o(.text)
    SysCtlPIOSCCalibrate                     0x00002753   Thumb Code    72  sysctl.o(.text)
    SysCtlClockSet                           0x0000279b   Thumb Code   348  sysctl.o(.text)
    SysCtlClockGet                           0x000028f7   Thumb Code   610  sysctl.o(.text)
    SysCtlDeepSleepClockSet                  0x00002b59   Thumb Code     6  sysctl.o(.text)
    SysCtlPWMClockSet                        0x00002b5f   Thumb Code    16  sysctl.o(.text)
    SysCtlPWMClockGet                        0x00002b6f   Thumb Code    24  sysctl.o(.text)
    SysCtlADCSpeedSet                        0x00002b87   Thumb Code    36  sysctl.o(.text)
    SysCtlADCSpeedGet                        0x00002bab   Thumb Code    10  sysctl.o(.text)
    SysCtlIOSCVerificationSet                0x00002bb5   Thumb Code    30  sysctl.o(.text)
    SysCtlMOSCVerificationSet                0x00002bd3   Thumb Code    30  sysctl.o(.text)
    SysCtlPLLVerificationSet                 0x00002bf1   Thumb Code    30  sysctl.o(.text)
    SysCtlClkVerificationClear               0x00002c0f   Thumb Code    18  sysctl.o(.text)
    SysCtlGPIOAHBEnable                      0x00002c21   Thumb Code    14  sysctl.o(.text)
    SysCtlGPIOAHBDisable                     0x00002c2f   Thumb Code    14  sysctl.o(.text)
    SysCtlUSBPLLEnable                       0x00002c3d   Thumb Code    14  sysctl.o(.text)
    SysCtlUSBPLLDisable                      0x00002c4b   Thumb Code    14  sysctl.o(.text)
    SysCtlI2SMClkSet                         0x00002c59   Thumb Code   212  sysctl.o(.text)
    UARTParityModeSet                        0x00002d83   Thumb Code    12  uart.o(.text)
    UARTParityModeGet                        0x00002d8f   Thumb Code    10  uart.o(.text)
    UARTFIFOLevelSet                         0x00002d99   Thumb Code     8  uart.o(.text)
    UARTFIFOLevelGet                         0x00002da1   Thumb Code    18  uart.o(.text)
    UARTEnable                               0x00002db3   Thumb Code    20  uart.o(.text)
    UARTDisable                              0x00002dc7   Thumb Code    30  uart.o(.text)
    UARTConfigSetExpClk                      0x00002de5   Thumb Code    76  uart.o(.text)
    UARTConfigGetExpClk                      0x00002e31   Thumb Code    44  uart.o(.text)
    UARTFIFOEnable                           0x00002e5d   Thumb Code    10  uart.o(.text)
    UARTFIFODisable                          0x00002e67   Thumb Code    10  uart.o(.text)
    UARTEnableSIR                            0x00002e71   Thumb Code    22  uart.o(.text)
    UARTDisableSIR                           0x00002e87   Thumb Code    10  uart.o(.text)
    UARTSmartCardEnable                      0x00002e91   Thumb Code    22  uart.o(.text)
    UARTSmartCardDisable                     0x00002ea7   Thumb Code    10  uart.o(.text)
    UARTModemControlSet                      0x00002eb1   Thumb Code    12  uart.o(.text)
    UARTModemControlClear                    0x00002ebd   Thumb Code    12  uart.o(.text)
    UARTModemControlGet                      0x00002ec9   Thumb Code    10  uart.o(.text)
    UARTModemStatusGet                       0x00002ed3   Thumb Code    12  uart.o(.text)
    UARTFlowControlSet                       0x00002edf   Thumb Code    12  uart.o(.text)
    UARTFlowControlGet                       0x00002eeb   Thumb Code    10  uart.o(.text)
    UARTTxIntModeSet                         0x00002ef5   Thumb Code    12  uart.o(.text)
    UARTTxIntModeGet                         0x00002f01   Thumb Code    10  uart.o(.text)
    UARTCharsAvail                           0x00002f0b   Thumb Code    12  uart.o(.text)
    UARTSpaceAvail                           0x00002f17   Thumb Code    12  uart.o(.text)
    UARTCharGetNonBlocking                   0x00002f23   Thumb Code    20  uart.o(.text)
    UARTCharGet                              0x00002f37   Thumb Code    16  uart.o(.text)
    UARTCharPutNonBlocking                   0x00002f47   Thumb Code    20  uart.o(.text)
    UARTCharPut                              0x00002f5b   Thumb Code    14  uart.o(.text)
    UARTBreakCtl                             0x00002f69   Thumb Code    20  uart.o(.text)
    UARTBusy                                 0x00002f7d   Thumb Code    10  uart.o(.text)
    UARTIntRegister                          0x00002f87   Thumb Code    30  uart.o(.text)
    UARTIntUnregister                        0x00002fa5   Thumb Code    26  uart.o(.text)
    UARTIntEnable                            0x00002fbf   Thumb Code     8  uart.o(.text)
    UARTIntDisable                           0x00002fc7   Thumb Code     8  uart.o(.text)
    UARTIntStatus                            0x00002fcf   Thumb Code    12  uart.o(.text)
    UARTIntClear                             0x00002fdb   Thumb Code     4  uart.o(.text)
    UARTDMAEnable                            0x00002fdf   Thumb Code     8  uart.o(.text)
    UARTDMADisable                           0x00002fe7   Thumb Code     8  uart.o(.text)
    UARTRxErrorGet                           0x00002fef   Thumb Code    10  uart.o(.text)
    UARTRxErrorClear                         0x00002ff9   Thumb Code     6  uart.o(.text)
    UARTClockSourceSet                       0x00002fff   Thumb Code     8  uart.o(.text)
    UARTClockSourceGet                       0x00003007   Thumb Code    10  uart.o(.text)
    UART9BitEnable                           0x00003011   Thumb Code    14  uart.o(.text)
    UART9BitDisable                          0x0000301f   Thumb Code    14  uart.o(.text)
    UART9BitAddrSet                          0x0000302d   Thumb Code    10  uart.o(.text)
    UART9BitAddrSend                         0x00003037   Thumb Code    40  uart.o(.text)
    __user_libspace                          0x00003065   Thumb Code     8  libspace.o(.text)
    __user_perproc_libspace                  0x00003065   Thumb Code     0  libspace.o(.text)
    __semihosting$guard                      0x0000306d   Thumb Code     0  use_no_semi.o(.text)
    __use_no_semihosting_swi                 0x0000306d   Thumb Code     2  use_no_semi.o(.text)
    _fclose$unlocked                         0x0000306f   Thumb Code     0  fclose.o(.text)
    _fclose_internal                         0x0000306f   Thumb Code    76  fclose.o(.text)
    fclose                                   0x000030bd   Thumb Code    46  fclose_locked.o(.text)
    freopen                                  0x0000319f   Thumb Code    42  fopen_locked.o(.text)
    fopen                                    0x000031c9   Thumb Code   100  fopen_locked.o(.text)
    strlen                                   0x00003235   Thumb Code    62  strlen.o(.text)
    strcat                                   0x00003273   Thumb Code    24  strcat.o(.text)
    __aeabi_memcpy                           0x0000328b   Thumb Code     0  rt_memcpy_v6.o(.text)
    __rt_memcpy                              0x0000328b   Thumb Code   138  rt_memcpy_v6.o(.text)
    _memcpy_lastbytes                        0x000032f1   Thumb Code     0  rt_memcpy_v6.o(.text)
    __aeabi_memclr4                          0x00003315   Thumb Code     0  rt_memclr_w.o(.text)
    __aeabi_memclr8                          0x00003315   Thumb Code     0  rt_memclr_w.o(.text)
    __rt_memclr_w                            0x00003315   Thumb Code    78  rt_memclr_w.o(.text)
    _memset_w                                0x00003319   Thumb Code     0  rt_memclr_w.o(.text)
    strcmp                                   0x00003365   Thumb Code   128  strcmpv7m.o(.text)
    __use_two_region_memory                  0x000033e5   Thumb Code     2  heapauxi.o(.text)
    __rt_heap_escrow                         0x000033e7   Thumb Code     2  heapauxi.o(.text)
    __rt_heap_expand                         0x000033e9   Thumb Code     2  heapauxi.o(.text)
    _malloc_internal                         0x000033f3   Thumb Code   130  h1_alloc_mt.o(.text)
    malloc                                   0x00003475   Thumb Code    20  h1_alloc_mt.o(.text)
    _free_internal                           0x00003489   Thumb Code    98  h1_free_mt.o(.text)
    free                                     0x000034eb   Thumb Code    20  h1_free_mt.o(.text)
    _fseek                                   0x00003501   Thumb Code   242  fseek.o(.text)
    fseek                                    0x00003501   Thumb Code     0  fseek.o(.text)
    _seterr                                  0x000035f9   Thumb Code    20  stdio.o(.text)
    _writebuf                                0x0000360d   Thumb Code    84  stdio.o(.text)
    _fflush                                  0x00003661   Thumb Code    70  stdio.o(.text)
    _deferredlazyseek                        0x000036a7   Thumb Code    60  stdio.o(.text)
    __aeabi_memcpy4                          0x000036e9   Thumb Code     0  rt_memcpy_w.o(.text)
    __aeabi_memcpy8                          0x000036e9   Thumb Code     0  rt_memcpy_w.o(.text)
    __rt_memcpy_w                            0x000036e9   Thumb Code   100  rt_memcpy_w.o(.text)
    _memcpy_lastbytes_aligned                0x00003731   Thumb Code     0  rt_memcpy_w.o(.text)
    __rt_heap_descriptor                     0x0000374d   Thumb Code    10  rt_heap_descriptor_twolibspace.o(.text)
    __use_no_heap                            0x00003757   Thumb Code     2  hguard.o(.text)
    __heap$guard                             0x00003759   Thumb Code     2  hguard.o(.text)
    _terminate_user_alloc                    0x0000375b   Thumb Code     2  init_alloc.o(.text)
    _init_user_alloc                         0x0000375d   Thumb Code     2  init_alloc.o(.text)
    __Heap_Full                              0x0000375f   Thumb Code    34  init_alloc.o(.text)
    __Heap_Broken                            0x00003781   Thumb Code     6  init_alloc.o(.text)
    _init_alloc                              0x00003787   Thumb Code    94  init_alloc.o(.text)
    __Heap_Initialize                        0x000037e5   Thumb Code    14  h1_init_mt.o(.text)
    __Heap_DescSize                          0x000037f3   Thumb Code     4  h1_init_mt.o(.text)
    _readbuf                                 0x000037f7   Thumb Code    54  filbuf.o(.text)
    _seteof                                  0x0000382d   Thumb Code    40  filbuf.o(.text)
    __filbuf                                 0x00003855   Thumb Code   482  filbuf.o(.text)
    __filbuf_byte                            0x00003855   Thumb Code     0  filbuf.o(.text)
    __filbuf_wide                            0x00003855   Thumb Code     0  filbuf.o(.text)
    __flsbuf                                 0x00003a37   Thumb Code   478  flsbuf.o(.text)
    __flsbuf_byte                            0x00003a37   Thumb Code     0  flsbuf.o(.text)
    __flsbuf_wide                            0x00003a37   Thumb Code     0  flsbuf.o(.text)
    _ftell_internal                          0x00003c15   Thumb Code    70  ftell.o(.text)
    ftell                                    0x00003c15   Thumb Code     0  ftell.o(.text)
    _initio                                  0x00003c5d   Thumb Code   240  initio_locked.o(.text)
    _terminateio                             0x00003d4d   Thumb Code   168  initio_locked.o(.text)
    __user_setup_stackheap                   0x00003e25   Thumb Code    74  sys_stackheap_outer.o(.text)
    __aeabi_errno_addr                       0x00003e6f   Thumb Code     4  rt_errno_addr_twolibspace.o(.text)
    __errno$twolibspace                      0x00003e6f   Thumb Code     0  rt_errno_addr_twolibspace.o(.text)
    __rt_errno_addr$twolibspace              0x00003e6f   Thumb Code     0  rt_errno_addr_twolibspace.o(.text)
    __Heap_ProvideMemory                     0x00003e73   Thumb Code    62  h1_extend_mt.o(.text)
    fgets                                    0x00003eb1   Thumb Code    86  fgets_locked.o(.text)
    setvbuf                                  0x00003f07   Thumb Code   104  setvbuf_locked.o(.text)
    fwrite                                   0x00003f6f   Thumb Code   212  fwritefast_locked.o(.text)
    _flushlinebuffered                       0x00004045   Thumb Code    84  flushlinebuffered_locked.o(.text)
    exit                                     0x000040a1   Thumb Code    12  exit.o(.text)
    __rt_SIGRTRED                            0x000040ad   Thumb Code    14  defsig_rtred_outer.o(.text)
    __rt_SIGRTMEM                            0x000040bb   Thumb Code    14  defsig_rtmem_outer.o(.text)
    _do_fflush                               0x000040c9   Thumb Code    74  fflush_locked.o(.text)
    fflush                                   0x00004113   Thumb Code    60  fflush_locked.o(.text)
    __sig_exit                               0x00004159   Thumb Code    10  defsig_exit.o(.text)
    __rt_SIGRTRED_inner                      0x00004165   Thumb Code    14  defsig_rtred_inner.o(.text)
    __rt_SIGRTMEM_inner                      0x00004199   Thumb Code    22  defsig_rtmem_inner.o(.text)
    __default_signal_display                 0x000041e9   Thumb Code    50  defsig_general.o(.text)
    SVC_Count                                0x0000421c   Data           4  SVC_Table.o(SVC_TABLE)
    SVC_Table                                0x00004220   Data           0  SVC_Table.o(SVC_TABLE)
    __fclose                                 0x00004221   Thumb Code   124  _fs_fclose.o(i.__fclose)
    __flushbuf                               0x000042a5   Thumb Code   134  _fs_flushbuf.o(i.__flushbuf)
    __fopen                                  0x00004335   Thumb Code   368  _fs_fopen.o(i.__fopen)
    __getfsize                               0x000044b5   Thumb Code   170  _fs_getfsize.o(i.__getfsize)
    __read                                   0x00004565   Thumb Code   164  _fs_read.o(i.__read)
    __setfpos                                0x00004611   Thumb Code   234  _fs_setfpos.o(i.__setfpos)
    __write                                  0x00004705   Thumb Code   252  _fs_write.o(i.__write)
    _fcreate                                 0x00004809   Thumb Code   280  _fs_fcreate.o(i._fcreate)
    _fdelete                                 0x00004921   Thumb Code   130  _fs_fdelete.o(i._fdelete)
    _ffind                                   0x000049a5   Thumb Code   200  _fs_ffind.o(i._ffind)
    _frename                                 0x00004a6d   Thumb Code    76  _fs_frename.o(i._frename)
    dbg_task_switch                          0x00004ab9   Thumb Code    16  hal_cm3.o(i.dbg_task_switch)
    fcheck                                   0x00004ac9   Thumb Code   182  fs_fcheck.o(i.fcheck)
    fdelete                                  0x00004b8d   Thumb Code   124  fs_fdelete.o(i.fdelete)
    ffind                                    0x00004c15   Thumb Code   486  fs_ffind.o(i.ffind)
    fformat                                  0x00004e11   Thumb Code   162  fs_fformat.o(i.fformat)
    _fgetc$unlocked                          0x00004ec5   Thumb Code    24  fgetc.o(i.fgetc)
    finit                                    0x00004edd   Thumb Code    46  fs_finit.o(i.finit)
    fn_cmp                                   0x00004f19   Thumb Code    30  fs_lib.o(i.fn_cmp)
    frename                                  0x00004f39   Thumb Code   242  fs_frename.o(i.frename)
    fs_AllocBlock                            0x00005039   Thumb Code   162  _fs_flashio.o(i.fs_AllocBlock)
    fs_BlockFull                             0x000050db   Thumb Code    92  _fs_flashio.o(i.fs_BlockFull)
    fs_BlockInvalid                          0x00005137   Thumb Code    48  _fs_flashio.o(i.fs_BlockInvalid)
    fs_EraseSector                           0x00005167   Thumb Code     4  fs_flashprg.o(i.fs_EraseSector)
    fs_Find_File                             0x0000516b   Thumb Code   172  _fs_flashio.o(i.fs_Find_File)
    fs_Init                                  0x00005217   Thumb Code     4  fs_flashprg.o(i.fs_Init)
    fs_InitBlock                             0x0000521d   Thumb Code    68  _fs_flashio.o(i.fs_InitBlock)
    fs_ProgramPage                           0x0000526d   Thumb Code     4  fs_flashprg.o(i.fs_ProgramPage)
    fs_ReadBlock                             0x00005271   Thumb Code    28  _fs_flashio.o(i.fs_ReadBlock)
    fs_ReadData                              0x0000528d   Thumb Code    18  fs_lib.o(i.fs_ReadData)
    fs_WriteBlock                            0x0000529f   Thumb Code    58  _fs_flashio.o(i.fs_WriteBlock)
    fs_WriteData                             0x000052d9   Thumb Code    16  fs_lib.o(i.fs_WriteData)
    fs_adr_sig                               0x000052e9   Thumb Code    22  _fs_flashio.o(i.fs_adr_sig)
    fs_check_fwopen                          0x00005301   Thumb Code    56  _fs_flashio.o(i.fs_check_fwopen)
    fs_find_iob                              0x00005341   Thumb Code    42  fs_lib.o(i.fs_find_iob)
    fs_get_drive                             0x00005375   Thumb Code    80  fs_lib.o(i.fs_get_drive)
    fs_get_freeID                            0x000053c5   Thumb Code    82  _fs_flashio.o(i.fs_get_freeID)
    fs_get_freeMem                           0x00005417   Thumb Code    56  _fs_flashio.o(i.fs_get_freeMem)
    fs_mark_fileMem                          0x0000544f   Thumb Code   122  _fs_flashio.o(i.fs_mark_fileMem)
    fs_mark_freeMem                          0x000054c9   Thumb Code    62  _fs_flashio.o(i.fs_mark_freeMem)
    fs_rd_alloc                              0x00005507   Thumb Code    36  _fs_flashio.o(i.fs_rd_alloc)
    fs_rd_sig                                0x0000552b   Thumb Code    32  _fs_flashio.o(i.fs_rd_sig)
    fs_set_params                            0x0000554d   Thumb Code    70  fs_lib.o(i.fs_set_params)
    fs_spi_EraseSector                       0x000055b5   Thumb Code     4  fs_flashprg.o(i.fs_spi_EraseSector)
    fs_spi_Init                              0x000055b9   Thumb Code     4  fs_flashprg.o(i.fs_spi_Init)
    fs_spi_ProgramPage                       0x000055bd   Thumb Code     4  fs_flashprg.o(i.fs_spi_ProgramPage)
    fs_spi_ReadData                          0x000055c1   Thumb Code     4  fs_flashprg.o(i.fs_spi_ReadData)
    fs_strpos                                0x000055c5   Thumb Code    26  fs_lib.o(i.fs_strpos)
    rt_alloc_box                             0x000055e1   Thumb Code    28  rt_membox.o(i.rt_alloc_box)
    rt_block                                 0x000055fd   Thumb Code    48  rt_task.o(i.rt_block)
    rt_chk_robin                             0x00005635   Thumb Code    58  rt_robin.o(i.rt_chk_robin)
    rt_dec_dly                               0x0000567d   Thumb Code   106  rt_list.o(i.rt_dec_dly)
    rt_dispatch                              0x000056f1   Thumb Code    60  rt_task.o(i.rt_dispatch)
    rt_evt_psh                               0x00005735   Thumb Code    72  rt_event.o(i.rt_evt_psh)
    rt_free_box                              0x00005781   Thumb Code    32  rt_membox.o(i.rt_free_box)
    rt_get_first                             0x000057a1   Thumb Code    40  rt_list.o(i.rt_get_first)
    rt_mbx_psh                               0x000057c9   Thumb Code   188  rt_mailbox.o(i.rt_mbx_psh)
    rt_mut_init                              0x00005889   Thumb Code    16  rt_mutex.o(i.rt_mut_init)
    rt_mut_release                           0x00005899   Thumb Code   164  rt_mutex.o(i.rt_mut_release)
    rt_mut_wait                              0x00005945   Thumb Code    96  rt_mutex.o(i.rt_mut_wait)
    rt_pop_req                               0x000059a9   Thumb Code   114  rt_system.o(i.rt_pop_req)
    rt_put_dly                               0x00005a2d   Thumb Code    68  rt_list.o(i.rt_put_dly)
    rt_put_prio                              0x00005a75   Thumb Code    54  rt_list.o(i.rt_put_prio)
    rt_put_rdy_first                         0x00005aad   Thumb Code    14  rt_list.o(i.rt_put_rdy_first)
    rt_resort_prio                           0x00005ac1   Thumb Code    46  rt_list.o(i.rt_resort_prio)
    rt_rmv_dly                               0x00005af5   Thumb Code    40  rt_list.o(i.rt_rmv_dly)
    rt_rmv_list                              0x00005b1d   Thumb Code    44  rt_list.o(i.rt_rmv_list)
    rt_sem_psh                               0x00005b4d   Thumb Code    46  rt_semaphore.o(i.rt_sem_psh)
    rt_stk_check                             0x00005b81   Thumb Code    28  rt_system.o(i.rt_stk_check)
    rt_switch_req                            0x00005ba5   Thumb Code    30  rt_task.o(i.rt_switch_req)
    rt_systick                               0x00005bcd   Thumb Code    48  rt_system.o(i.rt_systick)
    rt_tmr_tick                              0x00005c09   Thumb Code    56  rt_timer.o(i.rt_tmr_tick)
    rt_tsk_self                              0x00005c49   Thumb Code    12  rt_task.o(i.rt_tsk_self)
    _NFILE                                   0x00005c58   Data           2  file_config.o(.constdata)
    _DEF_DRIVE                               0x00005c5a   Data           2  file_config.o(.constdata)
    _CPU_CLK                                 0x00005c5c   Data           4  file_config.o(.constdata)
    FlashDev                                 0x00005c60   Data           8  file_config.o(.constdata)
    _FlashNumSect                            0x00005c68   Data           2  file_config.o(.constdata)
    _BlockFREE                               0x00005c6c   Data           4  file_config.o(.constdata)
    _BASE_ADR                                0x00005c70   Data           4  file_config.o(.constdata)
    SpiDev                                   0x00005c74   Data           8  file_config.o(.constdata)
    _SpiNumSect                              0x00005c7c   Data           2  file_config.o(.constdata)
    _SpiBlFREE                               0x00005c80   Data           4  file_config.o(.constdata)
    RamDev                                   0x00005c84   Data          64  file_config.o(.constdata)
    _RamNumSect                              0x00005cc4   Data           2  file_config.o(.constdata)
    __stdin_name                             0x00005cc6   Data           6  retarget.o(.constdata)
    __stdout_name                            0x00005ccc   Data           7  retarget.o(.constdata)
    __stderr_name                            0x00005cd3   Data           7  retarget.o(.constdata)
    os_maxtaskrun                            0x00005d04   Data           2  rtx_config.o(.constdata)
    os_stackinfo                             0x00005d08   Data           4  rtx_config.o(.constdata)
    os_rrobin                                0x00005d0c   Data           4  rtx_config.o(.constdata)
    os_trv                                   0x00005d10   Data           4  rtx_config.o(.constdata)
    os_flags                                 0x00005d14   Data           1  rtx_config.o(.constdata)
    os_clockrate                             0x00005d18   Data           4  rtx_config.o(.constdata)
    os_timernum                              0x00005d1c   Data           4  rtx_config.o(.constdata)
    mp_tcb_size                              0x00005d20   Data           2  rtx_config.o(.constdata)
    mp_stk_size                              0x00005d24   Data           4  rtx_config.o(.constdata)
    os_fifo_size                             0x00005d28   Data           1  rtx_config.o(.constdata)
    mp_tmr_size                              0x00005d2a   Data           2  rtx_config.o(.constdata)
    Region$$Table$$Base                      0x000062c8   Number         0  anon$$obj.o(Region$$Table)
    Region$$Table$$Limit                     0x000062e8   Number         0  anon$$obj.o(Region$$Table)
    g_sCmdTable                              0x2000006c   Data          84  main.o(.data)
    m_tmr                                    0x200000c0   Data           4  rtx_config.o(.data)
    os_tsk                                   0x200000c8   Data           8  rt_task.o(.data)
    dbg_msg                                  0x200000d0   Data           1  hal_cm3.o(.data)
    os_robin                                 0x200000d4   Data           8  rt_robin.o(.data)
    os_time                                  0x200000dc   Data           2  rt_time.o(.data)
    os_tmr                                   0x200000e0   Data           8  rt_timer.o(.data)
    _stream_list_lock                        0x200000e8   Data           4  streamlock.o(.data)
    __aeabi_stdin                            0x200000ec   Data           4  stdio_streams.o(.data)
    __aeabi_stdout                           0x200000f0   Data           4  stdio_streams.o(.data)
    __aeabi_stderr                           0x200000f4   Data           4  stdio_streams.o(.data)
    _iob                                     0x2000066c   Data         832  file_config.o(.bss)
    mp_tcb                                   0x20000e90   Data         300  rtx_config.o(.bss)
    mp_stk                                   0x20000fc0   Data        1016  rtx_config.o(.bss)
    os_fifo                                  0x200013b8   Data         132  rtx_config.o(.bss)
    os_active_TCB                            0x2000143c   Data          24  rtx_config.o(.bss)
    mp_tmr                                   0x20001454   Data          44  rtx_config.o(.bss)
    os_rdy                                   0x20001720   Data          24  rt_list.o(.bss)
    os_dly                                   0x20001738   Data          24  rt_list.o(.bss)
    __libspace_start                         0x20001750   Data          96  libspace.o(.bss)
    __stdin                                  0x200017b0   Data          84  stdio_streams.o(.bss)
    __temporary_stack_top$libspace           0x200017b0   Data           0  libspace.o(.bss)
    __stdout                                 0x20001804   Data          84  stdio_streams.o(.bss)
    __stderr                                 0x20001858   Data          84  stdio_streams.o(.bss)



==============================================================================

Memory Map of the image

  Image Entry point : 0x00000279

  Load Region LR_IROM1 (Base: 0x00000000, Size: 0x00006954, Max: 0x00040000, ABSOLUTE, COMPRESSED[0x00006334])

    Execution Region ER_IROM1 (Base: 0x00000000, Size: 0x000062e8, Max: 0x00040000, ABSOLUTE)

    Base Addr    Size         Type   Attr      Idx    E Section Name        Object

    0x00000000   0x00000278   Code   RO            3    RESET               startup.o
    0x00000278   0x00000008   Code   RO         1518  * !!!main             c_w.l(__main.o)
    0x00000280   0x00000034   Code   RO         1854    !!!scatter          c_w.l(__scatter.o)
    0x000002b4   0x0000003a   Code   RO         1852    !!dczerorl          c_w.l(__dczerorl.o)
    0x000002ee   0x00000002   PAD
    0x000002f0   0x0000001c   Code   RO         1856    !!handler_zi        c_w.l(__scatter_zi.o)
    0x0000030c   0x00000002   Code   RO         1774    .ARM.Collect$$libinit$$00000000  c_w.l(libinit.o)
    0x0000030e   0x00000000   Code   RO         1667    .ARM.Collect$$libinit$$00000002  c_w.l(libinit2.o)
    0x0000030e   0x00000008   Code   RO         1668    .ARM.Collect$$libinit$$00000003  c_w.l(libinit2.o)
    0x00000316   0x00000000   Code   RO         1670    .ARM.Collect$$libinit$$00000008  c_w.l(libinit2.o)
    0x00000316   0x00000000   Code   RO         1672    .ARM.Collect$$libinit$$0000000A  c_w.l(libinit2.o)
    0x00000316   0x00000000   Code   RO         1674    .ARM.Collect$$libinit$$0000000C  c_w.l(libinit2.o)
    0x00000316   0x00000000   Code   RO         1677    .ARM.Collect$$libinit$$0000000F  c_w.l(libinit2.o)
    0x00000316   0x00000000   Code   RO         1679    .ARM.Collect$$libinit$$00000011  c_w.l(libinit2.o)
    0x00000316   0x00000000   Code   RO         1681    .ARM.Collect$$libinit$$00000013  c_w.l(libinit2.o)
    0x00000316   0x00000000   Code   RO         1683    .ARM.Collect$$libinit$$00000015  c_w.l(libinit2.o)
    0x00000316   0x00000000   Code   RO         1685    .ARM.Collect$$libinit$$00000017  c_w.l(libinit2.o)
    0x00000316   0x00000000   Code   RO         1687    .ARM.Collect$$libinit$$00000019  c_w.l(libinit2.o)
    0x00000316   0x00000000   Code   RO         1689    .ARM.Collect$$libinit$$0000001B  c_w.l(libinit2.o)
    0x00000316   0x00000000   Code   RO         1691    .ARM.Collect$$libinit$$0000001D  c_w.l(libinit2.o)
    0x00000316   0x00000000   Code   RO         1693    .ARM.Collect$$libinit$$0000001F  c_w.l(libinit2.o)
    0x00000316   0x00000000   Code   RO         1695    .ARM.Collect$$libinit$$00000021  c_w.l(libinit2.o)
    0x00000316   0x00000004   Code   RO         1696    .ARM.Collect$$libinit$$00000022  c_w.l(libinit2.o)
    0x0000031a   0x00000000   Code   RO         1697    .ARM.Collect$$libinit$$00000023  c_w.l(libinit2.o)
    0x0000031a   0x00000000   Code   RO         1701    .ARM.Collect$$libinit$$0000002A  c_w.l(libinit2.o)
    0x0000031a   0x00000000   Code   RO         1703    .ARM.Collect$$libinit$$0000002C  c_w.l(libinit2.o)
    0x0000031a   0x00000000   Code   RO         1705    .ARM.Collect$$libinit$$0000002E  c_w.l(libinit2.o)
    0x0000031a   0x00000000   Code   RO         1707    .ARM.Collect$$libinit$$00000030  c_w.l(libinit2.o)
    0x0000031a   0x00000002   Code   RO         1708    .ARM.Collect$$libinit$$00000031  c_w.l(libinit2.o)
    0x0000031c   0x00000002   Code   RO         1835    .ARM.Collect$$libshutdown$$00000000  c_w.l(libshutdown.o)
    0x0000031e   0x00000004   Code   RO         1776    .ARM.Collect$$libshutdown$$00000002  c_w.l(libshutdown2.o)
    0x00000322   0x00000000   Code   RO         1777    .ARM.Collect$$libshutdown$$00000003  c_w.l(libshutdown2.o)
    0x00000322   0x00000000   Code   RO         1780    .ARM.Collect$$libshutdown$$00000006  c_w.l(libshutdown2.o)
    0x00000322   0x00000000   Code   RO         1783    .ARM.Collect$$libshutdown$$00000009  c_w.l(libshutdown2.o)
    0x00000322   0x00000000   Code   RO         1785    .ARM.Collect$$libshutdown$$0000000B  c_w.l(libshutdown2.o)
    0x00000322   0x00000000   Code   RO         1788    .ARM.Collect$$libshutdown$$0000000E  c_w.l(libshutdown2.o)
    0x00000322   0x00000002   Code   RO         1789    .ARM.Collect$$libshutdown$$0000000F  c_w.l(libshutdown2.o)
    0x00000324   0x00000000   Code   RO         1520    .ARM.Collect$$rtentry$$00000000  c_w.l(rtentry.o)
    0x00000324   0x00000000   Code   RO         1613    .ARM.Collect$$rtentry$$00000002  c_w.l(rtentry2.o)
    0x00000324   0x00000006   Code   RO         1625    .ARM.Collect$$rtentry$$00000004  c_w.l(rtentry4.o)
    0x0000032a   0x00000000   Code   RO         1615    .ARM.Collect$$rtentry$$00000009  c_w.l(rtentry2.o)
    0x0000032a   0x00000004   Code   RO         1616    .ARM.Collect$$rtentry$$0000000A  c_w.l(rtentry2.o)
    0x0000032e   0x00000000   Code   RO         1618    .ARM.Collect$$rtentry$$0000000C  c_w.l(rtentry2.o)
    0x0000032e   0x00000008   Code   RO         1619    .ARM.Collect$$rtentry$$0000000D  c_w.l(rtentry2.o)
    0x00000336   0x00000002   Code   RO         1792    .ARM.Collect$$rtexit$$00000000  c_w.l(rtexit.o)
    0x00000338   0x00000000   Code   RO         1817    .ARM.Collect$$rtexit$$00000002  c_w.l(rtexit2.o)
    0x00000338   0x00000004   Code   RO         1818    .ARM.Collect$$rtexit$$00000003  c_w.l(rtexit2.o)
    0x0000033c   0x00000006   Code   RO         1819    .ARM.Collect$$rtexit$$00000004  c_w.l(rtexit2.o)
    0x00000342   0x00000002   PAD
    0x00000344   0x00000026   Code   RO          346    .emb_text           cpu.o
    0x0000036a   0x00000002   PAD
    0x0000036c   0x00000006   Code   RO          454    .emb_text           sysctl.o
    0x00000372   0x00000002   PAD
    0x00000374   0x0000014c   Code   RO          843    .emb_text           RTX_CM3.LIB(hal_cm3.o)
    0x000004c0   0x00000000   Code   RO         1724    .emb_text           c_w.l(maybetermalloc1.o)
    0x000004c0   0x0000001c   Code   RO            4    .text               startup.o
    0x000004dc   0x00000032   Code   RO          106    .text               file_config.o
    0x0000050e   0x00000002   PAD
    0x00000510   0x00000134   Code   RO          136    .text               retarget.o
    0x00000644   0x0000005c   Code   RO          171    .text               hal_led.o
    0x000006a0   0x0000004c   Code   RO          183    .text               hal_system.o
    0x000006ec   0x0000007c   Code   RO          207    .text               cmdline.o
    0x00000768   0x00000768   Code   RO          227    .text               uartstdio.o
    0x00000ed0   0x000007f4   Code   RO          278    .text               main.o
    0x000016c4   0x00000094   Code   RO          311    .text               rtx_config.o
    0x00001758   0x000007b8   Code   RO          373    .text               gpio.o
    0x00001f10   0x000002ac   Code   RO          422    .text               interrupt.o
    0x000021bc   0x00000ba0   Code   RO          455    .text               sysctl.o
    0x00002d5c   0x00000308   Code   RO          489    .text               uart.o
    0x00003064   0x00000008   Code   RO         1489    .text               c_w.l(libspace.o)
    0x0000306c   0x00000002   Code   RO         1492    .text               c_w.l(use_no_semi.o)
    0x0000306e   0x0000004c   Code   RO         1500    .text               c_w.l(fclose.o)
    0x000030ba   0x00000002   PAD
    0x000030bc   0x00000034   Code   RO         1502    .text               c_w.l(fclose_locked.o)
    0x000030f0   0x00000144   Code   RO         1504    .text               c_w.l(fopen_locked.o)
    0x00003234   0x0000003e   Code   RO         1506    .text               c_w.l(strlen.o)
    0x00003272   0x00000018   Code   RO         1508    .text               c_w.l(strcat.o)
    0x0000328a   0x0000008a   Code   RO         1510    .text               c_w.l(rt_memcpy_v6.o)
    0x00003314   0x0000004e   Code   RO         1512    .text               c_w.l(rt_memclr_w.o)
    0x00003362   0x00000002   PAD
    0x00003364   0x00000080   Code   RO         1514    .text               c_w.l(strcmpv7m.o)
    0x000033e4   0x00000006   Code   RO         1516    .text               c_w.l(heapauxi.o)
    0x000033ea   0x0000009e   Code   RO         1529    .text               c_w.l(h1_alloc_mt.o)
    0x00003488   0x00000076   Code   RO         1531    .text               c_w.l(h1_free_mt.o)
    0x000034fe   0x00000002   PAD
    0x00003500   0x000000f8   Code   RO         1593    .text               c_w.l(fseek.o)
    0x000035f8   0x000000f0   Code   RO         1595    .text               c_w.l(stdio.o)
    0x000036e8   0x00000064   Code   RO         1610    .text               c_w.l(rt_memcpy_w.o)
    0x0000374c   0x0000000a   Code   RO         1632    .text               c_w.l(rt_heap_descriptor_twolibspace.o)
    0x00003756   0x00000004   Code   RO         1634    .text               c_w.l(hguard.o)
    0x0000375a   0x0000008a   Code   RO         1636    .text               c_w.l(init_alloc.o)
    0x000037e4   0x00000012   Code   RO         1642    .text               c_w.l(h1_init_mt.o)
    0x000037f6   0x00000240   Code   RO         1654    .text               c_w.l(filbuf.o)
    0x00003a36   0x000001de   Code   RO         1656    .text               c_w.l(flsbuf.o)
    0x00003c14   0x00000046   Code   RO         1658    .text               c_w.l(ftell.o)
    0x00003c5a   0x00000002   PAD
    0x00003c5c   0x000001c8   Code   RO         1662    .text               c_w.l(initio_locked.o)
    0x00003e24   0x0000004a   Code   RO         1713    .text               c_w.l(sys_stackheap_outer.o)
    0x00003e6e   0x00000004   Code   RO         1720    .text               c_w.l(rt_errno_addr_twolibspace.o)
    0x00003e72   0x0000003e   Code   RO         1728    .text               c_w.l(h1_extend_mt.o)
    0x00003eb0   0x00000056   Code   RO         1740    .text               c_w.l(fgets_locked.o)
    0x00003f06   0x00000068   Code   RO         1742    .text               c_w.l(setvbuf_locked.o)
    0x00003f6e   0x000000d4   Code   RO         1748    .text               c_w.l(fwritefast_locked.o)
    0x00004042   0x00000002   PAD
    0x00004044   0x0000005c   Code   RO         1750    .text               c_w.l(flushlinebuffered_locked.o)
    0x000040a0   0x0000000c   Code   RO         1752    .text               c_w.l(exit.o)
    0x000040ac   0x0000000e   Code   RO         1754    .text               c_w.l(defsig_rtred_outer.o)
    0x000040ba   0x0000000e   Code   RO         1758    .text               c_w.l(defsig_rtmem_outer.o)
    0x000040c8   0x00000090   Code   RO         1804    .text               c_w.l(fflush_locked.o)
    0x00004158   0x0000000a   Code   RO         1806    .text               c_w.l(defsig_exit.o)
    0x00004162   0x00000002   PAD
    0x00004164   0x00000034   Code   RO         1808    .text               c_w.l(defsig_rtred_inner.o)
    0x00004198   0x00000050   Code   RO         1810    .text               c_w.l(defsig_rtmem_inner.o)
    0x000041e8   0x00000032   Code   RO         1829    .text               c_w.l(defsig_general.o)
    0x0000421a   0x00000002   PAD
    0x0000421c   0x00000004   Code   RO         1304    SVC_TABLE           RTX_CM3.LIB(SVC_Table.o)
    0x00004220   0x00000084   Code   RO          648    i.__fclose          FS_CM3.lib(_fs_fclose.o)
    0x000042a4   0x00000090   Code   RO          684    i.__flushbuf        FS_CM3.lib(_fs_flushbuf.o)
    0x00004334   0x00000180   Code   RO          618    i.__fopen           FS_CM3.lib(_fs_fopen.o)
    0x000044b4   0x000000b0   Code   RO          708    i.__getfsize        FS_CM3.lib(_fs_getfsize.o)
    0x00004564   0x000000ac   Code   RO          660    i.__read            FS_CM3.lib(_fs_read.o)
    0x00004610   0x000000f4   Code   RO          696    i.__setfpos         FS_CM3.lib(_fs_setfpos.o)
    0x00004704   0x00000104   Code   RO          672    i.__write           FS_CM3.lib(_fs_write.o)
    0x00004808   0x00000118   Code   RO          932    i._fcreate          FS_CM3.lib(_fs_fcreate.o)
    0x00004920   0x00000082   Code   RO          944    i._fdelete          FS_CM3.lib(_fs_fdelete.o)
    0x000049a2   0x00000002   PAD
    0x000049a4   0x000000c8   Code   RO          968    i._ffind            FS_CM3.lib(_fs_ffind.o)
    0x00004a6c   0x0000004c   Code   RO          956    i._frename          FS_CM3.lib(_fs_frename.o)
    0x00004ab8   0x00000010   Code   RO          846    i.dbg_task_switch   RTX_CM3.LIB(hal_cm3.o)
    0x00004ac8   0x000000c4   Code   RO          606    i.fcheck            FS_CM3.lib(fs_fcheck.o)
    0x00004b8c   0x00000088   Code   RO          545    i.fdelete           FS_CM3.lib(fs_fdelete.o)
    0x00004c14   0x000001fc   Code   RO          591    i.ffind             FS_CM3.lib(fs_ffind.o)
    0x00004e10   0x000000b4   Code   RO          579    i.fformat           FS_CM3.lib(fs_fformat.o)
    0x00004ec4   0x00000018   Code   RO         1586    i.fgetc             c_w.l(fgetc.o)
    0x00004edc   0x0000003c   Code   RO          522    i.finit             FS_CM3.lib(fs_finit.o)
    0x00004f18   0x0000001e   Code   RO          884    i.fn_cmp            FS_CM3.lib(fs_lib.o)
    0x00004f36   0x00000002   PAD
    0x00004f38   0x00000100   Code   RO          557    i.frename           FS_CM3.lib(fs_frename.o)
    0x00005038   0x000000a2   Code   RO          980    i.fs_AllocBlock     FS_CM3.lib(_fs_flashio.o)
    0x000050da   0x0000005c   Code   RO          981    i.fs_BlockFull      FS_CM3.lib(_fs_flashio.o)
    0x00005136   0x00000030   Code   RO          982    i.fs_BlockInvalid   FS_CM3.lib(_fs_flashio.o)
    0x00005166   0x00000004   Code   RO         1074    i.fs_EraseSector    FS_CM3.lib(fs_flashprg.o)
    0x0000516a   0x000000ac   Code   RO          983    i.fs_Find_File      FS_CM3.lib(_fs_flashio.o)
    0x00005216   0x00000004   Code   RO         1075    i.fs_Init           FS_CM3.lib(fs_flashprg.o)
    0x0000521a   0x00000002   PAD
    0x0000521c   0x00000050   Code   RO          984    i.fs_InitBlock      FS_CM3.lib(_fs_flashio.o)
    0x0000526c   0x00000004   Code   RO         1076    i.fs_ProgramPage    FS_CM3.lib(fs_flashprg.o)
    0x00005270   0x0000001c   Code   RO          985    i.fs_ReadBlock      FS_CM3.lib(_fs_flashio.o)
    0x0000528c   0x00000012   Code   RO          885    i.fs_ReadData       FS_CM3.lib(fs_lib.o)
    0x0000529e   0x0000003a   Code   RO          986    i.fs_WriteBlock     FS_CM3.lib(_fs_flashio.o)
    0x000052d8   0x00000010   Code   RO          886    i.fs_WriteData      FS_CM3.lib(fs_lib.o)
    0x000052e8   0x00000016   Code   RO          987    i.fs_adr_sig        FS_CM3.lib(_fs_flashio.o)
    0x000052fe   0x00000002   PAD
    0x00005300   0x00000040   Code   RO          988    i.fs_check_fwopen   FS_CM3.lib(_fs_flashio.o)
    0x00005340   0x00000034   Code   RO          887    i.fs_find_iob       FS_CM3.lib(fs_lib.o)
    0x00005374   0x00000050   Code   RO          888    i.fs_get_drive      FS_CM3.lib(fs_lib.o)
    0x000053c4   0x00000052   Code   RO          989    i.fs_get_freeID     FS_CM3.lib(_fs_flashio.o)
    0x00005416   0x00000038   Code   RO          990    i.fs_get_freeMem    FS_CM3.lib(_fs_flashio.o)
    0x0000544e   0x0000007a   Code   RO          991    i.fs_mark_fileMem   FS_CM3.lib(_fs_flashio.o)
    0x000054c8   0x0000003e   Code   RO          992    i.fs_mark_freeMem   FS_CM3.lib(_fs_flashio.o)
    0x00005506   0x00000024   Code   RO          993    i.fs_rd_alloc       FS_CM3.lib(_fs_flashio.o)
    0x0000552a   0x00000020   Code   RO          994    i.fs_rd_sig         FS_CM3.lib(_fs_flashio.o)
    0x0000554a   0x00000002   PAD
    0x0000554c   0x00000068   Code   RO          889    i.fs_set_params     FS_CM3.lib(fs_lib.o)
    0x000055b4   0x00000004   Code   RO         1077    i.fs_spi_EraseSector  FS_CM3.lib(fs_flashprg.o)
    0x000055b8   0x00000004   Code   RO         1078    i.fs_spi_Init       FS_CM3.lib(fs_flashprg.o)
    0x000055bc   0x00000004   Code   RO         1079    i.fs_spi_ProgramPage  FS_CM3.lib(fs_flashprg.o)
    0x000055c0   0x00000004   Code   RO         1080    i.fs_spi_ReadData   FS_CM3.lib(fs_flashprg.o)
    0x000055c4   0x0000001a   Code   RO          890    i.fs_strpos         FS_CM3.lib(fs_lib.o)
    0x000055de   0x00000002   PAD
    0x000055e0   0x0000001c   Code   RO         1276    i.rt_alloc_box      RTX_CM3.LIB(rt_membox.o)
    0x000055fc   0x00000038   Code   RO          720    i.rt_block          RTX_CM3.LIB(rt_task.o)
    0x00005634   0x00000048   Code   RO         1253    i.rt_chk_robin      RTX_CM3.LIB(rt_robin.o)
    0x0000567c   0x00000074   Code   RO         1174    i.rt_dec_dly        RTX_CM3.LIB(rt_list.o)
    0x000056f0   0x00000044   Code   RO          721    i.rt_dispatch       RTX_CM3.LIB(rt_task.o)
    0x00005734   0x0000004c   Code   RO         1310    i.rt_evt_psh        RTX_CM3.LIB(rt_event.o)
    0x00005780   0x00000020   Code   RO         1277    i.rt_free_box       RTX_CM3.LIB(rt_membox.o)
    0x000057a0   0x00000028   Code   RO         1175    i.rt_get_first      RTX_CM3.LIB(rt_list.o)
    0x000057c8   0x000000c0   Code   RO         1353    i.rt_mbx_psh        RTX_CM3.LIB(rt_mailbox.o)
    0x00005888   0x00000010   Code   RO          815    i.rt_mut_init       RTX_CM3.LIB(rt_mutex.o)
    0x00005898   0x000000ac   Code   RO          816    i.rt_mut_release    RTX_CM3.LIB(rt_mutex.o)
    0x00005944   0x00000064   Code   RO          817    i.rt_mut_wait       RTX_CM3.LIB(rt_mutex.o)
    0x000059a8   0x00000084   Code   RO         1123    i.rt_pop_req        RTX_CM3.LIB(rt_system.o)
    0x00005a2c   0x00000048   Code   RO         1178    i.rt_put_dly        RTX_CM3.LIB(rt_list.o)
    0x00005a74   0x00000036   Code   RO         1179    i.rt_put_prio       RTX_CM3.LIB(rt_list.o)
    0x00005aaa   0x00000002   PAD
    0x00005aac   0x00000014   Code   RO         1180    i.rt_put_rdy_first  RTX_CM3.LIB(rt_list.o)
    0x00005ac0   0x00000034   Code   RO         1181    i.rt_resort_prio    RTX_CM3.LIB(rt_list.o)
    0x00005af4   0x00000028   Code   RO         1182    i.rt_rmv_dly        RTX_CM3.LIB(rt_list.o)
    0x00005b1c   0x00000030   Code   RO         1183    i.rt_rmv_list       RTX_CM3.LIB(rt_list.o)
    0x00005b4c   0x00000034   Code   RO         1399    i.rt_sem_psh        RTX_CM3.LIB(rt_semaphore.o)
    0x00005b80   0x00000024   Code   RO         1125    i.rt_stk_check      RTX_CM3.LIB(rt_system.o)
    0x00005ba4   0x00000028   Code   RO          723    i.rt_switch_req     RTX_CM3.LIB(rt_task.o)
    0x00005bcc   0x0000003c   Code   RO         1126    i.rt_systick        RTX_CM3.LIB(rt_system.o)
    0x00005c08   0x00000040   Code   RO         1462    i.rt_tmr_tick       RTX_CM3.LIB(rt_timer.o)
    0x00005c48   0x00000010   Code   RO          729    i.rt_tsk_self       RTX_CM3.LIB(rt_task.o)
    0x00005c58   0x0000006e   Data   RO          108    .constdata          file_config.o
    0x00005cc6   0x00000014   Data   RO          137    .constdata          retarget.o
    0x00005cda   0x00000002   PAD
    0x00005cdc   0x00000028   Data   RO          229    .constdata          uartstdio.o
    0x00005d04   0x00000028   Data   RO          313    .constdata          rtx_config.o
    0x00005d2c   0x00000078   Data   RO          374    .constdata          gpio.o
    0x00005da4   0x00000104   Data   RO          423    .constdata          interrupt.o
    0x00005ea8   0x000001c4   Data   RO          456    .constdata          sysctl.o
    0x0000606c   0x00000040   Data   RO          490    .constdata          uart.o
    0x000060ac   0x00000011   Data   RO          230    .conststring        uartstdio.o
    0x000060bd   0x00000208   Data   RO          280    .conststring        main.o
    0x000062c5   0x00000003   PAD
    0x000062c8   0x00000020   Data   RO         1850    Region$$Table       anon$$obj.o


    Execution Region RW_IRAM1 (Base: 0x20000000, Size: 0x000029b0, Max: 0x00018000, ABSOLUTE, COMPRESSED[0x0000004c])

    Base Addr    Size         Type   Attr      Idx    E Section Name        Object

    0x20000000   0x0000001c   Data   RW          231    .data               uartstdio.o
    0x2000001c   0x000000a4   Data   RW          281    .data               main.o
    0x200000c0   0x00000008   Data   RW          314    .data               rtx_config.o
    0x200000c8   0x00000008   Data   RW          731    .data               RTX_CM3.LIB(rt_task.o)
    0x200000d0   0x00000001   Data   RW          848    .data               RTX_CM3.LIB(hal_cm3.o)
    0x200000d1   0x00000002   Data   RW         1129    .data               RTX_CM3.LIB(rt_system.o)
    0x200000d3   0x00000001   PAD
    0x200000d4   0x00000008   Data   RW         1255    .data               RTX_CM3.LIB(rt_robin.o)
    0x200000dc   0x00000002   Data   RW         1436    .data               RTX_CM3.LIB(rt_time.o)
    0x200000de   0x00000002   PAD
    0x200000e0   0x00000008   Data   RW         1463    .data               RTX_CM3.LIB(rt_timer.o)
    0x200000e8   0x00000004   Data   RW         1597    .data               c_w.l(streamlock.o)
    0x200000ec   0x00000004   Data   RW         1601    .data               c_w.l(stdio_streams.o)
    0x200000f0   0x00000004   Data   RW         1602    .data               c_w.l(stdio_streams.o)
    0x200000f4   0x00000004   Data   RW         1603    .data               c_w.l(stdio_streams.o)
    0x200000f8   0x00000308   PAD
    0x20000400   0x0000026c   Data   RW          424    vtable              interrupt.o
    0x2000066c   0x00000340   Zero   RW          107    .bss                file_config.o
    0x200009ac   0x00000024   Zero   RW          208    .bss                cmdline.o
    0x200009d0   0x00000480   Zero   RW          228    .bss                uartstdio.o
    0x20000e50   0x00000040   Zero   RW          279    .bss                main.o
    0x20000e90   0x00000890   Zero   RW          312    .bss                rtx_config.o
    0x20001720   0x00000030   Zero   RW         1184    .bss                RTX_CM3.LIB(rt_list.o)
    0x20001750   0x00000060   Zero   RW         1490    .bss                c_w.l(libspace.o)
    0x200017b0   0x00000054   Zero   RW         1598    .bss                c_w.l(stdio_streams.o)
    0x20001804   0x00000054   Zero   RW         1599    .bss                c_w.l(stdio_streams.o)
    0x20001858   0x00000054   Zero   RW         1600    .bss                c_w.l(stdio_streams.o)
    0x200018ac   0x00000004   PAD
    0x200018b0   0x00001000   Zero   RW            2    HEAP                startup.o
    0x200028b0   0x00000100   Zero   RW            1    STACK               startup.o


==============================================================================

Image component sizes


      Code (inc. data)   RO Data    RW Data    ZI Data      Debug   Object Name

       124         10          0          0         36       1499   cmdline.o
        38          0          0          0          0        508   cpu.o
        50          0        110          0        832       6198   file_config.o
      1976         48        120          0          0      10701   gpio.o
        92          8          0          0          0        619   hal_led.o
        76         16          0          0          0       3218   hal_system.o
       684         42        260        620          0       3796   interrupt.o
      2036       1160        520        164         64       5334   main.o
       308         28         20          0          0       8829   retarget.o
       148         26         40          8       2192       2792   rtx_config.o
         0          0          0          0          0       9516   spi_lm3s37x8.o
       660        640          0          0       4352        372   startup.o
      2982        188        452          0          0      11407   sysctl.o
       776          6         64          0          0       9848   uart.o
      1896        102         57         28       1152       7717   uartstdio.o

    ----------------------------------------------------------------------
     11852       2274       1680        820       8628      82354   Object Totals
         0          0         32          0          0          0   (incl. Generated)
         6          0          5          0          0          0   (incl. Padding)

    ----------------------------------------------------------------------

      Code (inc. data)   RO Data    RW Data    ZI Data      Debug   Library Member Name

       132          8          0          0          0        843   _fs_fclose.o
       280          0          0          0          0       1247   _fs_fcreate.o
       130          0          0          0          0        959   _fs_fdelete.o
       200          0          0          0          0       1149   _fs_ffind.o
      1116         20          0          0          0       9700   _fs_flashio.o
       144         10          0          0          0        793   _fs_flushbuf.o
       384         16          0          0          0       9879   _fs_fopen.o
        76          0          0          0          0        839   _fs_frename.o
       176          6          0          0          0       1193   _fs_getfsize.o
       172          8          0          0          0       1165   _fs_read.o
       244         10          0          0          0       1276   _fs_setfpos.o
       260          8          0          0          0       1162   _fs_write.o
       196         14          0          0          0       1069   fs_fcheck.o
       136         12          0          0          0        890   fs_fdelete.o
       508         22          0          0          0       1576   fs_ffind.o
       180         18          0          0          0       1002   fs_fformat.o
        60         14          0          0          0       8881   fs_finit.o
        28          0          0          0          0       3270   fs_flashprg.o
       256         14          0          0          0       9691   fs_frename.o
       326         44          0          0          0       3899   fs_lib.o
         4          4          0          0          0        128   SVC_Table.o
       348         34          0          1          0       1100   hal_cm3.o
        76          4          0          0          0        585   rt_event.o
       442         30          0          0         48       4254   rt_list.o
       192          4          0          0          0        733   rt_mailbox.o
        60          0          0          0          0        997   rt_membox.o
       288         12          0          0          0       1733   rt_mutex.o
        72         14          0          8          0        590   rt_robin.o
        52          6          0          0          0        505   rt_semaphore.o
       228         38          0          2          0       1477   rt_system.o
       180         30          0          8          0       4072   rt_task.o
         0          0          0          2          0        142   rt_time.o
        64          8          0          8          0        563   rt_timer.o
        58          0          0          0          0          0   __dczerorl.o
         8          0          0          0          0         68   __main.o
        52          8          0          0          0          0   __scatter.o
        28          0          0          0          0          0   __scatter_zi.o
        10          0          0          0          0         68   defsig_exit.o
        50          0          0          0          0         88   defsig_general.o
        80         58          0          0          0         76   defsig_rtmem_inner.o
        14          0          0          0          0         80   defsig_rtmem_outer.o
        52         38          0          0          0         76   defsig_rtred_inner.o
        14          0          0          0          0         80   defsig_rtred_outer.o
        12          0          0          0          0         72   exit.o
        76          0          0          0          0         88   fclose.o
        52          6          0          0          0         80   fclose_locked.o
       144         10          0          0          0        128   fflush_locked.o
        24          0          0          0          0         68   fgetc.o
        86          0          0          0          0         84   fgets_locked.o
       576          0          0          0          0        132   filbuf.o
       478          0          0          0          0         88   flsbuf.o
        92          8          0          0          0         88   flushlinebuffered_locked.o
       324          8          0          0          0        152   fopen_locked.o
       248          6          0          0          0         84   fseek.o
        70          0          0          0          0         76   ftell.o
       212          0          0          0          0         92   fwritefast_locked.o
       158          0          0          0          0        128   h1_alloc_mt.o
        62          0          0          0          0         80   h1_extend_mt.o
       118          0          0          0          0        108   h1_free_mt.o
        18          0          0          0          0         84   h1_init_mt.o
         6          0          0          0          0        152   heapauxi.o
         4          0          0          0          0        136   hguard.o
       138          0          0          0          0        168   init_alloc.o
       456         48          0          0          0        116   initio_locked.o
         2          0          0          0          0          0   libinit.o
        14          0          0          0          0          0   libinit2.o
         2          0          0          0          0          0   libshutdown.o
         6          0          0          0          0          0   libshutdown2.o
         8          4          0          0         96         68   libspace.o
         0          0          0          0          0          0   maybetermalloc1.o
         4          0          0          0          0         68   rt_errno_addr_twolibspace.o
        10          0          0          0          0         76   rt_heap_descriptor_twolibspace.o
        78          0          0          0          0         80   rt_memclr_w.o
       138          0          0          0          0         68   rt_memcpy_v6.o
       100          0          0          0          0         80   rt_memcpy_w.o
         0          0          0          0          0          0   rtentry.o
        12          0          0          0          0          0   rtentry2.o
         6          0          0          0          0          0   rtentry4.o
         2          0          0          0          0          0   rtexit.o
        10          0          0          0          0          0   rtexit2.o
       104          0          0          0          0         88   setvbuf_locked.o
       240          6          0          0          0        156   stdio.o
         0          0          0         12        252          0   stdio_streams.o
        24          0          0          0          0         68   strcat.o
       128          0          0          0          0         68   strcmpv7m.o
         0          0          0          4          0          0   streamlock.o
        62          0          0          0          0         76   strlen.o
        74          0          0          0          0         80   sys_stackheap_outer.o
         2          0          0          0          0         68   use_no_semi.o

    ----------------------------------------------------------------------
     11788        608          0        824        400      81146   Library Totals
        32          0          0        779          4          0   (incl. Padding)

    ----------------------------------------------------------------------

      Code (inc. data)   RO Data    RW Data    ZI Data      Debug   Library Name

      5004        224          0          0          0      60483   FS_CM3.lib
      2006        184          0         29         48      16879   RTX_CM3.LIB
      4746        200          0         16        348       3784   c_w.l

    ----------------------------------------------------------------------
     11788        608          0        824        400      81146   Library Totals

    ----------------------------------------------------------------------

==============================================================================


      Code (inc. data)   RO Data    RW Data    ZI Data      Debug   

     23640       2882       1680       1644       9028     156584   Grand Totals
     23640       2882       1680         76       9028     156584   ELF Image Totals (compressed)
     23640       2882       1680         76          0          0   ROM Totals

==============================================================================

    Total RO  Size (Code + RO Data)                25320 (  24.73kB)
    Total RW  Size (RW Data + ZI Data)             10672 (  10.42kB)
    Total ROM Size (Code + RO Data + RW Data)      25396 (  24.80kB)

==============================================================================

