ARM Linker, 5.03 [Build 76] [MDK-ARM Standard]

==============================================================================

Section Cross References

    startup.o(STACK) refers (Special) to heapauxi.o(.text) for __use_two_region_memory
    startup.o(HEAP) refers (Special) to heapauxi.o(.text) for __use_two_region_memory
    startup.o(RESET) refers (Special) to heapauxi.o(.text) for __use_two_region_memory
    startup.o(RESET) refers to startup.o(STACK) for StackMem
    startup.o(RESET) refers to hal_cm3.o(.emb_text) for SVC_Handler
    startup.o(RESET) refers to uartstdio.o(.text) for UARTStdioIntHandler
    startup.o(RESET) refers to sound.o(.text) for SoundIntHandler
    startup.o(RESET) refers to __main.o(!!!main) for __main
    startup.o(.text) refers (Special) to heapauxi.o(.text) for __use_two_region_memory
    startup.o(.text) refers to startup.o(HEAP) for HeapMem
    startup.o(.text) refers to startup.o(STACK) for StackMem
    retarget.o(.text) refers (Special) to use_no_semi.o(.text) for __use_no_semihosting_swi
    retarget.o(.text) refers to strcmpv7m.o(.text) for strcmp
    retarget.o(.text) refers to _fs_fopen.o(i.__fopen) for __fopen
    retarget.o(.text) refers to _fs_fclose.o(i.__fclose) for __fclose
    retarget.o(.text) refers to _fs_write.o(i.__write) for __write
    retarget.o(.text) refers to _fs_read.o(i.__read) for __read
    retarget.o(.text) refers to _fs_setfpos.o(i.__setfpos) for __setfpos
    retarget.o(.text) refers to _fs_flushbuf.o(i.__flushbuf) for __flushbuf
    retarget.o(.text) refers to _fs_getfsize.o(i.__getfsize) for __getfsize
    retarget.o(.text) refers to file_config.o(.bss) for _iob
    retarget.o(.constdata) refers (Special) to use_no_semi.o(.text) for __use_no_semihosting_swi
    spi_lm3s37x8.o(.text) refers to sysctl.o(.text) for SysCtlPeripheralEnable
    spi_lm3s37x8.o(.text) refers to gpio.o(.text) for GPIODirModeSet
    spi_lm3s37x8.o(.text) refers to ssi.o(.text) for SSIConfigSetExpClk
    hal_led.o(.text) refers to sysctl.o(.text) for SysCtlPeripheralEnable
    hal_led.o(.text) refers to gpio.o(.text) for GPIOPinTypeGPIOOutput
    hal_system.o(.text) refers to sysctl.o(.text) for SysCtlPeripheralEnable
    hal_system.o(.text) refers to interrupt.o(.text) for IntMasterEnable
    hal_system.o(.text) refers to uart.o(.text) for UARTEnable
    hal_system.o(.text) refers to gpio.o(.text) for GPIOPinTypeUART
    hal_system.o(.text) refers to uartstdio.o(.text) for UARTStdioInit
    hal_system.o(.text) refers to sysctl.o(.emb_text) for SysCtlDelay
    hal_system.o(.text) refers to udma.o(.text) for uDMAControlBaseSet
    hal_system.o(.text) refers to hal_system.o(.bss) for sDMAControlTable
    cmdline.o(.text) refers to strcmpv7m.o(.text) for strcmp
    cmdline.o(.text) refers to cmdline.o(.bss) for argv
    cmdline.o(.text) refers to main.o(.data) for g_sCmdTable
    uartstdio.o(.text) refers to uartstdio.o(.data) for g_ulUARTTxWriteIndex
    uartstdio.o(.text) refers to uartstdio.o(.constdata) for g_ulUARTInt
    uartstdio.o(.text) refers to uartstdio.o(.bss) for g_pcUARTTxBuffer
    uartstdio.o(.constdata) refers to uartstdio.o(.conststring) for .conststring
    ustdlib.o(.text) refers to ustdlib.o(.constdata) for g_pcHex
    ustdlib.o(.text) refers to ustdlib.o(.data) for g_ulRandomSeed
    ustdlib.o(.constdata) refers to ustdlib.o(.conststring) for .conststring
    sound.o(.text) refers to interrupt.o(.text) for IntDisable
    sound.o(.text) refers to udma.o(.text) for uDMAChannelTransferSet
    sound.o(.text) refers to i2s.o(.text) for I2STxEnable
    sound.o(.text) refers to sysctl.o(.text) for SysCtlPeripheralEnable
    sound.o(.text) refers to gpio.o(.text) for GPIOPinTypeI2S
    sound.o(.text) refers to tlv320aic23b.o(.text) for TLV320AIC23BInit
    sound.o(.text) refers to sound.o(.data) for g_sSample
    sound.o(.text) refers to sound.o(.bss) for g_pulTxBuf
    tlv320aic23b.o(.text) refers to i2c.o(.text) for I2CMasterSlaveAddrSet
    tlv320aic23b.o(.text) refers to sysctl.o(.text) for SysCtlPeripheralEnable
    tlv320aic23b.o(.text) refers to gpio.o(.text) for GPIOPinTypeGPIOInput
    tlv320aic23b.o(.text) refers to sysctl.o(.emb_text) for SysCtlDelay
    tlv320aic23b.o(.text) refers to tlv320aic23b.o(.data) for g_ucHPVolume
    tlv320aic23b.o(.text) refers to tlv320aic23b.o(.constdata) for pucVolumeTable
    main.o(.text) refers to uartstdio.o(.text) for UARTprintf
    main.o(.text) refers to strcpy.o(.text) for strcpy
    main.o(.text) refers to fs_ffind.o(i.ffind) for ffind
    main.o(.text) refers to fopen_locked.o(.text) for fopen
    main.o(.text) refers to fgetc_locked.o(.text) for fgetc
    main.o(.text) refers to feof_locked.o(.text) for feof
    main.o(.text) refers to fclose_locked.o(.text) for fclose
    main.o(.text) refers to freadfast_locked.o(.text) for fread
    main.o(.text) refers to sound.o(.text) for SoundSetFormat
    main.o(.text) refers to interrupt.o(.text) for IntDisable
[...]
    _sys_flen                                0x000005c5   Thumb Code    36  retarget.o(.text)
    _sys_tmpnam                              0x000005e9   Thumb Code     6  retarget.o(.text)
    _sys_command_string                      0x000005ef   Thumb Code     2  retarget.o(.text)
    _sys_exit                                0x000005f1   Thumb Code     4  retarget.o(.text)
    spi_init                                 0x00000611   Thumb Code   118  spi_lm3s37x8.o(.text)
    spi_hi_speed                             0x00000687   Thumb Code    52  spi_lm3s37x8.o(.text)
    spi_ss                                   0x000006bb   Thumb Code    16  spi_lm3s37x8.o(.text)
    spi_send                                 0x000006cb   Thumb Code    38  spi_lm3s37x8.o(.text)
    ledInit_hal                              0x00000705   Thumb Code    36  hal_led.o(.text)
    ledOff_hal                               0x00000729   Thumb Code    24  hal_led.o(.text)
    ledOn_hal                                0x00000741   Thumb Code    24  hal_led.o(.text)
    led_gn_off_hal                           0x00000759   Thumb Code    14  hal_led.o(.text)
    led_gn_on_hal                            0x00000767   Thumb Code    14  hal_led.o(.text)
    led_or_off_hal                           0x00000775   Thumb Code    14  hal_led.o(.text)
    led_or_on_hal                            0x00000783   Thumb Code    14  hal_led.o(.text)
    PinoutSet                                0x00000799   Thumb Code    64  hal_system.o(.text)
    sysInit_hal                              0x000007d9   Thumb Code    86  hal_system.o(.text)
    CmdLineProcess                           0x00000851   Thumb Code   114  cmdline.o(.text)
    UARTFlushTx                              0x0000098f   Thumb Code    58  uartstdio.o(.text)
    UARTFlushRx                              0x000009c9   Thumb Code    38  uartstdio.o(.text)
    UARTStdioInitExpClk                      0x000009ef   Thumb Code   188  uartstdio.o(.text)
    UARTStdioInit                            0x00000aab   Thumb Code    16  uartstdio.o(.text)
    UARTwrite                                0x00000abb   Thumb Code   146  uartstdio.o(.text)
    UARTgets                                 0x00000b4d   Thumb Code    82  uartstdio.o(.text)
    UARTgetc                                 0x00000b9f   Thumb Code    42  uartstdio.o(.text)
    UARTprintf                               0x00000bc9   Thumb Code   638  uartstdio.o(.text)
    UARTRxBytesAvail                         0x00000e47   Thumb Code    14  uartstdio.o(.text)
    UARTTxBytesFree                          0x00000e55   Thumb Code    20  uartstdio.o(.text)
    UARTPeek                                 0x00000e69   Thumb Code    58  uartstdio.o(.text)
    UARTEchoSet                              0x00000ea3   Thumb Code    14  uartstdio.o(.text)
    UARTStdioIntHandler                      0x00000eb1   Thumb Code   330  uartstdio.o(.text)
    SoundBufferPlay                          0x0000115d   Thumb Code   296  sound.o(.text)
    SoundInit                                0x000012b7   Thumb Code   172  sound.o(.text)
    SoundIntHandler                          0x00001363   Thumb Code   388  sound.o(.text)
    SoundSetFormat                           0x000014e7   Thumb Code   464  sound.o(.text)
    SoundPlay                                0x000016b7   Thumb Code    84  sound.o(.text)
    SoundSampleRateGet                       0x0000170b   Thumb Code     6  sound.o(.text)
    SoundBufferRead                          0x00001711   Thumb Code   306  sound.o(.text)
    SoundVolumeSet                           0x00001843   Thumb Code    16  sound.o(.text)
    SoundVolumeDown                          0x00001853   Thumb Code    40  sound.o(.text)
    SoundVolumeGet                           0x0000187b   Thumb Code   154  sound.o(.text)
    SoundVolumeUp                            0x00001915   Thumb Code    36  sound.o(.text)
    TLV320AIC23BLineInVolumeSet              0x000019d9   Thumb Code    22  tlv320aic23b.o(.text)
    TLV320AIC23BHeadPhoneVolumeSet           0x000019ef   Thumb Code    66  tlv320aic23b.o(.text)
    TLV320AIC23BInit                         0x00001a31   Thumb Code   182  tlv320aic23b.o(.text)
    TLV320AIC23BHeadPhoneVolumeGet           0x00001ae7   Thumb Code     6  tlv320aic23b.o(.text)
    Cmd_help                                 0x00001b05   Thumb Code    48  main.o(.text)
    Cmd_play                                 0x00001b35   Thumb Code    38  main.o(.text)
    Cmd_stop                                 0x00001b5b   Thumb Code    16  main.o(.text)
    Cmd_ls                                   0x00001b6b   Thumb Code    60  main.o(.text)
    Cmd_cat                                  0x00001ba7   Thumb Code    94  main.o(.text)
    BufferCallback                           0x00001c05   Thumb Code    52  main.o(.text)
    WaveOpen                                 0x00001c39   Thumb Code   352  main.o(.text)
    Convert8Bit                              0x00001d99   Thumb Code    20  main.o(.text)
    WaveRead                                 0x00001dad   Thumb Code    84  main.o(.text)
    WavePlay                                 0x00001e01   Thumb Code   164  main.o(.text)
    task2_audio                              0x00001ea5   Thumb Code   428  main.o(.text)
    task1_uart                               0x00002051   Thumb Code    76  main.o(.text)
    rtos_init_task                           0x0000209d   Thumb Code    28  main.o(.text)
    main                                     0x000020b9   Thumb Code    50  main.o(.text)
    os_idle_demon                            0x0000219d   Thumb Code     4  rtx_config.o(.text)
    os_tmr_call                              0x000021a1   Thumb Code     2  rtx_config.o(.text)
    os_error                                 0x000021a3   Thumb Code     4  rtx_config.o(.text)
    __user_perthread_libspace                0x000021a7   Thumb Code    26  rtx_config.o(.text)
    _mutex_initialize                        0x000021c1   Thumb Code    38  rtx_config.o(.text)
    _mutex_acquire                           0x000021e7   Thumb Code    26  rtx_config.o(.text)
    _mutex_release                           0x00002201   Thumb Code    22  rtx_config.o(.text)
    GPIODirModeSet                           0x00002311   Thumb Code    64  gpio.o(.text)
    GPIODirModeGet                           0x00002351   Thumb Code    46  gpio.o(.text)
    GPIOIntTypeSet                           0x0000237f   Thumb Code    92  gpio.o(.text)
    GPIOIntTypeGet                           0x000023db   Thumb Code    62  gpio.o(.text)
    GPIOPadConfigSet                         0x00002419   Thumb Code   262  gpio.o(.text)
    GPIOPadConfigGet                         0x0000251f   Thumb Code   196  gpio.o(.text)
    GPIOPinIntEnable                         0x000025e3   Thumb Code    16  gpio.o(.text)
    GPIOPinIntDisable                        0x000025f3   Thumb Code    16  gpio.o(.text)
    GPIOPinIntStatus                         0x00002603   Thumb Code    38  gpio.o(.text)
    GPIOPinIntClear                          0x00002629   Thumb Code     8  gpio.o(.text)
    GPIOPortIntRegister                      0x00002631   Thumb Code    30  gpio.o(.text)
    GPIOPortIntUnregister                    0x0000264f   Thumb Code    26  gpio.o(.text)
    GPIOPinRead                              0x00002669   Thumb Code    12  gpio.o(.text)
    GPIOPinWrite                             0x00002675   Thumb Code    10  gpio.o(.text)
    GPIOPinTypeADC                           0x0000267f   Thumb Code    30  gpio.o(.text)
    GPIOPinTypeCAN                           0x0000269d   Thumb Code    30  gpio.o(.text)
    GPIOPinTypeComparator                    0x000026bb   Thumb Code    30  gpio.o(.text)
    GPIOPinTypeEPI                           0x000026d9   Thumb Code    30  gpio.o(.text)
    GPIOPinTypeEthernetLED                   0x000026f7   Thumb Code    30  gpio.o(.text)
    GPIOPinTypeEthernetMII                   0x00002715   Thumb Code    30  gpio.o(.text)
    GPIOPinTypeFan                           0x00002733   Thumb Code    30  gpio.o(.text)
    GPIOPinTypeGPIOInput                     0x00002751   Thumb Code    30  gpio.o(.text)
    GPIOPinTypeGPIOOutput                    0x0000276f   Thumb Code    30  gpio.o(.text)
    GPIOPinTypeGPIOOutputOD                  0x0000278d   Thumb Code    30  gpio.o(.text)
    GPIOPinTypeI2C                           0x000027ab   Thumb Code    30  gpio.o(.text)
    GPIOPinTypeI2CSCL                        0x000027c9   Thumb Code    58  gpio.o(.text)
    GPIOPinTypeI2S                           0x00002803   Thumb Code    30  gpio.o(.text)
    GPIOPinTypeLPC                           0x00002821   Thumb Code    30  gpio.o(.text)
    GPIOPinTypePECIRx                        0x0000283f   Thumb Code    30  gpio.o(.text)
    GPIOPinTypePECITx                        0x0000285d   Thumb Code    30  gpio.o(.text)
    GPIOPinTypePWM                           0x0000287b   Thumb Code    30  gpio.o(.text)
    GPIOPinTypeQEI                           0x00002899   Thumb Code    30  gpio.o(.text)
    GPIOPinTypeSSI                           0x000028b7   Thumb Code    30  gpio.o(.text)
    GPIOPinTypeTimer                         0x000028d5   Thumb Code    30  gpio.o(.text)
    GPIOPinTypeUART                          0x000028f3   Thumb Code    30  gpio.o(.text)
    GPIOPinTypeUSBAnalog                     0x00002911   Thumb Code    30  gpio.o(.text)
    GPIOPinTypeUSBDigital                    0x0000292f   Thumb Code    30  gpio.o(.text)
    GPIOPinConfigure                         0x0000294d   Thumb Code    74  gpio.o(.text)
    GPIODMATriggerEnable                     0x00002997   Thumb Code    16  gpio.o(.text)
    GPIODMATriggerDisable                    0x000029a7   Thumb Code    16  gpio.o(.text)
    GPIOADCTriggerEnable                     0x000029b7   Thumb Code    16  gpio.o(.text)
    GPIOADCTriggerDisable                    0x000029c7   Thumb Code    16  gpio.o(.text)
    I2CMasterEnable                          0x00002a0f   Thumb Code    10  i2c.o(.text)
    I2CMasterInitExpClk                      0x00002a19   Thumb Code    48  i2c.o(.text)
    I2CSlaveEnable                           0x00002a49   Thumb Code    30  i2c.o(.text)
    I2CSlaveInit                             0x00002a67   Thumb Code    16  i2c.o(.text)
    I2CSlaveAddressSet                       0x00002a77   Thumb Code    24  i2c.o(.text)
    I2CMasterDisable                         0x00002a8f   Thumb Code    10  i2c.o(.text)
    I2CSlaveDisable                          0x00002a99   Thumb Code    30  i2c.o(.text)
    I2CIntRegister                           0x00002ab7   Thumb Code    30  i2c.o(.text)
    I2CIntUnregister                         0x00002ad5   Thumb Code    26  i2c.o(.text)
    I2CMasterIntEnable                       0x00002aef   Thumb Code     6  i2c.o(.text)
    I2CMasterIntEnableEx                     0x00002af5   Thumb Code     8  i2c.o(.text)
    I2CSlaveIntEnable                        0x00002afd   Thumb Code    10  i2c.o(.text)
    I2CSlaveIntEnableEx                      0x00002b07   Thumb Code     8  i2c.o(.text)
    I2CMasterIntDisable                      0x00002b0f   Thumb Code     6  i2c.o(.text)
    I2CMasterIntDisableEx                    0x00002b15   Thumb Code     8  i2c.o(.text)
    I2CSlaveIntDisable                       0x00002b1d   Thumb Code    10  i2c.o(.text)
    I2CSlaveIntDisableEx                     0x00002b27   Thumb Code     8  i2c.o(.text)
    I2CMasterIntStatus                       0x00002b2f   Thumb Code    28  i2c.o(.text)
    I2CMasterIntStatusEx                     0x00002b4b   Thumb Code    12  i2c.o(.text)
    I2CSlaveIntStatus                        0x00002b57   Thumb Code    28  i2c.o(.text)
    I2CSlaveIntStatusEx                      0x00002b73   Thumb Code    46  i2c.o(.text)
    I2CMasterIntClear                        0x00002ba1   Thumb Code     8  i2c.o(.text)
    I2CMasterIntClearEx                      0x00002ba9   Thumb Code     4  i2c.o(.text)
    I2CSlaveIntClear                         0x00002bad   Thumb Code     6  i2c.o(.text)
    I2CSlaveIntClearEx                       0x00002bb3   Thumb Code     4  i2c.o(.text)
    I2CMasterSlaveAddrSet                    0x00002bb7   Thumb Code     8  i2c.o(.text)
    I2CMasterLineStateGet                    0x00002bbf   Thumb Code     6  i2c.o(.text)
    I2CMasterBusy                            0x00002bc5   Thumb Code    18  i2c.o(.text)
    I2CMasterBusBusy                         0x00002bd7   Thumb Code    18  i2c.o(.text)
    I2CMasterControl                         0x00002be9   Thumb Code     4  i2c.o(.text)
    I2CMasterErr                             0x00002bed   Thumb Code    30  i2c.o(.text)
    I2CMasterDataPut                         0x00002c0b   Thumb Code     4  i2c.o(.text)
    I2CMasterDataGet                         0x00002c0f   Thumb Code     6  i2c.o(.text)
    I2CMasterTimeoutSet                      0x00002c15   Thumb Code     4  i2c.o(.text)
    I2CSlaveACKOverride                      0x00002c19   Thumb Code    22  i2c.o(.text)
    I2CSlaveACKValueSet                      0x00002c2f   Thumb Code    22  i2c.o(.text)
    I2CSlaveStatus                           0x00002c45   Thumb Code     6  i2c.o(.text)
    I2CSlaveDataPut                          0x00002c4b   Thumb Code     4  i2c.o(.text)
    I2CSlaveDataGet                          0x00002c4f   Thumb Code     6  i2c.o(.text)
    I2STxEnable                              0x00002c75   Thumb Code    22  i2s.o(.text)
    I2STxDisable                             0x00002c8b   Thumb Code    18  i2s.o(.text)
    I2STxDataPut                             0x00002c9d   Thumb Code    12  i2s.o(.text)
    I2STxDataPutNonBlocking                  0x00002ca9   Thumb Code    18  i2s.o(.text)
    I2STxConfigSet                           0x00002cbb   Thumb Code    28  i2s.o(.text)
    I2STxFIFOLimitSet                        0x00002cd7   Thumb Code     4  i2s.o(.text)
    I2STxFIFOLimitGet                        0x00002cdb   Thumb Code     6  i2s.o(.text)
    I2STxFIFOLevelGet                        0x00002ce1   Thumb Code     6  i2s.o(.text)
    I2SRxEnable                              0x00002ce7   Thumb Code    26  i2s.o(.text)
    I2SRxDisable                             0x00002d01   Thumb Code    18  i2s.o(.text)
    I2SRxDataGet                             0x00002d13   Thumb Code    22  i2s.o(.text)
    I2SRxDataGetNonBlocking                  0x00002d29   Thumb Code    26  i2s.o(.text)
    I2SRxConfigSet                           0x00002d43   Thumb Code    74  i2s.o(.text)
    I2SRxFIFOLimitSet                        0x00002d8d   Thumb Code     8  i2s.o(.text)
    I2SRxFIFOLimitGet                        0x00002d95   Thumb Code    16  i2s.o(.text)
    I2SRxFIFOLevelGet                        0x00002da5   Thumb Code    10  i2s.o(.text)
    I2STxRxEnable                            0x00002daf   Thumb Code    30  i2s.o(.text)
    I2STxRxDisable                           0x00002dcd   Thumb Code    18  i2s.o(.text)
    I2STxRxConfigSet                         0x00002ddf   Thumb Code    86  i2s.o(.text)
    I2SMasterClockSelect                     0x00002e35   Thumb Code    24  i2s.o(.text)
    I2SIntEnable                             0x00002e4d   Thumb Code    16  i2s.o(.text)
    I2SIntDisable                            0x00002e5d   Thumb Code    16  i2s.o(.text)
    I2SIntStatus                             0x00002e6d   Thumb Code    20  i2s.o(.text)
    I2SIntClear                              0x00002e81   Thumb Code     8  i2s.o(.text)
    I2SIntRegister                           0x00002e89   Thumb Code    22  i2s.o(.text)
    I2SIntUnregister                         0x00002e9f   Thumb Code    18  i2s.o(.text)
    IntMasterEnable                          0x00002eb5   Thumb Code    10  interrupt.o(.text)
    IntMasterDisable                         0x00002ebf   Thumb Code    10  interrupt.o(.text)
    IntRegister                              0x00002ec9   Thumb Code    52  interrupt.o(.text)
    IntUnregister                            0x00002efd   Thumb Code    10  interrupt.o(.text)
    IntPriorityGroupingSet                   0x00002f07   Thumb Code    18  interrupt.o(.text)
    IntPriorityGroupingGet                   0x00002f19   Thumb Code    36  interrupt.o(.text)
    IntPrioritySet                           0x00002f3d   Thumb Code    46  interrupt.o(.text)
    IntPriorityGet                           0x00002f6b   Thumb Code    22  interrupt.o(.text)
    IntEnable                                0x00002f81   Thumb Code   120  interrupt.o(.text)
    IntDisable                               0x00002ff9   Thumb Code   120  interrupt.o(.text)
    IntPendSet                               0x00003071   Thumb Code    98  interrupt.o(.text)
    IntPendClear                             0x000030d3   Thumb Code    76  interrupt.o(.text)
    IntPriorityMaskSet                       0x0000311f   Thumb Code    12  interrupt.o(.text)
    IntPriorityMaskGet                       0x0000312b   Thumb Code     8  interrupt.o(.text)
    SSIConfigSetExpClk                       0x00003183   Thumb Code   102  ssi.o(.text)
    SSIEnable                                0x000031e9   Thumb Code    10  ssi.o(.text)
    SSIDisable                               0x000031f3   Thumb Code    10  ssi.o(.text)
    SSIIntRegister                           0x000031fd   Thumb Code    30  ssi.o(.text)
    SSIIntUnregister                         0x0000321b   Thumb Code    26  ssi.o(.text)
    SSIIntEnable                             0x00003235   Thumb Code     8  ssi.o(.text)
    SSIIntDisable                            0x0000323d   Thumb Code     8  ssi.o(.text)
    SSIIntStatus                             0x00003245   Thumb Code    12  ssi.o(.text)
    SSIIntClear                              0x00003251   Thumb Code     4  ssi.o(.text)
    SSIDataPut                               0x00003255   Thumb Code    14  ssi.o(.text)
    SSIDataPutNonBlocking                    0x00003263   Thumb Code    20  ssi.o(.text)
    SSIDataGet                               0x00003277   Thumb Code    16  ssi.o(.text)
    SSIDataGetNonBlocking                    0x00003287   Thumb Code    22  ssi.o(.text)
    SSIDMAEnable                             0x0000329d   Thumb Code     8  ssi.o(.text)
    SSIDMADisable                            0x000032a5   Thumb Code     8  ssi.o(.text)
    SSIBusy                                  0x000032ad   Thumb Code    10  ssi.o(.text)
    SSIClockSourceSet                        0x000032b7   Thumb Code     8  ssi.o(.text)
    SSIClockSourceGet                        0x000032bf   Thumb Code    10  ssi.o(.text)
    SysCtlSRAMSizeGet                        0x000032f1   Thumb Code    14  sysctl.o(.text)
    SysCtlFlashSizeGet                       0x000032ff   Thumb Code    14  sysctl.o(.text)
    SysCtlPinPresent                         0x0000330d   Thumb Code    18  sysctl.o(.text)
    SysCtlPeripheralPresent                  0x0000331f   Thumb Code   114  sysctl.o(.text)
    SysCtlPeripheralReady                    0x00003391   Thumb Code    56  sysctl.o(.text)
    SysCtlPeripheralPowerOn                  0x000033c9   Thumb Code    56  sysctl.o(.text)
    SysCtlPeripheralPowerOff                 0x00003401   Thumb Code    56  sysctl.o(.text)
    SysCtlPeripheralReset                    0x00003439   Thumb Code   212  sysctl.o(.text)
    SysCtlPeripheralEnable                   0x0000350d   Thumb Code    96  sysctl.o(.text)
    SysCtlPeripheralDisable                  0x0000356d   Thumb Code    96  sysctl.o(.text)
    SysCtlPeripheralSleepEnable              0x000035cd   Thumb Code    96  sysctl.o(.text)
    SysCtlPeripheralSleepDisable             0x0000362d   Thumb Code    96  sysctl.o(.text)
    SysCtlPeripheralDeepSleepEnable          0x0000368d   Thumb Code   152  sysctl.o(.text)
    SysCtlPeripheralDeepSleepDisable         0x00003725   Thumb Code    96  sysctl.o(.text)
    SysCtlPeripheralClockGating              0x00003785   Thumb Code    30  sysctl.o(.text)
    SysCtlIntRegister                        0x000037a3   Thumb Code    20  sysctl.o(.text)
    SysCtlIntUnregister                      0x000037b7   Thumb Code    16  sysctl.o(.text)
    SysCtlIntEnable                          0x000037c7   Thumb Code    12  sysctl.o(.text)
    SysCtlIntDisable                         0x000037d3   Thumb Code    12  sysctl.o(.text)
    SysCtlIntClear                           0x000037df   Thumb Code     6  sysctl.o(.text)
    SysCtlIntStatus                          0x000037e5   Thumb Code    16  sysctl.o(.text)
    SysCtlLDOSet                             0x000037f5   Thumb Code     6  sysctl.o(.text)
    SysCtlLDOGet                             0x000037fb   Thumb Code     6  sysctl.o(.text)
    SysCtlLDOConfigSet                       0x00003801   Thumb Code     6  sysctl.o(.text)
    SysCtlReset                              0x00003807   Thumb Code    10  sysctl.o(.text)
    SysCtlSleep                              0x00003811   Thumb Code     8  sysctl.o(.text)
    SysCtlDeepSleep                          0x00003819   Thumb Code    40  sysctl.o(.text)
    SysCtlResetCauseGet                      0x00003841   Thumb Code     6  sysctl.o(.text)
    SysCtlResetCauseClear                    0x00003847   Thumb Code    12  sysctl.o(.text)
    SysCtlBrownOutConfigSet                  0x00003853   Thumb Code    10  sysctl.o(.text)
    SysCtlMOSCConfigSet                      0x0000385d   Thumb Code     6  sysctl.o(.text)
    SysCtlPIOSCCalibrate                     0x00003863   Thumb Code    72  sysctl.o(.text)
    SysCtlClockSet                           0x000038ab   Thumb Code   348  sysctl.o(.text)
    SysCtlClockGet                           0x00003a07   Thumb Code   610  sysctl.o(.text)
    SysCtlDeepSleepClockSet                  0x00003c69   Thumb Code     6  sysctl.o(.text)
    SysCtlPWMClockSet                        0x00003c6f   Thumb Code    16  sysctl.o(.text)
    SysCtlPWMClockGet                        0x00003c7f   Thumb Code    24  sysctl.o(.text)
    SysCtlADCSpeedSet                        0x00003c97   Thumb Code    36  sysctl.o(.text)
    SysCtlADCSpeedGet                        0x00003cbb   Thumb Code    10  sysctl.o(.text)
    SysCtlIOSCVerificationSet                0x00003cc5   Thumb Code    30  sysctl.o(.text)
    SysCtlMOSCVerificationSet                0x00003ce3   Thumb Code    30  sysctl.o(.text)
    SysCtlPLLVerificationSet                 0x00003d01   Thumb Code    30  sysctl.o(.text)
    SysCtlClkVerificationClear               0x00003d1f   Thumb Code    18  sysctl.o(.text)
    SysCtlGPIOAHBEnable                      0x00003d31   Thumb Code    14  sysctl.o(.text)
    SysCtlGPIOAHBDisable                     0x00003d3f   Thumb Code    14  sysctl.o(.text)
    SysCtlUSBPLLEnable                       0x00003d4d   Thumb Code    14  sysctl.o(.text)
    SysCtlUSBPLLDisable                      0x00003d5b   Thumb Code    14  sysctl.o(.text)
    SysCtlI2SMClkSet                         0x00003d69   Thumb Code   212  sysctl.o(.text)
    UARTParityModeSet                        0x00003e93   Thumb Code    12  uart.o(.text)
    UARTParityModeGet                        0x00003e9f   Thumb Code    10  uart.o(.text)
    UARTFIFOLevelSet                         0x00003ea9   Thumb Code     8  uart.o(.text)
    UARTFIFOLevelGet                         0x00003eb1   Thumb Code    18  uart.o(.text)
    UARTEnable                               0x00003ec3   Thumb Code    20  uart.o(.text)
    UARTDisable                              0x00003ed7   Thumb Code    30  uart.o(.text)
    UARTConfigSetExpClk                      0x00003ef5   Thumb Code    76  uart.o(.text)
    UARTConfigGetExpClk                      0x00003f41   Thumb Code    44  uart.o(.text)
    UARTFIFOEnable                           0x00003f6d   Thumb Code    10  uart.o(.text)
    UARTFIFODisable                          0x00003f77   Thumb Code    10  uart.o(.text)
    UARTEnableSIR                            0x00003f81   Thumb Code    22  uart.o(.text)
    UARTDisableSIR                           0x00003f97   Thumb Code    10  uart.o(.text)
    UARTSmartCardEnable                      0x00003fa1   Thumb Code    22  uart.o(.text)
    UARTSmartCardDisable                     0x00003fb7   Thumb Code    10  uart.o(.text)
    UARTModemControlSet                      0x00003fc1   Thumb Code    12  uart.o(.text)
    UARTModemControlClear                    0x00003fcd   Thumb Code    12  uart.o(.text)
    UARTModemControlGet                      0x00003fd9   Thumb Code    10  uart.o(.text)
    UARTModemStatusGet                       0x00003fe3   Thumb Code    12  uart.o(.text)
    UARTFlowControlSet                       0x00003fef   Thumb Code    12  uart.o(.text)
    UARTFlowControlGet                       0x00003ffb   Thumb Code    10  uart.o(.text)
    UARTTxIntModeSet                         0x00004005   Thumb Code    12  uart.o(.text)
    UARTTxIntModeGet                         0x00004011   Thumb Code    10  uart.o(.text)
    UARTCharsAvail                           0x0000401b   Thumb Code    12  uart.o(.text)
    UARTSpaceAvail                           0x00004027   Thumb Code    12  uart.o(.text)
    UARTCharGetNonBlocking                   0x00004033   Thumb Code    20  uart.o(.text)
    UARTCharGet                              0x00004047   Thumb Code    16  uart.o(.text)
    UARTCharPutNonBlocking                   0x00004057   Thumb Code    20  uart.o(.text)
    UARTCharPut                              0x0000406b   Thumb Code    14  uart.o(.text)
    UARTBreakCtl                             0x00004079   Thumb Code    20  uart.o(.text)
    UARTBusy                                 0x0000408d   Thumb Code    10  uart.o(.text)
    UARTIntRegister                          0x00004097   Thumb Code    30  uart.o(.text)
    UARTIntUnregister                        0x000040b5   Thumb Code    26  uart.o(.text)
    UARTIntEnable                            0x000040cf   Thumb Code     8  uart.o(.text)
    UARTIntDisable                           0x000040d7   Thumb Code     8  uart.o(.text)
    UARTIntStatus                            0x000040df   Thumb Code    12  uart.o(.text)
    UARTIntClear                             0x000040eb   Thumb Code     4  uart.o(.text)
    UARTDMAEnable                            0x000040ef   Thumb Code     8  uart.o(.text)
    UARTDMADisable                           0x000040f7   Thumb Code     8  uart.o(.text)
    UARTRxErrorGet                           0x000040ff   Thumb Code    10  uart.o(.text)
    UARTRxErrorClear                         0x00004109   Thumb Code     6  uart.o(.text)
    UARTClockSourceSet                       0x0000410f   Thumb Code     8  uart.o(.text)
    UARTClockSourceGet                       0x00004117   Thumb Code    10  uart.o(.text)
    UART9BitEnable                           0x00004121   Thumb Code    14  uart.o(.text)
    UART9BitDisable                          0x0000412f   Thumb Code    14  uart.o(.text)
    UART9BitAddrSet                          0x0000413d   Thumb Code    10  uart.o(.text)
    UART9BitAddrSend                         0x00004147   Thumb Code    40  uart.o(.text)
    uDMAEnable                               0x00004175   Thumb Code     8  udma.o(.text)
    uDMADisable                              0x0000417d   Thumb Code     8  udma.o(.text)
    uDMAErrorStatusGet                       0x00004185   Thumb Code     6  udma.o(.text)
    uDMAErrorStatusClear                     0x0000418b   Thumb Code     8  udma.o(.text)
    uDMAChannelEnable                        0x00004193   Thumb Code    14  udma.o(.text)
    uDMAChannelDisable                       0x000041a1   Thumb Code    14  udma.o(.text)
    uDMAChannelIsEnabled                     0x000041af   Thumb Code    26  udma.o(.text)
    uDMAControlBaseSet                       0x000041c9   Thumb Code     6  udma.o(.text)
    uDMAControlBaseGet                       0x000041cf   Thumb Code     6  udma.o(.text)
    uDMAControlAlternateBaseGet              0x000041d5   Thumb Code     6  udma.o(.text)
    uDMAChannelRequest                       0x000041db   Thumb Code    14  udma.o(.text)
    uDMAChannelAttributeEnable               0x000041e9   Thumb Code    62  udma.o(.text)
    uDMAChannelAttributeDisable              0x00004227   Thumb Code    62  udma.o(.text)
    uDMAChannelAttributeGet                  0x00004265   Thumb Code    74  udma.o(.text)
    uDMAChannelControlSet                    0x000042af   Thumb Code    30  udma.o(.text)
    uDMAChannelTransferSet                   0x000042cd   Thumb Code   166  udma.o(.text)
    uDMAChannelScatterGatherSet              0x00004373   Thumb Code    74  udma.o(.text)
    uDMAChannelSizeGet                       0x000043bd   Thumb Code    38  udma.o(.text)
    uDMAChannelModeGet                       0x000043e3   Thumb Code    42  udma.o(.text)
    uDMAChannelSelectSecondary               0x0000440d   Thumb Code    12  udma.o(.text)
    uDMAChannelSelectDefault                 0x00004419   Thumb Code    12  udma.o(.text)
    uDMAIntRegister                          0x00004425   Thumb Code    22  udma.o(.text)
    uDMAIntUnregister                        0x0000443b   Thumb Code    18  udma.o(.text)
    uDMAIntStatus                            0x0000444d   Thumb Code     8  udma.o(.text)
    uDMAIntClear                             0x00004455   Thumb Code     8  udma.o(.text)
    uDMAChannelAssign                        0x0000445d   Thumb Code    38  udma.o(.text)
    __user_libspace                          0x00004495   Thumb Code     8  libspace.o(.text)
    __user_perproc_libspace                  0x00004495   Thumb Code     0  libspace.o(.text)
    __semihosting$guard                      0x0000449d   Thumb Code     0  use_no_semi.o(.text)
    __use_no_semihosting_swi                 0x0000449d   Thumb Code     2  use_no_semi.o(.text)
    _fclose$unlocked                         0x0000449f   Thumb Code     0  fclose.o(.text)
    _fclose_internal                         0x0000449f   Thumb Code    76  fclose.o(.text)
    fgetc                                    0x000044eb   Thumb Code    32  fgetc_locked.o(.text)
    fclose                                   0x0000450d   Thumb Code    46  fclose_locked.o(.text)
    feof                                     0x00004541   Thumb Code    30  feof_locked.o(.text)
    freopen                                  0x0000460f   Thumb Code    42  fopen_locked.o(.text)
    fopen                                    0x00004639   Thumb Code   100  fopen_locked.o(.text)
    strcpy                                   0x000046a5   Thumb Code    72  strcpy.o(.text)
    strlen                                   0x000046ed   Thumb Code    62  strlen.o(.text)
    __aeabi_memcpy                           0x0000472b   Thumb Code     0  rt_memcpy_v6.o(.text)
    __rt_memcpy                              0x0000472b   Thumb Code   138  rt_memcpy_v6.o(.text)
    _memcpy_lastbytes                        0x00004791   Thumb Code     0  rt_memcpy_v6.o(.text)
    __aeabi_memcpy4                          0x000047b5   Thumb Code     0  rt_memcpy_w.o(.text)
    __aeabi_memcpy8                          0x000047b5   Thumb Code     0  rt_memcpy_w.o(.text)
    __rt_memcpy_w                            0x000047b5   Thumb Code   100  rt_memcpy_w.o(.text)
    _memcpy_lastbytes_aligned                0x000047fd   Thumb Code     0  rt_memcpy_w.o(.text)
    __aeabi_memclr                           0x00004819   Thumb Code     0  rt_memclr.o(.text)
    __rt_memclr                              0x00004819   Thumb Code    68  rt_memclr.o(.text)
    _memset                                  0x0000481d   Thumb Code     0  rt_memclr.o(.text)
    __aeabi_memclr4                          0x0000485d   Thumb Code     0  rt_memclr_w.o(.text)
    __aeabi_memclr8                          0x0000485d   Thumb Code     0  rt_memclr_w.o(.text)
    __rt_memclr_w                            0x0000485d   Thumb Code    78  rt_memclr_w.o(.text)
    _memset_w                                0x00004861   Thumb Code     0  rt_memclr_w.o(.text)
    strcmp                                   0x000048ad   Thumb Code   128  strcmpv7m.o(.text)
    __use_two_region_memory                  0x0000492d   Thumb Code     2  heapauxi.o(.text)
    __rt_heap_escrow                         0x0000492f   Thumb Code     2  heapauxi.o(.text)
    __rt_heap_expand                         0x00004931   Thumb Code     2  heapauxi.o(.text)
    _malloc_internal                         0x0000493b   Thumb Code   130  h1_alloc_mt.o(.text)
    malloc                                   0x000049bd   Thumb Code    20  h1_alloc_mt.o(.text)
    _free_internal                           0x000049d1   Thumb Code    98  h1_free_mt.o(.text)
    free                                     0x00004a33   Thumb Code    20  h1_free_mt.o(.text)
    _readbuf                                 0x00004a47   Thumb Code    54  filbuf.o(.text)
    _seteof                                  0x00004a7d   Thumb Code    40  filbuf.o(.text)
    __filbuf                                 0x00004aa5   Thumb Code   482  filbuf.o(.text)
    __filbuf_byte                            0x00004aa5   Thumb Code     0  filbuf.o(.text)
    __filbuf_wide                            0x00004aa5   Thumb Code     0  filbuf.o(.text)
    _fseek                                   0x00004c89   Thumb Code   242  fseek.o(.text)
    fseek                                    0x00004c89   Thumb Code     0  fseek.o(.text)
    _seterr                                  0x00004d81   Thumb Code    20  stdio.o(.text)
    _writebuf                                0x00004d95   Thumb Code    84  stdio.o(.text)
    _fflush                                  0x00004de9   Thumb Code    70  stdio.o(.text)
    _deferredlazyseek                        0x00004e2f   Thumb Code    60  stdio.o(.text)
    __rt_heap_descriptor                     0x00004e71   Thumb Code    10  rt_heap_descriptor_twolibspace.o(.text)
    __use_no_heap                            0x00004e7b   Thumb Code     2  hguard.o(.text)
    __heap$guard                             0x00004e7d   Thumb Code     2  hguard.o(.text)
    _terminate_user_alloc                    0x00004e7f   Thumb Code     2  init_alloc.o(.text)
    _init_user_alloc                         0x00004e81   Thumb Code     2  init_alloc.o(.text)
    __Heap_Full                              0x00004e83   Thumb Code    34  init_alloc.o(.text)
    __Heap_Broken                            0x00004ea5   Thumb Code     6  init_alloc.o(.text)
    _init_alloc                              0x00004eab   Thumb Code    94  init_alloc.o(.text)
    __Heap_Initialize                        0x00004f09   Thumb Code    14  h1_init_mt.o(.text)
    __Heap_DescSize                          0x00004f17   Thumb Code     4  h1_init_mt.o(.text)
    _ftell_internal                          0x00004f1b   Thumb Code    70  ftell.o(.text)
    ftell                                    0x00004f1b   Thumb Code     0  ftell.o(.text)
    fread                                    0x00004f61   Thumb Code   310  freadfast_locked.o(.text)
    _initio                                  0x00005099   Thumb Code   240  initio_locked.o(.text)
    _terminateio                             0x00005189   Thumb Code   168  initio_locked.o(.text)
    _flushlinebuffered                       0x00005261   Thumb Code    84  flushlinebuffered_locked.o(.text)
    __user_setup_stackheap                   0x000052bd   Thumb Code    74  sys_stackheap_outer.o(.text)
    __aeabi_errno_addr                       0x00005307   Thumb Code     4  rt_errno_addr_twolibspace.o(.text)
    __errno$twolibspace                      0x00005307   Thumb Code     0  rt_errno_addr_twolibspace.o(.text)
    __rt_errno_addr$twolibspace              0x00005307   Thumb Code     0  rt_errno_addr_twolibspace.o(.text)
    __Heap_ProvideMemory                     0x0000530b   Thumb Code    62  h1_extend_mt.o(.text)
    _do_fflush                               0x00005349   Thumb Code    74  fflush_locked.o(.text)
    _fflush$locked                           0x00005393   Thumb Code    60  fflush_locked.o(.text)
    setvbuf                                  0x000053d9   Thumb Code   104  setvbuf_locked.o(.text)
    exit                                     0x00005441   Thumb Code    12  exit.o(.text)
    __rt_SIGRTRED                            0x0000544d   Thumb Code    14  defsig_rtred_outer.o(.text)
    __rt_SIGRTMEM                            0x0000545b   Thumb Code    14  defsig_rtmem_outer.o(.text)
    __sig_exit                               0x00005469   Thumb Code    10  defsig_exit.o(.text)
    __rt_SIGRTRED_inner                      0x00005475   Thumb Code    14  defsig_rtred_inner.o(.text)
    __rt_SIGRTMEM_inner                      0x000054a9   Thumb Code    22  defsig_rtmem_inner.o(.text)
    __default_signal_display                 0x000054f9   Thumb Code    50  defsig_general.o(.text)
    SVC_Count                                0x0000552c   Data           4  SVC_Table.o(SVC_TABLE)
    SVC_Table                                0x00005530   Data           0  SVC_Table.o(SVC_TABLE)
    __fclose                                 0x00005531   Thumb Code   124  _fs_fclose.o(i.__fclose)
    __flushbuf                               0x000055b5   Thumb Code   134  _fs_flushbuf.o(i.__flushbuf)
    __fopen                                  0x00005645   Thumb Code   368  _fs_fopen.o(i.__fopen)
    __getfsize                               0x000057c5   Thumb Code   170  _fs_getfsize.o(i.__getfsize)
    __read                                   0x00005875   Thumb Code   164  _fs_read.o(i.__read)
    __setfpos                                0x00005921   Thumb Code   234  _fs_setfpos.o(i.__setfpos)
    __write                                  0x00005a15   Thumb Code   252  _fs_write.o(i.__write)
    _fcreate                                 0x00005b19   Thumb Code   280  _fs_fcreate.o(i._fcreate)
    _fdelete                                 0x00005c31   Thumb Code   130  _fs_fdelete.o(i._fdelete)
    _ffind                                   0x00005cb5   Thumb Code   200  _fs_ffind.o(i._ffind)
    _init_box                                0x00005d7d   Thumb Code    70  rt_membox.o(i._init_box)
    dbg_init                                 0x00006265   Thumb Code    36  hal_cm3.o(i.dbg_init)
    dbg_task_notify                          0x00006291   Thumb Code    32  hal_cm3.o(i.dbg_task_notify)
    dbg_task_switch                          0x000062b1   Thumb Code    16  hal_cm3.o(i.dbg_task_switch)
    fat_close_write                          0x00006375   Thumb Code   164  fs_fat.o(i.fat_close_write)
    fat_create                               0x0000641d   Thumb Code    78  fs_fat.o(i.fat_create)
    fat_delete                               0x00006471   Thumb Code    90  fs_fat.o(i.fat_delete)
    fat_ffind                                0x000064d1   Thumb Code    60  fs_fat.o(i.fat_ffind)
    fat_find_file                            0x00006591   Thumb Code    70  fs_fat.o(i.fat_find_file)
    fat_init                                 0x000065dd   Thumb Code    20  fs_fat.o(i.fat_init)
    fat_read                                 0x000065f1   Thumb Code   176  fs_fat.o(i.fat_read)
    fat_set_fpos                             0x000066a5   Thumb Code    98  fs_fat.o(i.fat_set_fpos)
    fat_write                                0x0000670d   Thumb Code   216  fs_fat.o(i.fat_write)
    ffind                                    0x000067e9   Thumb Code   486  fs_ffind.o(i.ffind)
    _fgetc$unlocked                          0x000069e5   Thumb Code    24  fgetc.o(i.fgetc)
    finit                                    0x00006a05   Thumb Code    46  fs_finit.o(i.finit)
    fn_cmp                                   0x00006a41   Thumb Code    30  fs_lib.o(i.fn_cmp)
    fs_AllocBlock                            0x00006a5f   Thumb Code   162  _fs_flashio.o(i.fs_AllocBlock)
    fs_BlockFull                             0x00006b01   Thumb Code    92  _fs_flashio.o(i.fs_BlockFull)
    fs_BlockInvalid                          0x00006b5d   Thumb Code    48  _fs_flashio.o(i.fs_BlockInvalid)
    fs_EraseSector                           0x00006b8d   Thumb Code     4  fs_flashprg.o(i.fs_EraseSector)
    fs_Find_File                             0x00006b91   Thumb Code   172  _fs_flashio.o(i.fs_Find_File)
    fs_Init                                  0x00006c3d   Thumb Code     4  fs_flashprg.o(i.fs_Init)
    fs_InitBlock                             0x00006c41   Thumb Code    68  _fs_flashio.o(i.fs_InitBlock)
    fs_ProgramPage                           0x00006c91   Thumb Code     4  fs_flashprg.o(i.fs_ProgramPage)
    fs_ReadBlock                             0x00006c95   Thumb Code    28  _fs_flashio.o(i.fs_ReadBlock)
    fs_ReadData                              0x00006cb1   Thumb Code    18  fs_lib.o(i.fs_ReadData)
    fs_WriteBlock                            0x00006cc3   Thumb Code    58  _fs_flashio.o(i.fs_WriteBlock)
    fs_WriteData                             0x00006cfd   Thumb Code    16  fs_lib.o(i.fs_WriteData)
    fs_adr_sig                               0x00006d0d   Thumb Code    22  _fs_flashio.o(i.fs_adr_sig)
    fs_check_fwopen                          0x00006d25   Thumb Code    56  _fs_flashio.o(i.fs_check_fwopen)
    fs_find_iob                              0x00006d65   Thumb Code    42  fs_lib.o(i.fs_find_iob)
    fs_get_date                              0x00006d99   Thumb Code     4  fs_time.o(i.fs_get_date)
    fs_get_drive                             0x00006da1   Thumb Code    80  fs_lib.o(i.fs_get_drive)
    fs_get_freeID                            0x00006df1   Thumb Code    82  _fs_flashio.o(i.fs_get_freeID)
    fs_get_freeMem                           0x00006e43   Thumb Code    56  _fs_flashio.o(i.fs_get_freeMem)
    fs_get_time                              0x00006e7b   Thumb Code     6  fs_time.o(i.fs_get_time)
    fs_mark_fileMem                          0x00006e81   Thumb Code   122  _fs_flashio.o(i.fs_mark_fileMem)
    fs_mark_freeMem                          0x00006efb   Thumb Code    62  _fs_flashio.o(i.fs_mark_freeMem)
    fs_rd_alloc                              0x00006f39   Thumb Code    36  _fs_flashio.o(i.fs_rd_alloc)
    fs_rd_sig                                0x00006f5d   Thumb Code    32  _fs_flashio.o(i.fs_rd_sig)
    fs_set_params                            0x00006f7d   Thumb Code    70  fs_lib.o(i.fs_set_params)
    fs_spi_EraseSector                       0x00006fe5   Thumb Code     4  fs_flashprg.o(i.fs_spi_EraseSector)
    fs_spi_Init                              0x00006fe9   Thumb Code     4  fs_flashprg.o(i.fs_spi_Init)
    fs_spi_ProgramPage                       0x00006fed   Thumb Code     4  fs_flashprg.o(i.fs_spi_ProgramPage)
    fs_spi_ReadData                          0x00006ff1   Thumb Code     4  fs_flashprg.o(i.fs_spi_ReadData)
    fs_strpos                                0x00006ff5   Thumb Code    26  fs_lib.o(i.fs_strpos)
    mmc_init                                 0x000078b1   Thumb Code   432  fs_mmc.o(i.mmc_init)
    mmc_read_sect                            0x00007ad5   Thumb Code    86  fs_mmc.o(i.mmc_read_sect)
    mmc_write_sect                           0x00007bc1   Thumb Code    86  fs_mmc.o(i.mmc_write_sect)
    rt_alloc_box                             0x00007d29   Thumb Code    28  rt_membox.o(i.rt_alloc_box)
    rt_block                                 0x00007d45   Thumb Code    48  rt_task.o(i.rt_block)
    rt_chk_robin                             0x00007d7d   Thumb Code    58  rt_robin.o(i.rt_chk_robin)
    rt_dec_dly                               0x00007dc5   Thumb Code   106  rt_list.o(i.rt_dec_dly)
    rt_dispatch                              0x00007e39   Thumb Code    60  rt_task.o(i.rt_dispatch)
    rt_dly_wait                              0x00007e7d   Thumb Code     6  rt_time.o(i.rt_dly_wait)
    rt_evt_psh                               0x00007e85   Thumb Code    72  rt_event.o(i.rt_evt_psh)
    rt_free_box                              0x00007ed1   Thumb Code    32  rt_membox.o(i.rt_free_box)
    rt_get_first                             0x00007ef1   Thumb Code    40  rt_list.o(i.rt_get_first)
    rt_init_robin                            0x00007f5d   Thumb Code    14  rt_robin.o(i.rt_init_robin)
    rt_init_stack                            0x00007f75   Thumb Code    70  hal_cm3.o(i.rt_init_stack)
    rt_mbx_psh                               0x00007fc5   Thumb Code   188  rt_mailbox.o(i.rt_mbx_psh)
    rt_mut_init                              0x00008085   Thumb Code    16  rt_mutex.o(i.rt_mut_init)
    rt_mut_release                           0x00008095   Thumb Code   164  rt_mutex.o(i.rt_mut_release)
    rt_mut_wait                              0x00008141   Thumb Code    96  rt_mutex.o(i.rt_mut_wait)
    rt_pop_req                               0x000081a5   Thumb Code   114  rt_system.o(i.rt_pop_req)
    rt_put_dly                               0x00008229   Thumb Code    68  rt_list.o(i.rt_put_dly)
    rt_put_prio                              0x00008271   Thumb Code    54  rt_list.o(i.rt_put_prio)
    rt_put_rdy_first                         0x000082a9   Thumb Code    14  rt_list.o(i.rt_put_rdy_first)
    rt_resort_prio                           0x000082bd   Thumb Code    46  rt_list.o(i.rt_resort_prio)
    rt_rmv_dly                               0x000082f1   Thumb Code    40  rt_list.o(i.rt_rmv_dly)
    rt_rmv_list                              0x00008319   Thumb Code    44  rt_list.o(i.rt_rmv_list)
    rt_sem_psh                               0x00008349   Thumb Code    46  rt_semaphore.o(i.rt_sem_psh)
    rt_stk_check                             0x0000837d   Thumb Code    28  rt_system.o(i.rt_stk_check)
    rt_switch_req                            0x000083a1   Thumb Code    30  rt_task.o(i.rt_switch_req)
    rt_sys_init                              0x000083c9   Thumb Code   214  rt_task.o(i.rt_sys_init)
    rt_systick                               0x000084e9   Thumb Code    48  rt_system.o(i.rt_systick)
    rt_tmr_tick                              0x00008525   Thumb Code    56  rt_timer.o(i.rt_tmr_tick)
    rt_tsk_create                            0x00008565   Thumb Code   122  rt_task.o(i.rt_tsk_create)
    rt_tsk_delete                            0x000085f5   Thumb Code   146  rt_task.o(i.rt_tsk_delete)
    rt_tsk_self                              0x000086a1   Thumb Code    12  rt_task.o(i.rt_tsk_self)
    __stdin_name                             0x000090bc   Data           6  retarget.o(.constdata)
    __stdout_name                            0x000090c2   Data           7  retarget.o(.constdata)
    __stderr_name                            0x000090c9   Data           7  retarget.o(.constdata)
    _NFILE                                   0x000090d0   Data           2  file_config.o(.constdata)
    _DEF_DRIVE                               0x000090d2   Data           2  file_config.o(.constdata)
    _CPU_CLK                                 0x000090d4   Data           4  file_config.o(.constdata)
    FlashDev                                 0x000090d8   Data           8  file_config.o(.constdata)
    _FlashNumSect                            0x000090e0   Data           2  file_config.o(.constdata)
    _BlockFREE                               0x000090e4   Data           4  file_config.o(.constdata)
    _BASE_ADR                                0x000090e8   Data           4  file_config.o(.constdata)
    SpiDev                                   0x000090ec   Data           8  file_config.o(.constdata)
    _SpiNumSect                              0x000090f4   Data           2  file_config.o(.constdata)
    _SpiBlFREE                               0x000090f8   Data           4  file_config.o(.constdata)
    RamDev                                   0x000090fc   Data           8  file_config.o(.constdata)
    _RamNumSect                              0x00009104   Data           2  file_config.o(.constdata)
    _MC_CSIZE                                0x00009106   Data           2  file_config.o(.constdata)
    os_maxtaskrun                            0x00009140   Data           2  rtx_config.o(.constdata)
    os_stackinfo                             0x00009144   Data           4  rtx_config.o(.constdata)
    os_rrobin                                0x00009148   Data           4  rtx_config.o(.constdata)
    os_trv                                   0x0000914c   Data           4  rtx_config.o(.constdata)
    os_flags                                 0x00009150   Data           1  rtx_config.o(.constdata)
    os_clockrate                             0x00009154   Data           4  rtx_config.o(.constdata)
    os_timernum                              0x00009158   Data           4  rtx_config.o(.constdata)
    mp_tcb_size                              0x0000915c   Data           2  rtx_config.o(.constdata)
    mp_stk_size                              0x00009160   Data           4  rtx_config.o(.constdata)
    os_fifo_size                             0x00009164   Data           1  rtx_config.o(.constdata)
    mp_tmr_size                              0x00009166   Data           2  rtx_config.o(.constdata)
    Region$$Table$$Base                      0x00009698   Number         0  anon$$obj.o(Region$$Table)
    Region$$Table$$Limit                     0x000096b8   Number         0  anon$$obj.o(Region$$Table)
    g_sSample                                0x20000038   Data           8  sound.o(.data)
    player_state                             0x2000005c   Data           1  main.o(.data)
    start_flag                               0x2000005d   Data           1  main.o(.data)
    stop_flag                                0x2000005e   Data           1  main.o(.data)
    Fptr                                     0x200000b0   Data           4  main.o(.data)
    g_sCmdTable                              0x200000b4   Data          72  main.o(.data)
    taskID_1                                 0x200000fc   Data           4  main.o(.data)
    taskID_2                                 0x20000100   Data           4  main.o(.data)
    g_ulMaxBufferSize                        0x20000104   Data           4  main.o(.data)
    m_tmr                                    0x2000011c   Data           4  rtx_config.o(.data)
    os_tsk                                   0x20000124   Data           8  rt_task.o(.data)
    os_time                                  0x2000012c   Data           2  rt_time.o(.data)
    dbg_msg                                  0x2000012e   Data           1  hal_cm3.o(.data)
    os_robin                                 0x20000148   Data           8  rt_robin.o(.data)
    os_tmr                                   0x20000154   Data           8  rt_timer.o(.data)
    _stream_list_lock                        0x2000015c   Data           4  streamlock.o(.data)
    __aeabi_stdin                            0x20000160   Data           4  stdio_streams.o(.data)
    __aeabi_stdout                           0x20000164   Data           4  stdio_streams.o(.data)
    __aeabi_stderr                           0x20000168   Data           4  stdio_streams.o(.data)
    _iob                                     0x2000066c   Data         832  file_config.o(.bss)
    mc_cache                                 0x200009ac   Data        1024  file_config.o(.bss)
    sDMAControlTable                         0x20001000   Data        1024  hal_system.o(.bss)
    psFileObject                             0x20003128   Data         100  main.o(.bss)
    mp_tcb                                   0x20003190   Data         300  rtx_config.o(.bss)
    mp_stk                                   0x200032c0   Data       20496  rtx_config.o(.bss)
    os_fifo                                  0x200082d0   Data         132  rtx_config.o(.bss)
    os_active_TCB                            0x20008354   Data          24  rtx_config.o(.bss)
    mp_tmr                                   0x2000836c   Data          44  rtx_config.o(.bss)
    os_idle_TCB                              0x20008638   Data          48  rt_task.o(.bss)
    os_rdy                                   0x200087bc   Data          24  rt_list.o(.bss)
    os_dly                                   0x200087d4   Data          24  rt_list.o(.bss)
    __libspace_start                         0x200087ec   Data          96  libspace.o(.bss)
    __stdin                                  0x2000884c   Data          84  stdio_streams.o(.bss)
    __temporary_stack_top$libspace           0x2000884c   Data           0  libspace.o(.bss)
    __stdout                                 0x200088a0   Data          84  stdio_streams.o(.bss)
    __stderr                                 0x200088f4   Data          84  stdio_streams.o(.bss)



==============================================================================

Memory Map of the image

  Image Entry point : 0x00000279

  Load Region LR_IROM1 (Base: 0x00000000, Size: 0x00009d24, Max: 0x00040000, ABSOLUTE, COMPRESSED[0x00009700])

    Execution Region ER_IROM1 (Base: 0x00000000, Size: 0x000096b8, Max: 0x00040000, ABSOLUTE)

    Base Addr    Size         Type   Attr      Idx    E Section Name        Object

    0x00000000   0x00000278   Code   RO            3    RESET               startup.o
    0x00000278   0x00000008   Code   RO         1901  * !!!main             c_w.l(__main.o)
    0x00000280   0x00000034   Code   RO         2213    !!!scatter          c_w.l(__scatter.o)
    0x000002b4   0x0000003a   Code   RO         2211    !!dczerorl          c_w.l(__dczerorl.o)
    0x000002ee   0x00000002   PAD
    0x000002f0   0x0000001c   Code   RO         2215    !!handler_zi        c_w.l(__scatter_zi.o)
    0x0000030c   0x00000002   Code   RO         2141    .ARM.Collect$$libinit$$00000000  c_w.l(libinit.o)
    0x0000030e   0x00000000   Code   RO         2050    .ARM.Collect$$libinit$$00000002  c_w.l(libinit2.o)
    0x0000030e   0x00000008   Code   RO         2051    .ARM.Collect$$libinit$$00000003  c_w.l(libinit2.o)
    0x00000316   0x00000000   Code   RO         2053    .ARM.Collect$$libinit$$00000008  c_w.l(libinit2.o)
    0x00000316   0x00000000   Code   RO         2055    .ARM.Collect$$libinit$$0000000A  c_w.l(libinit2.o)
    0x00000316   0x00000000   Code   RO         2057    .ARM.Collect$$libinit$$0000000C  c_w.l(libinit2.o)
    0x00000316   0x00000000   Code   RO         2060    .ARM.Collect$$libinit$$0000000F  c_w.l(libinit2.o)
    0x00000316   0x00000000   Code   RO         2062    .ARM.Collect$$libinit$$00000011  c_w.l(libinit2.o)
    0x00000316   0x00000000   Code   RO         2064    .ARM.Collect$$libinit$$00000013  c_w.l(libinit2.o)
    0x00000316   0x00000000   Code   RO         2066    .ARM.Collect$$libinit$$00000015  c_w.l(libinit2.o)
    0x00000316   0x00000000   Code   RO         2068    .ARM.Collect$$libinit$$00000017  c_w.l(libinit2.o)
    0x00000316   0x00000000   Code   RO         2070    .ARM.Collect$$libinit$$00000019  c_w.l(libinit2.o)
    0x00000316   0x00000000   Code   RO         2072    .ARM.Collect$$libinit$$0000001B  c_w.l(libinit2.o)
    0x00000316   0x00000000   Code   RO         2074    .ARM.Collect$$libinit$$0000001D  c_w.l(libinit2.o)
    0x00000316   0x00000000   Code   RO         2076    .ARM.Collect$$libinit$$0000001F  c_w.l(libinit2.o)
    0x00000316   0x00000000   Code   RO         2078    .ARM.Collect$$libinit$$00000021  c_w.l(libinit2.o)
    0x00000316   0x00000004   Code   RO         2079    .ARM.Collect$$libinit$$00000022  c_w.l(libinit2.o)
    0x0000031a   0x00000000   Code   RO         2080    .ARM.Collect$$libinit$$00000023  c_w.l(libinit2.o)
    0x0000031a   0x00000000   Code   RO         2084    .ARM.Collect$$libinit$$0000002A  c_w.l(libinit2.o)
    0x0000031a   0x00000000   Code   RO         2086    .ARM.Collect$$libinit$$0000002C  c_w.l(libinit2.o)
    0x0000031a   0x00000000   Code   RO         2088    .ARM.Collect$$libinit$$0000002E  c_w.l(libinit2.o)
    0x0000031a   0x00000000   Code   RO         2090    .ARM.Collect$$libinit$$00000030  c_w.l(libinit2.o)
    0x0000031a   0x00000002   Code   RO         2091    .ARM.Collect$$libinit$$00000031  c_w.l(libinit2.o)
    0x0000031c   0x00000002   Code   RO         2196    .ARM.Collect$$libshutdown$$00000000  c_w.l(libshutdown.o)
    0x0000031e   0x00000004   Code   RO         2143    .ARM.Collect$$libshutdown$$00000002  c_w.l(libshutdown2.o)
    0x00000322   0x00000000   Code   RO         2144    .ARM.Collect$$libshutdown$$00000003  c_w.l(libshutdown2.o)
    0x00000322   0x00000000   Code   RO         2147    .ARM.Collect$$libshutdown$$00000006  c_w.l(libshutdown2.o)
    0x00000322   0x00000000   Code   RO         2150    .ARM.Collect$$libshutdown$$00000009  c_w.l(libshutdown2.o)
    0x00000322   0x00000000   Code   RO         2152    .ARM.Collect$$libshutdown$$0000000B  c_w.l(libshutdown2.o)
    0x00000322   0x00000000   Code   RO         2155    .ARM.Collect$$libshutdown$$0000000E  c_w.l(libshutdown2.o)
    0x00000322   0x00000002   Code   RO         2156    .ARM.Collect$$libshutdown$$0000000F  c_w.l(libshutdown2.o)
    0x00000324   0x00000000   Code   RO         1903    .ARM.Collect$$rtentry$$00000000  c_w.l(rtentry.o)
    0x00000324   0x00000000   Code   RO         1986    .ARM.Collect$$rtentry$$00000002  c_w.l(rtentry2.o)
    0x00000324   0x00000006   Code   RO         1998    .ARM.Collect$$rtentry$$00000004  c_w.l(rtentry4.o)
    0x0000032a   0x00000000   Code   RO         1988    .ARM.Collect$$rtentry$$00000009  c_w.l(rtentry2.o)
    0x0000032a   0x00000004   Code   RO         1989    .ARM.Collect$$rtentry$$0000000A  c_w.l(rtentry2.o)
    0x0000032e   0x00000000   Code   RO         1991    .ARM.Collect$$rtentry$$0000000C  c_w.l(rtentry2.o)
    0x0000032e   0x00000008   Code   RO         1992    .ARM.Collect$$rtentry$$0000000D  c_w.l(rtentry2.o)
    0x00000336   0x00000002   Code   RO         2159    .ARM.Collect$$rtexit$$00000000  c_w.l(rtexit.o)
    0x00000338   0x00000000   Code   RO         2178    .ARM.Collect$$rtexit$$00000002  c_w.l(rtexit2.o)
    0x00000338   0x00000004   Code   RO         2179    .ARM.Collect$$rtexit$$00000003  c_w.l(rtexit2.o)
    0x0000033c   0x00000006   Code   RO         2180    .ARM.Collect$$rtexit$$00000004  c_w.l(rtexit2.o)
    0x00000342   0x00000002   PAD
    0x00000344   0x00000026   Code   RO          392    .emb_text           cpu.o
    0x0000036a   0x00000002   PAD
    0x0000036c   0x00000006   Code   RO          497    .emb_text           sysctl.o
    0x00000372   0x00000002   PAD
    0x00000374   0x0000014c   Code   RO          852    .emb_text           RTX_CM3.LIB(hal_cm3.o)
    0x000004c0   0x00000000   Code   RO         2103    .emb_text           c_w.l(maybetermalloc1.o)
    0x000004c0   0x0000001c   Code   RO            4    .text               startup.o
    0x000004dc   0x00000134   Code   RO           11    .text               retarget.o
    0x00000610   0x000000f4   Code   RO           74    .text               spi_lm3s37x8.o
    0x00000704   0x00000094   Code   RO          165    .text               hal_led.o
    0x00000798   0x000000b8   Code   RO          177    .text               hal_system.o
    0x00000850   0x0000007c   Code   RO          207    .text               cmdline.o
    0x000008cc   0x00000768   Code   RO          227    .text               uartstdio.o
    0x00001034   0x00000908   Code   RO          278    .text               sound.o
    0x0000193c   0x000001c8   Code   RO          309    .text               tlv320aic23b.o
    0x00001b04   0x00000698   Code   RO          324    .text               main.o
    0x0000219c   0x00000094   Code   RO          357    .text               rtx_config.o
    0x00002230   0x000007b8   Code   RO          419    .text               gpio.o
    0x000029e8   0x0000028c   Code   RO          433    .text               i2c.o
    0x00002c74   0x0000023c   Code   RO          450    .text               i2s.o
    0x00002eb0   0x000002ac   Code   RO          465    .text               interrupt.o
    0x0000315c   0x00000170   Code   RO          480    .text               ssi.o
    0x000032cc   0x00000ba0   Code   RO          498    .text               sysctl.o
    0x00003e6c   0x00000308   Code   RO          532    .text               uart.o
    0x00004174   0x00000320   Code   RO          546    .text               udma.o
    0x00004494   0x00000008   Code   RO         1856    .text               c_w.l(libspace.o)
    0x0000449c   0x00000002   Code   RO         1859    .text               c_w.l(use_no_semi.o)
    0x0000449e   0x0000004c   Code   RO         1873    .text               c_w.l(fclose.o)
    0x000044ea   0x00000020   Code   RO         1875    .text               c_w.l(fgetc_locked.o)
    0x0000450a   0x00000002   PAD
    0x0000450c   0x00000034   Code   RO         1877    .text               c_w.l(fclose_locked.o)
    0x00004540   0x0000001e   Code   RO         1879    .text               c_w.l(feof_locked.o)
    0x0000455e   0x00000002   PAD
    0x00004560   0x00000144   Code   RO         1881    .text               c_w.l(fopen_locked.o)
    0x000046a4   0x00000048   Code   RO         1883    .text               c_w.l(strcpy.o)
    0x000046ec   0x0000003e   Code   RO         1885    .text               c_w.l(strlen.o)
    0x0000472a   0x0000008a   Code   RO         1887    .text               c_w.l(rt_memcpy_v6.o)
    0x000047b4   0x00000064   Code   RO         1889    .text               c_w.l(rt_memcpy_w.o)
    0x00004818   0x00000044   Code   RO         1893    .text               c_w.l(rt_memclr.o)
    0x0000485c   0x0000004e   Code   RO         1895    .text               c_w.l(rt_memclr_w.o)
    0x000048aa   0x00000002   PAD
    0x000048ac   0x00000080   Code   RO         1897    .text               c_w.l(strcmpv7m.o)
    0x0000492c   0x00000006   Code   RO         1899    .text               c_w.l(heapauxi.o)
    0x00004932   0x0000009e   Code   RO         1916    .text               c_w.l(h1_alloc_mt.o)
    0x000049d0   0x00000076   Code   RO         1918    .text               c_w.l(h1_free_mt.o)
    0x00004a46   0x00000240   Code   RO         1970    .text               c_w.l(filbuf.o)
    0x00004c86   0x00000002   PAD
    0x00004c88   0x000000f8   Code   RO         1972    .text               c_w.l(fseek.o)
    0x00004d80   0x000000f0   Code   RO         1974    .text               c_w.l(stdio.o)
    0x00004e70   0x0000000a   Code   RO         2007    .text               c_w.l(rt_heap_descriptor_twolibspace.o)
    0x00004e7a   0x00000004   Code   RO         2009    .text               c_w.l(hguard.o)
    0x00004e7e   0x0000008a   Code   RO         2011    .text               c_w.l(init_alloc.o)
    0x00004f08   0x00000012   Code   RO         2017    .text               c_w.l(h1_init_mt.o)
    0x00004f1a   0x00000046   Code   RO         2029    .text               c_w.l(ftell.o)
    0x00004f60   0x00000136   Code   RO         2039    .text               c_w.l(freadfast_locked.o)
    0x00005096   0x00000002   PAD
    0x00005098   0x000001c8   Code   RO         2043    .text               c_w.l(initio_locked.o)
    0x00005260   0x0000005c   Code   RO         2045    .text               c_w.l(flushlinebuffered_locked.o)
    0x000052bc   0x0000004a   Code   RO         2092    .text               c_w.l(sys_stackheap_outer.o)
    0x00005306   0x00000004   Code   RO         2099    .text               c_w.l(rt_errno_addr_twolibspace.o)
    0x0000530a   0x0000003e   Code   RO         2107    .text               c_w.l(h1_extend_mt.o)
    0x00005348   0x00000090   Code   RO         2113    .text               c_w.l(fflush_locked.o)
    0x000053d8   0x00000068   Code   RO         2115    .text               c_w.l(setvbuf_locked.o)
    0x00005440   0x0000000c   Code   RO         2117    .text               c_w.l(exit.o)
    0x0000544c   0x0000000e   Code   RO         2123    .text               c_w.l(defsig_rtred_outer.o)
    0x0000545a   0x0000000e   Code   RO         2127    .text               c_w.l(defsig_rtmem_outer.o)
    0x00005468   0x0000000a   Code   RO         2165    .text               c_w.l(defsig_exit.o)
    0x00005472   0x00000002   PAD
    0x00005474   0x00000034   Code   RO         2169    .text               c_w.l(defsig_rtred_inner.o)
    0x000054a8   0x00000050   Code   RO         2171    .text               c_w.l(defsig_rtmem_inner.o)
    0x000054f8   0x00000032   Code   RO         2190    .text               c_w.l(defsig_general.o)
    0x0000552a   0x00000002   PAD
    0x0000552c   0x00000004   Code   RO         1628    SVC_TABLE           RTX_CM3.LIB(SVC_Table.o)
    0x00005530   0x00000084   Code   RO          630    i.__fclose          FS_CM3.lib(_fs_fclose.o)
    0x000055b4   0x00000090   Code   RO          666    i.__flushbuf        FS_CM3.lib(_fs_flushbuf.o)
    0x00005644   0x00000180   Code   RO          600    i.__fopen           FS_CM3.lib(_fs_fopen.o)
    0x000057c4   0x000000b0   Code   RO          690    i.__getfsize        FS_CM3.lib(_fs_getfsize.o)
    0x00005874   0x000000ac   Code   RO          642    i.__read            FS_CM3.lib(_fs_read.o)
    0x00005920   0x000000f4   Code   RO          678    i.__setfpos         FS_CM3.lib(_fs_setfpos.o)
    0x00005a14   0x00000104   Code   RO          654    i.__write           FS_CM3.lib(_fs_write.o)
    0x00005b18   0x00000118   Code   RO         1268    i._fcreate          FS_CM3.lib(_fs_fcreate.o)
    0x00005c30   0x00000082   Code   RO         1280    i._fdelete          FS_CM3.lib(_fs_fdelete.o)
    0x00005cb2   0x00000002   PAD
    0x00005cb4   0x000000c8   Code   RO         1292    i._ffind            FS_CM3.lib(_fs_ffind.o)
    0x00005d7c   0x00000046   Code   RO         1599    i._init_box         RTX_CM3.LIB(rt_membox.o)
    0x00005dc2   0x00000002   PAD
    0x00005dc4   0x000000e0   Code   RO          893    i.alloc_name        FS_CM3.lib(fs_fat.o)
    0x00005ea4   0x0000003c   Code   RO          894    i.alloc_new_clus    FS_CM3.lib(fs_fat.o)
    0x00005ee0   0x00000064   Code   RO          895    i.cache_fat         FS_CM3.lib(fs_fat.o)
    0x00005f44   0x00000070   Code   RO          896    i.check_lfn         FS_CM3.lib(fs_fat.o)
    0x00005fb4   0x00000006   Code   RO          897    i.check_name        FS_CM3.lib(fs_fat.o)
    0x00005fba   0x00000002   PAD
    0x00005fbc   0x000000a8   Code   RO          898    i.chk_dir_empty     FS_CM3.lib(fs_fat.o)
    0x00006064   0x00000040   Code   RO          900    i.clear_clus        FS_CM3.lib(fs_fat.o)
    0x000060a4   0x00000024   Code   RO          901    i.clus_to_sect      FS_CM3.lib(fs_fat.o)
    0x000060c8   0x000000fc   Code   RO          902    i.count_free_clus   FS_CM3.lib(fs_fat.o)
    0x000061c4   0x0000009e   Code   RO          903    i.cvt_fatname       FS_CM3.lib(fs_fat.o)
    0x00006262   0x00000002   PAD
    0x00006264   0x0000002c   Code   RO          853    i.dbg_init          RTX_CM3.LIB(hal_cm3.o)
    0x00006290   0x00000020   Code   RO          854    i.dbg_task_notify   RTX_CM3.LIB(hal_cm3.o)
    0x000062b0   0x00000010   Code   RO          855    i.dbg_task_switch   RTX_CM3.LIB(hal_cm3.o)
    0x000062c0   0x000000b4   Code   RO          904    i.delete_entries    FS_CM3.lib(fs_fat.o)
    0x00006374   0x000000a8   Code   RO          905    i.fat_close_write   FS_CM3.lib(fs_fat.o)
    0x0000641c   0x00000054   Code   RO          906    i.fat_create        FS_CM3.lib(fs_fat.o)
    0x00006470   0x00000060   Code   RO          907    i.fat_delete        FS_CM3.lib(fs_fat.o)
    0x000064d0   0x00000040   Code   RO          908    i.fat_ffind         FS_CM3.lib(fs_fat.o)
    0x00006510   0x00000080   Code   RO          909    i.fat_find_dir      FS_CM3.lib(fs_fat.o)
    0x00006590   0x0000004c   Code   RO          910    i.fat_find_file     FS_CM3.lib(fs_fat.o)
    0x000065dc   0x00000014   Code   RO          913    i.fat_init          FS_CM3.lib(fs_fat.o)
    0x000065f0   0x000000b4   Code   RO          914    i.fat_read          FS_CM3.lib(fs_fat.o)
    0x000066a4   0x00000068   Code   RO          916    i.fat_set_fpos      FS_CM3.lib(fs_fat.o)
    0x0000670c   0x000000dc   Code   RO          917    i.fat_write         FS_CM3.lib(fs_fat.o)
    0x000067e8   0x000001fc   Code   RO          585    i.ffind             FS_CM3.lib(fs_ffind.o)
    0x000069e4   0x00000018   Code   RO         1866    i.fgetc             c_w.l(fgetc.o)
    0x000069fc   0x00000006   Code   RO          918    i.find_name         FS_CM3.lib(fs_fat.o)
    0x00006a02   0x00000002   PAD
    0x00006a04   0x0000003c   Code   RO          562    i.finit             FS_CM3.lib(fs_finit.o)
    0x00006a40   0x0000001e   Code   RO         1220    i.fn_cmp            FS_CM3.lib(fs_lib.o)
    0x00006a5e   0x000000a2   Code   RO         1304    i.fs_AllocBlock     FS_CM3.lib(_fs_flashio.o)
    0x00006b00   0x0000005c   Code   RO         1305    i.fs_BlockFull      FS_CM3.lib(_fs_flashio.o)
    0x00006b5c   0x00000030   Code   RO         1306    i.fs_BlockInvalid   FS_CM3.lib(_fs_flashio.o)
    0x00006b8c   0x00000004   Code   RO         1398    i.fs_EraseSector    FS_CM3.lib(fs_flashprg.o)
    0x00006b90   0x000000ac   Code   RO         1307    i.fs_Find_File      FS_CM3.lib(_fs_flashio.o)
    0x00006c3c   0x00000004   Code   RO         1399    i.fs_Init           FS_CM3.lib(fs_flashprg.o)
    0x00006c40   0x00000050   Code   RO         1308    i.fs_InitBlock      FS_CM3.lib(_fs_flashio.o)
    0x00006c90   0x00000004   Code   RO         1400    i.fs_ProgramPage    FS_CM3.lib(fs_flashprg.o)
    0x00006c94   0x0000001c   Code   RO         1309    i.fs_ReadBlock      FS_CM3.lib(_fs_flashio.o)
    0x00006cb0   0x00000012   Code   RO         1221    i.fs_ReadData       FS_CM3.lib(fs_lib.o)
    0x00006cc2   0x0000003a   Code   RO         1310    i.fs_WriteBlock     FS_CM3.lib(_fs_flashio.o)
    0x00006cfc   0x00000010   Code   RO         1222    i.fs_WriteData      FS_CM3.lib(fs_lib.o)
    0x00006d0c   0x00000016   Code   RO         1311    i.fs_adr_sig        FS_CM3.lib(_fs_flashio.o)
    0x00006d22   0x00000002   PAD
    0x00006d24   0x00000040   Code   RO         1312    i.fs_check_fwopen   FS_CM3.lib(_fs_flashio.o)
    0x00006d64   0x00000034   Code   RO         1223    i.fs_find_iob       FS_CM3.lib(fs_lib.o)
    0x00006d98   0x00000008   Code   RO         1683    i.fs_get_date       FS_CM3.lib(fs_time.o)
    0x00006da0   0x00000050   Code   RO         1224    i.fs_get_drive      FS_CM3.lib(fs_lib.o)
    0x00006df0   0x00000052   Code   RO         1313    i.fs_get_freeID     FS_CM3.lib(_fs_flashio.o)
    0x00006e42   0x00000038   Code   RO         1314    i.fs_get_freeMem    FS_CM3.lib(_fs_flashio.o)
    0x00006e7a   0x00000006   Code   RO         1684    i.fs_get_time       FS_CM3.lib(fs_time.o)
    0x00006e80   0x0000007a   Code   RO         1315    i.fs_mark_fileMem   FS_CM3.lib(_fs_flashio.o)
    0x00006efa   0x0000003e   Code   RO         1316    i.fs_mark_freeMem   FS_CM3.lib(_fs_flashio.o)
    0x00006f38   0x00000024   Code   RO         1317    i.fs_rd_alloc       FS_CM3.lib(_fs_flashio.o)
    0x00006f5c   0x00000020   Code   RO         1318    i.fs_rd_sig         FS_CM3.lib(_fs_flashio.o)
    0x00006f7c   0x00000068   Code   RO         1225    i.fs_set_params     FS_CM3.lib(fs_lib.o)
    0x00006fe4   0x00000004   Code   RO         1401    i.fs_spi_EraseSector  FS_CM3.lib(fs_flashprg.o)
    0x00006fe8   0x00000004   Code   RO         1402    i.fs_spi_Init       FS_CM3.lib(fs_flashprg.o)
    0x00006fec   0x00000004   Code   RO         1403    i.fs_spi_ProgramPage  FS_CM3.lib(fs_flashprg.o)
    0x00006ff0   0x00000004   Code   RO         1404    i.fs_spi_ReadData   FS_CM3.lib(fs_flashprg.o)
    0x00006ff4   0x0000001a   Code   RO         1226    i.fs_strpos         FS_CM3.lib(fs_lib.o)
    0x0000700e   0x00000002   PAD
    0x00007010   0x0000002c   Code   RO          919    i.get_EOC           FS_CM3.lib(fs_fat.o)
    0x0000703c   0x00000088   Code   RO          920    i.get_bootrec       FS_CM3.lib(fs_fat.o)
    0x000070c4   0x0000002c   Code   RO          921    i.get_date          FS_CM3.lib(fs_fat.o)
    0x000070f0   0x0000002c   Code   RO          922    i.get_dir_sect      FS_CM3.lib(fs_fat.o)
    0x0000711c   0x00000038   Code   RO          923    i.get_fat_sect      FS_CM3.lib(fs_fat.o)
    0x00007154   0x000000dc   Code   RO          924    i.get_free_clus     FS_CM3.lib(fs_fat.o)
    0x00007230   0x00000088   Code   RO          925    i.get_fsinfo        FS_CM3.lib(fs_fat.o)
    0x000072b8   0x0000004c   Code   RO          926    i.get_mbrec         FS_CM3.lib(fs_fat.o)
    0x00007304   0x000001bc   Code   RO          927    i.get_next_info     FS_CM3.lib(fs_fat.o)
    0x000074c0   0x00000190   Code   RO          928    i.get_nt_name       FS_CM3.lib(fs_fat.o)
    0x00007650   0x00000030   Code   RO          929    i.get_time          FS_CM3.lib(fs_fat.o)
    0x00007680   0x0000000c   Code   RO          930    i.get_u32           FS_CM3.lib(fs_fat.o)
    0x0000768c   0x00000114   Code   RO          931    i.init_dev          FS_CM3.lib(fs_fat.o)
    0x000077a0   0x00000038   Code   RO          932    i.is_EOC            FS_CM3.lib(fs_fat.o)
    0x000077d8   0x0000001e   Code   RO          933    i.lfn_calc_chksum   FS_CM3.lib(fs_fat.o)
    0x000077f6   0x000000ba   Code   RO         1631    i.mmc_command       FS_CM3.lib(fs_mmc.o)
    0x000078b0   0x000001b4   Code   RO         1632    i.mmc_init          FS_CM3.lib(fs_mmc.o)
    0x00007a64   0x00000070   Code   RO         1633    i.mmc_read_block    FS_CM3.lib(fs_mmc.o)
    0x00007ad4   0x0000005c   Code   RO         1636    i.mmc_read_sect     FS_CM3.lib(fs_mmc.o)
    0x00007b30   0x00000090   Code   RO         1637    i.mmc_write_block   FS_CM3.lib(fs_mmc.o)
    0x00007bc0   0x0000005c   Code   RO         1638    i.mmc_write_sect    FS_CM3.lib(fs_mmc.o)
    0x00007c1c   0x00000080   Code   RO          934    i.read_cache        FS_CM3.lib(fs_fat.o)
    0x00007c9c   0x00000038   Code   RO          935    i.read_last_entry   FS_CM3.lib(fs_fat.o)
    0x00007cd4   0x00000054   Code   RO          936    i.read_sector       FS_CM3.lib(fs_fat.o)
    0x00007d28   0x0000001c   Code   RO         1600    i.rt_alloc_box      RTX_CM3.LIB(rt_membox.o)
    0x00007d44   0x00000038   Code   RO          702    i.rt_block          RTX_CM3.LIB(rt_task.o)
    0x00007d7c   0x00000048   Code   RO         1577    i.rt_chk_robin      RTX_CM3.LIB(rt_robin.o)
    0x00007dc4   0x00000074   Code   RO         1498    i.rt_dec_dly        RTX_CM3.LIB(rt_list.o)
    0x00007e38   0x00000044   Code   RO          703    i.rt_dispatch       RTX_CM3.LIB(rt_task.o)
    0x00007e7c   0x00000006   Code   RO          797    i.rt_dly_wait       RTX_CM3.LIB(rt_time.o)
    0x00007e82   0x00000002   PAD
    0x00007e84   0x0000004c   Code   RO         1704    i.rt_evt_psh        RTX_CM3.LIB(rt_event.o)
    0x00007ed0   0x00000020   Code   RO         1601    i.rt_free_box       RTX_CM3.LIB(rt_membox.o)
    0x00007ef0   0x00000028   Code   RO         1499    i.rt_get_first      RTX_CM3.LIB(rt_list.o)
    0x00007f18   0x00000044   Code   RO          704    i.rt_init_context   RTX_CM3.LIB(rt_task.o)
    0x00007f5c   0x00000018   Code   RO         1578    i.rt_init_robin     RTX_CM3.LIB(rt_robin.o)
    0x00007f74   0x00000050   Code   RO          856    i.rt_init_stack     RTX_CM3.LIB(hal_cm3.o)
    0x00007fc4   0x000000c0   Code   RO         1747    i.rt_mbx_psh        RTX_CM3.LIB(rt_mailbox.o)
    0x00008084   0x00000010   Code   RO          828    i.rt_mut_init       RTX_CM3.LIB(rt_mutex.o)
    0x00008094   0x000000ac   Code   RO          829    i.rt_mut_release    RTX_CM3.LIB(rt_mutex.o)
    0x00008140   0x00000064   Code   RO          830    i.rt_mut_wait       RTX_CM3.LIB(rt_mutex.o)
    0x000081a4   0x00000084   Code   RO         1447    i.rt_pop_req        RTX_CM3.LIB(rt_system.o)
    0x00008228   0x00000048   Code   RO         1502    i.rt_put_dly        RTX_CM3.LIB(rt_list.o)
    0x00008270   0x00000036   Code   RO         1503    i.rt_put_prio       RTX_CM3.LIB(rt_list.o)
    0x000082a6   0x00000002   PAD
    0x000082a8   0x00000014   Code   RO         1504    i.rt_put_rdy_first  RTX_CM3.LIB(rt_list.o)
    0x000082bc   0x00000034   Code   RO         1505    i.rt_resort_prio    RTX_CM3.LIB(rt_list.o)
    0x000082f0   0x00000028   Code   RO         1506    i.rt_rmv_dly        RTX_CM3.LIB(rt_list.o)
    0x00008318   0x00000030   Code   RO         1507    i.rt_rmv_list       RTX_CM3.LIB(rt_list.o)
    0x00008348   0x00000034   Code   RO         1793    i.rt_sem_psh        RTX_CM3.LIB(rt_semaphore.o)
    0x0000837c   0x00000024   Code   RO         1449    i.rt_stk_check      RTX_CM3.LIB(rt_system.o)
    0x000083a0   0x00000028   Code   RO          705    i.rt_switch_req     RTX_CM3.LIB(rt_task.o)
    0x000083c8   0x00000120   Code   RO          706    i.rt_sys_init       RTX_CM3.LIB(rt_task.o)
    0x000084e8   0x0000003c   Code   RO         1450    i.rt_systick        RTX_CM3.LIB(rt_system.o)
    0x00008524   0x00000040   Code   RO         1829    i.rt_tmr_tick       RTX_CM3.LIB(rt_timer.o)
    0x00008564   0x00000090   Code   RO          707    i.rt_tsk_create     RTX_CM3.LIB(rt_task.o)
    0x000085f4   0x000000ac   Code   RO          708    i.rt_tsk_delete     RTX_CM3.LIB(rt_task.o)
    0x000086a0   0x00000010   Code   RO          711    i.rt_tsk_self       RTX_CM3.LIB(rt_task.o)
    0x000086b0   0x00000230   Code   RO          938    i.search_for_name   FS_CM3.lib(fs_fat.o)
    0x000088e0   0x0000008c   Code   RO          939    i.set_next_clus     FS_CM3.lib(fs_fat.o)
    0x0000896c   0x00000008   Code   RO          940    i.set_u16           FS_CM3.lib(fs_fat.o)
    0x00008974   0x00000010   Code   RO          941    i.set_u32           FS_CM3.lib(fs_fat.o)
    0x00008984   0x00000130   Code   RO          942    i.unlink_clus_chain  FS_CM3.lib(fs_fat.o)
    0x00008ab4   0x00000012   Code   RO          943    i.val_char          FS_CM3.lib(fs_fat.o)
    0x00008ac6   0x0000003c   Code   RO          944    i.val_char_sn       FS_CM3.lib(fs_fat.o)
    0x00008b02   0x00000002   PAD
    0x00008b04   0x0000008c   Code   RO          946    i.write_cache       FS_CM3.lib(fs_fat.o)
    0x00008b90   0x000000ec   Code   RO          947    i.write_dot_entries  FS_CM3.lib(fs_fat.o)
    0x00008c7c   0x000002cc   Code   RO          948    i.write_entries     FS_CM3.lib(fs_fat.o)
    0x00008f48   0x000000e4   Code   RO          949    i.write_fat_link    FS_CM3.lib(fs_fat.o)
    0x0000902c   0x00000070   Code   RO          950    i.write_fsinfo      FS_CM3.lib(fs_fat.o)
    0x0000909c   0x00000020   Code   RO          953    i.write_sector      FS_CM3.lib(fs_fat.o)
    0x000090bc   0x00000014   Data   RO           12    .constdata          retarget.o
    0x000090d0   0x00000038   Data   RO           48    .constdata          file_config.o
    0x00009108   0x00000028   Data   RO          229    .constdata          uartstdio.o
    0x00009130   0x0000000d   Data   RO          310    .constdata          tlv320aic23b.o
    0x0000913d   0x00000003   PAD
    0x00009140   0x00000028   Data   RO          359    .constdata          rtx_config.o
    0x00009168   0x00000078   Data   RO          420    .constdata          gpio.o
    0x000091e0   0x00000030   Data   RO          434    .constdata          i2c.o
    0x00009210   0x00000104   Data   RO          466    .constdata          interrupt.o
    0x00009314   0x00000020   Data   RO          481    .constdata          ssi.o
    0x00009334   0x000001c4   Data   RO          499    .constdata          sysctl.o
    0x000094f8   0x00000040   Data   RO          533    .constdata          uart.o
    0x00009538   0x000000a9   Data   RO          955    .constdata          FS_CM3.lib(fs_fat.o)
    0x000095e1   0x00000011   Data   RO          230    .conststring        uartstdio.o
    0x000095f2   0x000000a3   Data   RO          326    .conststring        main.o
    0x00009695   0x00000003   PAD
    0x00009698   0x00000020   Data   RO         2209    Region$$Table       anon$$obj.o


    Execution Region RW_IRAM1 (Base: 0x20000000, Size: 0x00009a48, Max: 0x00018000, ABSOLUTE, COMPRESSED[0x00000048])

    Base Addr    Size         Type   Attr      Idx    E Section Name        Object

    0x20000000   0x0000001c   Data   RW          231    .data               uartstdio.o
    0x2000001c   0x0000003c   Data   RW          280    .data               sound.o
    0x20000058   0x00000002   Data   RW          311    .data               tlv320aic23b.o
    0x2000005a   0x00000002   PAD
    0x2000005c   0x000000c0   Data   RW          327    .data               main.o
    0x2000011c   0x00000008   Data   RW          360    .data               rtx_config.o
    0x20000124   0x00000008   Data   RW          713    .data               RTX_CM3.LIB(rt_task.o)
    0x2000012c   0x00000002   Data   RW          800    .data               RTX_CM3.LIB(rt_time.o)
    0x2000012e   0x00000001   Data   RW          857    .data               RTX_CM3.LIB(hal_cm3.o)
    0x2000012f   0x00000001   PAD
    0x20000130   0x00000014   Data   RW          956    .data               FS_CM3.lib(fs_fat.o)
    0x20000144   0x00000002   Data   RW         1453    .data               RTX_CM3.LIB(rt_system.o)
    0x20000146   0x00000002   PAD
    0x20000148   0x00000008   Data   RW         1579    .data               RTX_CM3.LIB(rt_robin.o)
    0x20000150   0x00000001   Data   RW         1639    .data               FS_CM3.lib(fs_mmc.o)
    0x20000151   0x00000003   PAD
    0x20000154   0x00000008   Data   RW         1830    .data               RTX_CM3.LIB(rt_timer.o)
    0x2000015c   0x00000004   Data   RW         1976    .data               c_w.l(streamlock.o)
    0x20000160   0x00000004   Data   RW         1980    .data               c_w.l(stdio_streams.o)
    0x20000164   0x00000004   Data   RW         1981    .data               c_w.l(stdio_streams.o)
    0x20000168   0x00000004   Data   RW         1982    .data               c_w.l(stdio_streams.o)
    0x2000016c   0x00000294   PAD
    0x20000400   0x0000026c   Data   RW          467    vtable              interrupt.o
    0x2000066c   0x00000740   Zero   RW           47    .bss                file_config.o
    0x20000dac   0x00000254   PAD
    0x20001000   0x00000400   Zero   RW          178    .bss                hal_system.o
    0x20001400   0x00000024   Zero   RW          208    .bss                cmdline.o
    0x20001424   0x00000480   Zero   RW          228    .bss                uartstdio.o
    0x200018a4   0x00000830   Zero   RW          279    .bss                sound.o
    0x200020d4   0x000010b8   Zero   RW          325    .bss                main.o
    0x2000318c   0x00000004   PAD
    0x20003190   0x000054a8   Zero   RW          358    .bss                rtx_config.o
    0x20008638   0x00000030   Zero   RW          712    .bss                RTX_CM3.LIB(rt_task.o)
    0x20008668   0x00000154   Zero   RW          954    .bss                FS_CM3.lib(fs_fat.o)
    0x200087bc   0x00000030   Zero   RW         1508    .bss                RTX_CM3.LIB(rt_list.o)
    0x200087ec   0x00000060   Zero   RW         1857    .bss                c_w.l(libspace.o)
    0x2000884c   0x00000054   Zero   RW         1977    .bss                c_w.l(stdio_streams.o)
    0x200088a0   0x00000054   Zero   RW         1978    .bss                c_w.l(stdio_streams.o)
    0x200088f4   0x00000054   Zero   RW         1979    .bss                c_w.l(stdio_streams.o)
    0x20008948   0x00001000   Zero   RW            2    HEAP                startup.o
    0x20009948   0x00000100   Zero   RW            1    STACK               startup.o


==============================================================================

Image component sizes


      Code (inc. data)   RO Data    RW Data    ZI Data      Debug   Object Name

       124         10          0          0         36       1551   cmdline.o
        38          0          0          0          0        524   cpu.o
         0          0         56          0       1856       9002   file_config.o
      1976         48        120          0          0      10737   gpio.o
       148          8          0          0          0       1117   hal_led.o
       184         34          0          0       1024      14719   hal_system.o
       652         32         48          0          0       8676   i2c.o
       572          0          0          0          0       5067   i2s.o
       684         42        260        620          0       3836   interrupt.o
      1688        466        163        192       4280       8203   main.o
       308         28         20          0          0      10321   retarget.o
       148         26         40          8      21672       2820   rtx_config.o
      2312        248          0         60       2096       7436   sound.o
       244         20          0          0          0       4192   spi_lm3s37x8.o
       368          4         32          0          0       4879   ssi.o
       660        640          0          0       4352        404   startup.o
      2982        188        452          0          0      11463   sysctl.o
       456         24         13          2          0       4373   tlv320aic23b.o
       776          6         64          0          0       9888   uart.o
      1896        102         57         28       1152       7789   uartstdio.o
       800         18          0          0          0      16249   udma.o

    ----------------------------------------------------------------------
     17020       1944       1363        912      37068     143246   Object Totals
         0          0         32          0          0          0   (incl. Generated)
         4          0          6          2        600          0   (incl. Padding)

    ----------------------------------------------------------------------

      Code (inc. data)   RO Data    RW Data    ZI Data      Debug   Library Member Name

       132          8          0          0          0        843   _fs_fclose.o
       280          0          0          0          0       1247   _fs_fcreate.o
       130          0          0          0          0        959   _fs_fdelete.o
       200          0          0          0          0       1149   _fs_ffind.o
      1116         20          0          0          0       9700   _fs_flashio.o
       144         10          0          0          0        793   _fs_flushbuf.o
       384         16          0          0          0       9879   _fs_fopen.o
       176          6          0          0          0       1193   _fs_getfsize.o
       172          8          0          0          0       1165   _fs_read.o
       244         10          0          0          0       1276   _fs_setfpos.o
       260          8          0          0          0       1162   _fs_write.o
      7366        368        169         20        340      37881   fs_fat.o
       508         22          0          0          0       1576   fs_ffind.o
        60         14          0          0          0       8881   fs_finit.o
        28          0          0          0          0       3270   fs_flashprg.o
       326         44          0          0          0       3899   fs_lib.o
      1062         30          0          1          0       5416   fs_mmc.o
        14          4          0          0          0        792   fs_time.o
         4          4          0          0          0        128   SVC_Table.o
       504         52          0          1          0       2505   hal_cm3.o
        76          4          0          0          0        585   rt_event.o
       442         30          0          0         48       4254   rt_list.o
       192          4          0          0          0        733   rt_mailbox.o
       130          0          0          0          0       1681   rt_membox.o
       288         12          0          0          0       1733   rt_mutex.o
        96         24          0          8          0        930   rt_robin.o
        52          6          0          0          0        505   rt_semaphore.o
       228         38          0          2          0       1477   rt_system.o
       852        156          0          8         48       6734   rt_task.o
         6          0          0          2          0        512   rt_time.o
        64          8          0          8          0        563   rt_timer.o
        58          0          0          0          0          0   __dczerorl.o
         8          0          0          0          0         68   __main.o
        52          8          0          0          0          0   __scatter.o
        28          0          0          0          0          0   __scatter_zi.o
        10          0          0          0          0         68   defsig_exit.o
        50          0          0          0          0         88   defsig_general.o
        80         58          0          0          0         76   defsig_rtmem_inner.o
        14          0          0          0          0         80   defsig_rtmem_outer.o
        52         38          0          0          0         76   defsig_rtred_inner.o
        14          0          0          0          0         80   defsig_rtred_outer.o
        12          0          0          0          0         72   exit.o
        76          0          0          0          0         88   fclose.o
        52          6          0          0          0         80   fclose_locked.o
        30          0          0          0          0         80   feof_locked.o
       144         10          0          0          0        128   fflush_locked.o
        24          0          0          0          0         68   fgetc.o
        32          0          0          0          0         80   fgetc_locked.o
       576          0          0          0          0        132   filbuf.o
        92          8          0          0          0         88   flushlinebuffered_locked.o
       324          8          0          0          0        152   fopen_locked.o
       310          0          0          0          0         96   freadfast_locked.o
       248          6          0          0          0         84   fseek.o
        70          0          0          0          0         76   ftell.o
       158          0          0          0          0        128   h1_alloc_mt.o
        62          0          0          0          0         80   h1_extend_mt.o
       118          0          0          0          0        108   h1_free_mt.o
        18          0          0          0          0         84   h1_init_mt.o
         6          0          0          0          0        152   heapauxi.o
         4          0          0          0          0        136   hguard.o
       138          0          0          0          0        168   init_alloc.o
       456         48          0          0          0        116   initio_locked.o
         2          0          0          0          0          0   libinit.o
        14          0          0          0          0          0   libinit2.o
         2          0          0          0          0          0   libshutdown.o
         6          0          0          0          0          0   libshutdown2.o
         8          4          0          0         96         68   libspace.o
         0          0          0          0          0          0   maybetermalloc1.o
         4          0          0          0          0         68   rt_errno_addr_twolibspace.o
        10          0          0          0          0         76   rt_heap_descriptor_twolibspace.o
        68          0          0          0          0         68   rt_memclr.o
        78          0          0          0          0         80   rt_memclr_w.o
       138          0          0          0          0         68   rt_memcpy_v6.o
       100          0          0          0          0         80   rt_memcpy_w.o
         0          0          0          0          0          0   rtentry.o
        12          0          0          0          0          0   rtentry2.o
         6          0          0          0          0          0   rtentry4.o
         2          0          0          0          0          0   rtexit.o
        10          0          0          0          0          0   rtexit2.o
       104          0          0          0          0         88   setvbuf_locked.o
       240          6          0          0          0        156   stdio.o
         0          0          0         12        252          0   stdio_streams.o
       128          0          0          0          0         68   strcmpv7m.o
        72          0          0          0          0         80   strcpy.o
         0          0          0          4          0          0   streamlock.o
        62          0          0          0          0         76   strlen.o
        74          0          0          0          0         80   sys_stackheap_outer.o
         2          0          0          0          0         68   use_no_semi.o

    ----------------------------------------------------------------------
     20032       1106        169        732        784     117277   Library Totals
        38          0          0        666          0          0   (incl. Padding)

    ----------------------------------------------------------------------

      Code (inc. data)   RO Data    RW Data    ZI Data      Debug   Library Name

     12602        568        169         21        340      91081   FS_CM3.lib
      2934        338          0         29         96      22340   RTX_CM3.LIB
      4458        200          0         16        348       3856   c_w.l

    ----------------------------------------------------------------------
     20032       1106        169        732        784     117277   Library Totals

    ----------------------------------------------------------------------

==============================================================================


      Code (inc. data)   RO Data    RW Data    ZI Data      Debug   

     37052       3050       1532       1644      37852     249239   Grand Totals
     37052       3050       1532         72      37852     249239   ELF Image Totals (compressed)
     37052       3050       1532         72          0          0   ROM Totals

==============================================================================

    Total RO  Size (Code + RO Data)                38584 (  37.68kB)
    Total RW  Size (RW Data + ZI Data)             39496 (  38.57kB)
    Total ROM Size (Code + RO Data + RW Data)      38656 (  37.75kB)

==============================================================================

