ARM Linker, 5.03 [Build 76] [MDK-ARM Standard]

==============================================================================

Section Cross References

    startup.o(STACK) refers (Special) to heapauxi.o(.text) for __use_two_region_memory
    startup.o(HEAP) refers (Special) to heapauxi.o(.text) for __use_two_region_memory
    startup.o(RESET) refers (Special) to heapauxi.o(.text) for __use_two_region_memory
    startup.o(RESET) refers to startup.o(STACK) for StackMem
    startup.o(RESET) refers to hal_cm3.o(.emb_text) for SVC_Handler
    startup.o(RESET) refers to uartstdio.o(.text) for UARTStdioIntHandler
    startup.o(RESET) refers to __main.o(!!!main) for __main
    startup.o(.text) refers (Special) to heapauxi.o(.text) for __use_two_region_memory
    startup.o(.text) refers to startup.o(HEAP) for HeapMem
    startup.o(.text) refers to startup.o(STACK) for StackMem
    spi_lm3s37x8.o(.text) refers to sysctl.o(.text) for SysCtlPeripheralEnable
    spi_lm3s37x8.o(.text) refers to gpio.o(.text) for GPIODirModeSet
    spi_lm3s37x8.o(.text) refers to ssi.o(.text) for SSIConfigSetExpClk
    retarget.o(.text) refers (Special) to use_no_semi.o(.text) for __use_no_semihosting_swi
    retarget.o(.text) refers to strcmpv7m.o(.text) for strcmp
    retarget.o(.text) refers to _fs_fopen.o(i.__fopen) for __fopen
    retarget.o(.text) refers to _fs_fclose.o(i.__fclose) for __fclose
    retarget.o(.text) refers to _fs_write.o(i.__write) for __write
    retarget.o(.text) refers to _fs_read.o(i.__read) for __read
    retarget.o(.text) refers to _fs_setfpos.o(i.__setfpos) for __setfpos
    retarget.o(.text) refers to _fs_flushbuf.o(i.__flushbuf) for __flushbuf
    retarget.o(.text) refers to _fs_getfsize.o(i.__getfsize) for __getfsize
    retarget.o(.text) refers to file_config.o(.bss) for _iob
    retarget.o(.constdata) refers (Special) to use_no_semi.o(.text) for __use_no_semihosting_swi
    hal_led.o(.text) refers to sysctl.o(.text) for SysCtlPeripheralEnable
    hal_led.o(.text) refers to gpio.o(.text) for GPIOPinTypeGPIOOutput
    hal_system.o(.text) refers to sysctl.o(.text) for SysCtlClockSet
    hal_system.o(.text) refers to interrupt.o(.text) for IntMasterEnable
    hal_system.o(.text) refers to uart.o(.text) for UARTEnable
    hal_system.o(.text) refers to gpio.o(.text) for GPIOPinTypeUART
    hal_system.o(.text) refers to uartstdio.o(.text) for UARTStdioInit
    cmdline.o(.text) refers to strcmpv7m.o(.text) for strcmp
    cmdline.o(.text) refers to cmdline.o(.bss) for argv
    cmdline.o(.text) refers to main.o(.data) for g_sCmdTable
    uartstdio.o(.text) refers to uartstdio.o(.data) for g_ulUARTTxWriteIndex
    uartstdio.o(.text) refers to uartstdio.o(.constdata) for g_ulUARTInt
    uartstdio.o(.text) refers to uartstdio.o(.bss) for g_pcUARTTxBuffer
    uartstdio.o(.constdata) refers to uartstdio.o(.conststring) for .conststring
    ustdlib.o(.text) refers to ustdlib.o(.constdata) for g_pcHex
    ustdlib.o(.text) refers to ustdlib.o(.data) for g_ulRandomSeed
    ustdlib.o(.constdata) refers to ustdlib.o(.conststring) for .conststring
    main.o(.text) refers to uartstdio.o(.text) for UARTprintf
    main.o(.text) refers to fs_fformat.o(i.fformat) for fformat
    main.o(.text) refers to fs_fcheck.o(i.fcheck) for fcheck
    main.o(.text) refers to strcat.o(.text) for strcat
    main.o(.text) refers to fopen_locked.o(.text) for fopen
    main.o(.text) refers to fwritefast_locked.o(.text) for fwrite
    main.o(.text) refers to fclose_locked.o(.text) for fclose
    main.o(.text) refers to fgets_locked.o(.text) for fgets
    main.o(.text) refers to fs_ffind.o(i.ffind) for ffind
    main.o(.text) refers to fs_frename.o(i.frename) for frename
    main.o(.text) refers to fs_fdelete.o(i.fdelete) for fdelete
    main.o(.text) refers to main.o(.data) for g_sCmdTable
    main.o(.text) refers to hal_system.o(.text) for sysInit_hal
    main.o(.text) refers to hal_led.o(.text) for ledInit_hal
    main.o(.text) refers to fs_finit.o(i.finit) for finit
    main.o(.text) refers to cmdline.o(.text) for CmdLineProcess
    main.o(.text) refers to main.o(.bss) for g_cCmdBuf
    main.o(.data) refers to main.o(.conststring) for .conststring
    main.o(.data) refers to main.o(.text) for Cmd_help
    rtx_config.o(.text) refers to rt_task.o(i.rt_tsk_self) for rt_tsk_self
    rtx_config.o(.text) refers to rt_mutex.o(i.rt_mut_init) for rt_mut_init
    rtx_config.o(.text) refers to rtx_config.o(.bss) for .bss
    rtx_config.o(.text) refers to libspace.o(.bss) for __libspace_start
    rtx_config.o(.text) refers to rtx_config.o(.data) for .data
    rtx_config.o(.text) refers to rt_mutex.o(i.rt_mut_wait) for rt_mut_wait
    rtx_config.o(.text) refers to rt_mutex.o(i.rt_mut_release) for rt_mut_release
    rtx_config.o(.data) refers to rtx_config.o(.bss) for mp_tmr
    adc.o(.text) refers to interrupt.o(.text) for IntRegister
    adc.o(.text) refers to adc.o(.data) for g_pucOversampleFactor
[...]
    .bss                                     0x20001d04   Section       84  stdio_streams.o(.bss)
    .bss                                     0x20001d58   Section       84  stdio_streams.o(.bss)
    .bss                                     0x20001dac   Section       84  stdio_streams.o(.bss)
    HEAP                                     0x20001e00   Section     4096  startup.o(HEAP)
    HeapMem                                  0x20001e00   Data           0  startup.o(HEAP)
    STACK                                    0x20002e00   Section      256  startup.o(STACK)
    StackMem                                 0x20002e00   Data           0  startup.o(STACK)

    Global Symbols

    Symbol Name                              Value     Ov Type        Size  Object(Section)

    BuildAttributes$$THM_ISAv4$P$D$K$B$S$PE$A:L22UL41UL21$X:L11$S22US41US21$IEEE1$IW$USESV6$~STKCKD$USESV7$~SHL$OTIME$ROPI$EBA8$UX$STANDARDLIB$REQ8$PRES8$EABIv2 0x00000000   Number         0  anon$$obj.o ABSOLUTE
    __ARM_use_no_argv                        0x00000000   Number         0  main.o ABSOLUTE
    __Vectors                                0x00000000   Data           0  startup.o(RESET)
    __ARM_exceptions_init                     - Undefined Weak Reference
    __alloca_initialize                       - Undefined Weak Reference
    __cpp_initialize__aeabi_                  - Undefined Weak Reference
    __cxa_finalize                            - Undefined Weak Reference
    __rt_locale                               - Undefined Weak Reference
    __sigvec_lookup                           - Undefined Weak Reference
    __user_heap_extent                        - Undefined Weak Reference
    _atexit_init                              - Undefined Weak Reference
    _call_atexit_fns                          - Undefined Weak Reference
    _clock_init                               - Undefined Weak Reference
    _fp_trap_init                             - Undefined Weak Reference
    _fp_trap_shutdown                         - Undefined Weak Reference
    _get_lc_collate                           - Undefined Weak Reference
    _get_lc_ctype                             - Undefined Weak Reference
    _get_lc_monetary                          - Undefined Weak Reference
    _get_lc_numeric                           - Undefined Weak Reference
    _get_lc_time                              - Undefined Weak Reference
    _getenv_init                              - Undefined Weak Reference
    _handle_redirection                       - Undefined Weak Reference
    _mutex_free                               - Undefined Weak Reference
    _rand_init                                - Undefined Weak Reference
    _signal_finish                            - Undefined Weak Reference
    _signal_init                              - Undefined Weak Reference
    Reset_Handler                            0x0000026d   Thumb Code     0  startup.o(RESET)
    __main                                   0x00000279   Thumb Code     8  __main.o(!!!main)
    __scatterload                            0x00000281   Thumb Code     0  __scatter.o(!!!scatter)
    __scatterload_rt2                        0x00000281   Thumb Code    44  __scatter.o(!!!scatter)
    __scatterload_rt2_thumb_only             0x00000281   Thumb Code     0  __scatter.o(!!!scatter)
    __scatterload_null                       0x0000028f   Thumb Code     0  __scatter.o(!!!scatter)
    __decompress                             0x000002b5   Thumb Code    58  __dczerorl.o(!!dczerorl)
    __decompress0                            0x000002b5   Thumb Code     0  __dczerorl.o(!!dczerorl)
    __scatterload_zeroinit                   0x000002f1   Thumb Code    28  __scatter_zi.o(!!handler_zi)
    __rt_lib_init                            0x0000030d   Thumb Code     0  libinit.o(.ARM.Collect$$libinit$$00000000)
    __rt_lib_init_fp_1                       0x0000030f   Thumb Code     0  libinit2.o(.ARM.Collect$$libinit$$00000002)
    __rt_lib_init_heap_2                     0x0000030f   Thumb Code     0  libinit2.o(.ARM.Collect$$libinit$$00000003)
    __rt_lib_init_atexit_1                   0x00000317   Thumb Code     0  libinit2.o(.ARM.Collect$$libinit$$00000019)
    __rt_lib_init_clock_1                    0x00000317   Thumb Code     0  libinit2.o(.ARM.Collect$$libinit$$0000001F)
    __rt_lib_init_fp_trap_1                  0x00000317   Thumb Code     0  libinit2.o(.ARM.Collect$$libinit$$0000001D)
    __rt_lib_init_getenv_1                   0x00000317   Thumb Code     0  libinit2.o(.ARM.Collect$$libinit$$00000021)
    __rt_lib_init_heap_1                     0x00000317   Thumb Code     0  libinit2.o(.ARM.Collect$$libinit$$00000008)
    __rt_lib_init_lc_collate_1               0x00000317   Thumb Code     0  libinit2.o(.ARM.Collect$$libinit$$0000000F)
    __rt_lib_init_lc_ctype_1                 0x00000317   Thumb Code     0  libinit2.o(.ARM.Collect$$libinit$$00000011)
    __rt_lib_init_lc_monetary_1              0x00000317   Thumb Code     0  libinit2.o(.ARM.Collect$$libinit$$00000013)
    __rt_lib_init_lc_numeric_1               0x00000317   Thumb Code     0  libinit2.o(.ARM.Collect$$libinit$$00000015)
    __rt_lib_init_lc_time_1                  0x00000317   Thumb Code     0  libinit2.o(.ARM.Collect$$libinit$$00000017)
    __rt_lib_init_rand_1                     0x00000317   Thumb Code     0  libinit2.o(.ARM.Collect$$libinit$$0000000C)
    __rt_lib_init_signal_1                   0x00000317   Thumb Code     0  libinit2.o(.ARM.Collect$$libinit$$0000001B)
    __rt_lib_init_stdio_2                    0x00000317   Thumb Code     0  libinit2.o(.ARM.Collect$$libinit$$00000022)
    __rt_lib_init_user_alloc_1               0x00000317   Thumb Code     0  libinit2.o(.ARM.Collect$$libinit$$0000000A)
    __rt_lib_init_alloca_1                   0x0000031b   Thumb Code     0  libinit2.o(.ARM.Collect$$libinit$$0000002C)
    __rt_lib_init_argv_1                     0x0000031b   Thumb Code     0  libinit2.o(.ARM.Collect$$libinit$$0000002A)
    __rt_lib_init_cpp_1                      0x0000031b   Thumb Code     0  libinit2.o(.ARM.Collect$$libinit$$00000030)
    __rt_lib_init_exceptions_1               0x0000031b   Thumb Code     0  libinit2.o(.ARM.Collect$$libinit$$0000002E)
    __rt_lib_init_return                     0x0000031b   Thumb Code     0  libinit2.o(.ARM.Collect$$libinit$$00000031)
    __rt_lib_init_stdio_1                    0x0000031b   Thumb Code     0  libinit2.o(.ARM.Collect$$libinit$$00000023)
    __rt_lib_shutdown                        0x0000031d   Thumb Code     0  libshutdown.o(.ARM.Collect$$libshutdown$$00000000)
    __rt_lib_shutdown_stdio_2                0x0000031f   Thumb Code     0  libshutdown2.o(.ARM.Collect$$libshutdown$$00000002)
    __rt_lib_shutdown_fp_trap_1              0x00000323   Thumb Code     0  libshutdown2.o(.ARM.Collect$$libshutdown$$00000006)
    __rt_lib_shutdown_heap_1                 0x00000323   Thumb Code     0  libshutdown2.o(.ARM.Collect$$libshutdown$$0000000E)
    __rt_lib_shutdown_return                 0x00000323   Thumb Code     0  libshutdown2.o(.ARM.Collect$$libshutdown$$0000000F)
    __rt_lib_shutdown_signal_1               0x00000323   Thumb Code     0  libshutdown2.o(.ARM.Collect$$libshutdown$$00000009)
    __rt_lib_shutdown_stdio_1                0x00000323   Thumb Code     0  libshutdown2.o(.ARM.Collect$$libshutdown$$00000003)
    __rt_lib_shutdown_user_alloc_1           0x00000323   Thumb Code     0  libshutdown2.o(.ARM.Collect$$libshutdown$$0000000B)
    __rt_entry                               0x00000325   Thumb Code     0  rtentry.o(.ARM.Collect$$rtentry$$00000000)
    __rt_entry_presh_1                       0x00000325   Thumb Code     0  rtentry2.o(.ARM.Collect$$rtentry$$00000002)
    __rt_entry_sh                            0x00000325   Thumb Code     0  rtentry4.o(.ARM.Collect$$rtentry$$00000004)
    __rt_entry_li                            0x0000032b   Thumb Code     0  rtentry2.o(.ARM.Collect$$rtentry$$0000000A)
    __rt_entry_postsh_1                      0x0000032b   Thumb Code     0  rtentry2.o(.ARM.Collect$$rtentry$$00000009)
    __rt_entry_main                          0x0000032f   Thumb Code     0  rtentry2.o(.ARM.Collect$$rtentry$$0000000D)
    __rt_entry_postli_1                      0x0000032f   Thumb Code     0  rtentry2.o(.ARM.Collect$$rtentry$$0000000C)
    __rt_exit                                0x00000337   Thumb Code     0  rtexit.o(.ARM.Collect$$rtexit$$00000000)
    __rt_exit_ls                             0x00000339   Thumb Code     0  rtexit2.o(.ARM.Collect$$rtexit$$00000003)
    __rt_exit_prels_1                        0x00000339   Thumb Code     0  rtexit2.o(.ARM.Collect$$rtexit$$00000002)
    __rt_exit_exit                           0x0000033d   Thumb Code     0  rtexit2.o(.ARM.Collect$$rtexit$$00000004)
    CPUcpsid                                 0x00000345   Thumb Code     8  cpu.o(.emb_text)
    CPUprimask                               0x0000034d   Thumb Code     6  cpu.o(.emb_text)
    CPUcpsie                                 0x00000353   Thumb Code     8  cpu.o(.emb_text)
    CPUwfi                                   0x0000035b   Thumb Code     4  cpu.o(.emb_text)
    CPUbasepriSet                            0x0000035f   Thumb Code     6  cpu.o(.emb_text)
    CPUbasepriGet                            0x00000365   Thumb Code     6  cpu.o(.emb_text)
    SysCtlDelay                              0x0000036d   Thumb Code     6  sysctl.o(.emb_text)
    rt_set_PSP                               0x00000375   Thumb Code     6  hal_cm3.o(.emb_text)
    os_set_env                               0x0000037b   Thumb Code    26  hal_cm3.o(.emb_text)
    _alloc_box                               0x00000399   Thumb Code    28  hal_cm3.o(.emb_text)
    _free_box                                0x000003b9   Thumb Code    28  hal_cm3.o(.emb_text)
    SVC_Handler                              0x000003d9   Thumb Code   132  hal_cm3.o(.emb_text)
    __FS_ARM_VER                             0x00000413   Number         0  fs_finit.o ABSOLUTE
    __RTX_ARM_VER                            0x00000413   Number         0  rt_system.o ABSOLUTE
    PendSV_Handler                           0x00000469   Thumb Code     0  hal_cm3.o(.emb_text)
    Sys_Handler                              0x00000469   Thumb Code    84  hal_cm3.o(.emb_text)
    SysTick_Handler                          0x000004b5   Thumb Code     0  hal_cm3.o(.emb_text)
    __user_initial_stackheap                 0x000004c1   Thumb Code     0  startup.o(.text)
    _maybe_terminate_alloc                   0x000004c1   Thumb Code     0  maybetermalloc1.o(.emb_text)
    spi_init                                 0x000004dd   Thumb Code   118  spi_lm3s37x8.o(.text)
    spi_hi_speed                             0x00000553   Thumb Code    52  spi_lm3s37x8.o(.text)
    spi_ss                                   0x00000587   Thumb Code    16  spi_lm3s37x8.o(.text)
    spi_send                                 0x00000597   Thumb Code    38  spi_lm3s37x8.o(.text)
    _ttywrch                                 0x000005d1   Thumb Code     2  retarget.o(.text)
    _sys_open                                0x000005d3   Thumb Code    64  retarget.o(.text)
    _sys_close                               0x00000613   Thumb Code    22  retarget.o(.text)
    _sys_write                               0x00000629   Thumb Code    38  retarget.o(.text)
    _sys_read                                0x0000064f   Thumb Code    38  retarget.o(.text)
    _sys_istty                               0x00000675   Thumb Code    16  retarget.o(.text)
    _sys_seek                                0x00000685   Thumb Code    28  retarget.o(.text)
    _sys_ensure                              0x000006a1   Thumb Code    24  retarget.o(.text)
    _sys_flen                                0x000006b9   Thumb Code    36  retarget.o(.text)
    _sys_tmpnam                              0x000006dd   Thumb Code     6  retarget.o(.text)
    _sys_command_string                      0x000006e3   Thumb Code     2  retarget.o(.text)
    _sys_exit                                0x000006e5   Thumb Code     4  retarget.o(.text)
    ledInit_hal                              0x00000705   Thumb Code    36  hal_led.o(.text)
    ledOff_hal                               0x00000729   Thumb Code    24  hal_led.o(.text)
    ledOn_hal                                0x00000741   Thumb Code    24  hal_led.o(.text)
    sysInit_hal                              0x00000761   Thumb Code    60  hal_system.o(.text)
    CmdLineProcess                           0x000007ad   Thumb Code   114  cmdline.o(.text)
    UARTFlushTx                              0x000008eb   Thumb Code    58  uartstdio.o(.text)
    UARTFlushRx                              0x00000925   Thumb Code    38  uartstdio.o(.text)
    UARTStdioInitExpClk                      0x0000094b   Thumb Code   188  uartstdio.o(.text)
    UARTStdioInit                            0x00000a07   Thumb Code    16  uartstdio.o(.text)
    UARTwrite                                0x00000a17   Thumb Code   146  uartstdio.o(.text)
    UARTgets                                 0x00000aa9   Thumb Code    82  uartstdio.o(.text)
    UARTgetc                                 0x00000afb   Thumb Code    42  uartstdio.o(.text)
    UARTprintf                               0x00000b25   Thumb Code   638  uartstdio.o(.text)
    UARTRxBytesAvail                         0x00000da3   Thumb Code    14  uartstdio.o(.text)
    UARTTxBytesFree                          0x00000db1   Thumb Code    20  uartstdio.o(.text)
    UARTPeek                                 0x00000dc5   Thumb Code    58  uartstdio.o(.text)
    UARTEchoSet                              0x00000dff   Thumb Code    14  uartstdio.o(.text)
    UARTStdioIntHandler                      0x00000e0d   Thumb Code   330  uartstdio.o(.text)
    Cmd_help                                 0x00000f91   Thumb Code    48  main.o(.text)
    Cmd_format                               0x00000fc1   Thumb Code    36  main.o(.text)
    Cmd_check                                0x00000fe5   Thumb Code    36  main.o(.text)
    Cmd_write                                0x00001009   Thumb Code   432  main.o(.text)
    Cmd_list                                 0x000011b9   Thumb Code    60  main.o(.text)
    Cmd_cat                                  0x000011f5   Thumb Code    70  main.o(.text)
    Cmd_rename                               0x0000123b   Thumb Code    36  main.o(.text)
    Cmd_rm                                   0x0000125f   Thumb Code   982  main.o(.text)
    Cmd_dummy                                0x00001635   Thumb Code    16  main.o(.text)
    main                                     0x00001645   Thumb Code    90  main.o(.text)
    os_idle_demon                            0x00001761   Thumb Code     4  rtx_config.o(.text)
    os_tmr_call                              0x00001765   Thumb Code     2  rtx_config.o(.text)
    os_error                                 0x00001767   Thumb Code     4  rtx_config.o(.text)
    __user_perthread_libspace                0x0000176b   Thumb Code    26  rtx_config.o(.text)
    _mutex_initialize                        0x00001785   Thumb Code    38  rtx_config.o(.text)
    _mutex_acquire                           0x000017ab   Thumb Code    26  rtx_config.o(.text)
    _mutex_release                           0x000017c5   Thumb Code    22  rtx_config.o(.text)
    GPIODirModeSet                           0x000018d5   Thumb Code    64  gpio.o(.text)
    GPIODirModeGet                           0x00001915   Thumb Code    46  gpio.o(.text)
    GPIOIntTypeSet                           0x00001943   Thumb Code    92  gpio.o(.text)
    GPIOIntTypeGet                           0x0000199f   Thumb Code    62  gpio.o(.text)
    GPIOPadConfigSet                         0x000019dd   Thumb Code   262  gpio.o(.text)
    GPIOPadConfigGet                         0x00001ae3   Thumb Code   196  gpio.o(.text)
    GPIOPinIntEnable                         0x00001ba7   Thumb Code    16  gpio.o(.text)
    GPIOPinIntDisable                        0x00001bb7   Thumb Code    16  gpio.o(.text)
    GPIOPinIntStatus                         0x00001bc7   Thumb Code    38  gpio.o(.text)
    GPIOPinIntClear                          0x00001bed   Thumb Code     8  gpio.o(.text)
    GPIOPortIntRegister                      0x00001bf5   Thumb Code    30  gpio.o(.text)
    GPIOPortIntUnregister                    0x00001c13   Thumb Code    26  gpio.o(.text)
    GPIOPinRead                              0x00001c2d   Thumb Code    12  gpio.o(.text)
    GPIOPinWrite                             0x00001c39   Thumb Code    10  gpio.o(.text)
    GPIOPinTypeADC                           0x00001c43   Thumb Code    30  gpio.o(.text)
    GPIOPinTypeCAN                           0x00001c61   Thumb Code    30  gpio.o(.text)
    GPIOPinTypeComparator                    0x00001c7f   Thumb Code    30  gpio.o(.text)
    GPIOPinTypeEPI                           0x00001c9d   Thumb Code    30  gpio.o(.text)
    GPIOPinTypeEthernetLED                   0x00001cbb   Thumb Code    30  gpio.o(.text)
    GPIOPinTypeEthernetMII                   0x00001cd9   Thumb Code    30  gpio.o(.text)
    GPIOPinTypeFan                           0x00001cf7   Thumb Code    30  gpio.o(.text)
    GPIOPinTypeGPIOInput                     0x00001d15   Thumb Code    30  gpio.o(.text)
    GPIOPinTypeGPIOOutput                    0x00001d33   Thumb Code    30  gpio.o(.text)
    GPIOPinTypeGPIOOutputOD                  0x00001d51   Thumb Code    30  gpio.o(.text)
    GPIOPinTypeI2C                           0x00001d6f   Thumb Code    30  gpio.o(.text)
    GPIOPinTypeI2CSCL                        0x00001d8d   Thumb Code    58  gpio.o(.text)
    GPIOPinTypeI2S                           0x00001dc7   Thumb Code    30  gpio.o(.text)
    GPIOPinTypeLPC                           0x00001de5   Thumb Code    30  gpio.o(.text)
    GPIOPinTypePECIRx                        0x00001e03   Thumb Code    30  gpio.o(.text)
    GPIOPinTypePECITx                        0x00001e21   Thumb Code    30  gpio.o(.text)
    GPIOPinTypePWM                           0x00001e3f   Thumb Code    30  gpio.o(.text)
    GPIOPinTypeQEI                           0x00001e5d   Thumb Code    30  gpio.o(.text)
    GPIOPinTypeSSI                           0x00001e7b   Thumb Code    30  gpio.o(.text)
    GPIOPinTypeTimer                         0x00001e99   Thumb Code    30  gpio.o(.text)
    GPIOPinTypeUART                          0x00001eb7   Thumb Code    30  gpio.o(.text)
    GPIOPinTypeUSBAnalog                     0x00001ed5   Thumb Code    30  gpio.o(.text)
    GPIOPinTypeUSBDigital                    0x00001ef3   Thumb Code    30  gpio.o(.text)
    GPIOPinConfigure                         0x00001f11   Thumb Code    74  gpio.o(.text)
    GPIODMATriggerEnable                     0x00001f5b   Thumb Code    16  gpio.o(.text)
    GPIODMATriggerDisable                    0x00001f6b   Thumb Code    16  gpio.o(.text)
    GPIOADCTriggerEnable                     0x00001f7b   Thumb Code    16  gpio.o(.text)
    GPIOADCTriggerDisable                    0x00001f8b   Thumb Code    16  gpio.o(.text)
    IntMasterEnable                          0x00001fb1   Thumb Code    10  interrupt.o(.text)
    IntMasterDisable                         0x00001fbb   Thumb Code    10  interrupt.o(.text)
    IntRegister                              0x00001fc5   Thumb Code    52  interrupt.o(.text)
    IntUnregister                            0x00001ff9   Thumb Code    10  interrupt.o(.text)
    IntPriorityGroupingSet                   0x00002003   Thumb Code    18  interrupt.o(.text)
    IntPriorityGroupingGet                   0x00002015   Thumb Code    36  interrupt.o(.text)
    IntPrioritySet                           0x00002039   Thumb Code    46  interrupt.o(.text)
    IntPriorityGet                           0x00002067   Thumb Code    22  interrupt.o(.text)
    IntEnable                                0x0000207d   Thumb Code   120  interrupt.o(.text)
    IntDisable                               0x000020f5   Thumb Code   120  interrupt.o(.text)
    IntPendSet                               0x0000216d   Thumb Code    98  interrupt.o(.text)
    IntPendClear                             0x000021cf   Thumb Code    76  interrupt.o(.text)
    IntPriorityMaskSet                       0x0000221b   Thumb Code    12  interrupt.o(.text)
    IntPriorityMaskGet                       0x00002227   Thumb Code     8  interrupt.o(.text)
    SSIConfigSetExpClk                       0x0000227f   Thumb Code   102  ssi.o(.text)
    SSIEnable                                0x000022e5   Thumb Code    10  ssi.o(.text)
    SSIDisable                               0x000022ef   Thumb Code    10  ssi.o(.text)
    SSIIntRegister                           0x000022f9   Thumb Code    30  ssi.o(.text)
    SSIIntUnregister                         0x00002317   Thumb Code    26  ssi.o(.text)
    SSIIntEnable                             0x00002331   Thumb Code     8  ssi.o(.text)
    SSIIntDisable                            0x00002339   Thumb Code     8  ssi.o(.text)
    SSIIntStatus                             0x00002341   Thumb Code    12  ssi.o(.text)
    SSIIntClear                              0x0000234d   Thumb Code     4  ssi.o(.text)
    SSIDataPut                               0x00002351   Thumb Code    14  ssi.o(.text)
    SSIDataPutNonBlocking                    0x0000235f   Thumb Code    20  ssi.o(.text)
    SSIDataGet                               0x00002373   Thumb Code    16  ssi.o(.text)
    SSIDataGetNonBlocking                    0x00002383   Thumb Code    22  ssi.o(.text)
    SSIDMAEnable                             0x00002399   Thumb Code     8  ssi.o(.text)
    SSIDMADisable                            0x000023a1   Thumb Code     8  ssi.o(.text)
    SSIBusy                                  0x000023a9   Thumb Code    10  ssi.o(.text)
    SSIClockSourceSet                        0x000023b3   Thumb Code     8  ssi.o(.text)
    SSIClockSourceGet                        0x000023bb   Thumb Code    10  ssi.o(.text)
    SysCtlSRAMSizeGet                        0x000023ed   Thumb Code    14  sysctl.o(.text)
    SysCtlFlashSizeGet                       0x000023fb   Thumb Code    14  sysctl.o(.text)
    SysCtlPinPresent                         0x00002409   Thumb Code    18  sysctl.o(.text)
    SysCtlPeripheralPresent                  0x0000241b   Thumb Code   114  sysctl.o(.text)
    SysCtlPeripheralReady                    0x0000248d   Thumb Code    56  sysctl.o(.text)
    SysCtlPeripheralPowerOn                  0x000024c5   Thumb Code    56  sysctl.o(.text)
    SysCtlPeripheralPowerOff                 0x000024fd   Thumb Code    56  sysctl.o(.text)
    SysCtlPeripheralReset                    0x00002535   Thumb Code   212  sysctl.o(.text)
    SysCtlPeripheralEnable                   0x00002609   Thumb Code    96  sysctl.o(.text)
    SysCtlPeripheralDisable                  0x00002669   Thumb Code    96  sysctl.o(.text)
    SysCtlPeripheralSleepEnable              0x000026c9   Thumb Code    96  sysctl.o(.text)
    SysCtlPeripheralSleepDisable             0x00002729   Thumb Code    96  sysctl.o(.text)
    SysCtlPeripheralDeepSleepEnable          0x00002789   Thumb Code   152  sysctl.o(.text)
    SysCtlPeripheralDeepSleepDisable         0x00002821   Thumb Code    96  sysctl.o(.text)
    SysCtlPeripheralClockGating              0x00002881   Thumb Code    30  sysctl.o(.text)
    SysCtlIntRegister                        0x0000289f   Thumb Code    20  sysctl.o(.text)
    SysCtlIntUnregister                      0x000028b3   Thumb Code    16  sysctl.o(.text)
    SysCtlIntEnable                          0x000028c3   Thumb Code    12  sysctl.o(.text)
    SysCtlIntDisable                         0x000028cf   Thumb Code    12  sysctl.o(.text)
    SysCtlIntClear                           0x000028db   Thumb Code     6  sysctl.o(.text)
    SysCtlIntStatus                          0x000028e1   Thumb Code    16  sysctl.o(.text)
    SysCtlLDOSet                             0x000028f1   Thumb Code     6  sysctl.o(.text)
    SysCtlLDOGet                             0x000028f7   Thumb Code     6  sysctl.o(.text)
    SysCtlLDOConfigSet                       0x000028fd   Thumb Code     6  sysctl.o(.text)
    SysCtlReset                              0x00002903   Thumb Code    10  sysctl.o(.text)
    SysCtlSleep                              0x0000290d   Thumb Code     8  sysctl.o(.text)
    SysCtlDeepSleep                          0x00002915   Thumb Code    40  sysctl.o(.text)
    SysCtlResetCauseGet                      0x0000293d   Thumb Code     6  sysctl.o(.text)
    SysCtlResetCauseClear                    0x00002943   Thumb Code    12  sysctl.o(.text)
    SysCtlBrownOutConfigSet                  0x0000294f   Thumb Code    10  sysctl.o(.text)
    SysCtlMOSCConfigSet                      0x00002959   Thumb Code     6  sysctl.o(.text)
    SysCtlPIOSCCalibrate                     0x0000295f   Thumb Code    72  sysctl.o(.text)
    SysCtlClockSet                           0x000029a7   Thumb Code   348  sysctl.o(.text)
    SysCtlClockGet                           0x00002b03   Thumb Code   610  sysctl.o(.text)
    SysCtlDeepSleepClockSet                  0x00002d65   Thumb Code     6  sysctl.o(.text)
    SysCtlPWMClockSet                        0x00002d6b   Thumb Code    16  sysctl.o(.text)
    SysCtlPWMClockGet                        0x00002d7b   Thumb Code    24  sysctl.o(.text)
    SysCtlADCSpeedSet                        0x00002d93   Thumb Code    36  sysctl.o(.text)
    SysCtlADCSpeedGet                        0x00002db7   Thumb Code    10  sysctl.o(.text)
    SysCtlIOSCVerificationSet                0x00002dc1   Thumb Code    30  sysctl.o(.text)
    SysCtlMOSCVerificationSet                0x00002ddf   Thumb Code    30  sysctl.o(.text)
    SysCtlPLLVerificationSet                 0x00002dfd   Thumb Code    30  sysctl.o(.text)
    SysCtlClkVerificationClear               0x00002e1b   Thumb Code    18  sysctl.o(.text)
    SysCtlGPIOAHBEnable                      0x00002e2d   Thumb Code    14  sysctl.o(.text)
    SysCtlGPIOAHBDisable                     0x00002e3b   Thumb Code    14  sysctl.o(.text)
    SysCtlUSBPLLEnable                       0x00002e49   Thumb Code    14  sysctl.o(.text)
    SysCtlUSBPLLDisable                      0x00002e57   Thumb Code    14  sysctl.o(.text)
    SysCtlI2SMClkSet                         0x00002e65   Thumb Code   212  sysctl.o(.text)
    UARTParityModeSet                        0x00002f8f   Thumb Code    12  uart.o(.text)
    UARTParityModeGet                        0x00002f9b   Thumb Code    10  uart.o(.text)
    UARTFIFOLevelSet                         0x00002fa5   Thumb Code     8  uart.o(.text)
    UARTFIFOLevelGet                         0x00002fad   Thumb Code    18  uart.o(.text)
    UARTEnable                               0x00002fbf   Thumb Code    20  uart.o(.text)
    UARTDisable                              0x00002fd3   Thumb Code    30  uart.o(.text)
    UARTConfigSetExpClk                      0x00002ff1   Thumb Code    76  uart.o(.text)
    UARTConfigGetExpClk                      0x0000303d   Thumb Code    44  uart.o(.text)
    UARTFIFOEnable                           0x00003069   Thumb Code    10  uart.o(.text)
    UARTFIFODisable                          0x00003073   Thumb Code    10  uart.o(.text)
    UARTEnableSIR                            0x0000307d   Thumb Code    22  uart.o(.text)
    UARTDisableSIR                           0x00003093   Thumb Code    10  uart.o(.text)
    UARTSmartCardEnable                      0x0000309d   Thumb Code    22  uart.o(.text)
    UARTSmartCardDisable                     0x000030b3   Thumb Code    10  uart.o(.text)
    UARTModemControlSet                      0x000030bd   Thumb Code    12  uart.o(.text)
    UARTModemControlClear                    0x000030c9   Thumb Code    12  uart.o(.text)
    UARTModemControlGet                      0x000030d5   Thumb Code    10  uart.o(.text)
    UARTModemStatusGet                       0x000030df   Thumb Code    12  uart.o(.text)
    UARTFlowControlSet                       0x000030eb   Thumb Code    12  uart.o(.text)
    UARTFlowControlGet                       0x000030f7   Thumb Code    10  uart.o(.text)
    UARTTxIntModeSet                         0x00003101   Thumb Code    12  uart.o(.text)
    UARTTxIntModeGet                         0x0000310d   Thumb Code    10  uart.o(.text)
    UARTCharsAvail                           0x00003117   Thumb Code    12  uart.o(.text)
    UARTSpaceAvail                           0x00003123   Thumb Code    12  uart.o(.text)
    UARTCharGetNonBlocking                   0x0000312f   Thumb Code    20  uart.o(.text)
    UARTCharGet                              0x00003143   Thumb Code    16  uart.o(.text)
    UARTCharPutNonBlocking                   0x00003153   Thumb Code    20  uart.o(.text)
    UARTCharPut                              0x00003167   Thumb Code    14  uart.o(.text)
    UARTBreakCtl                             0x00003175   Thumb Code    20  uart.o(.text)
    UARTBusy                                 0x00003189   Thumb Code    10  uart.o(.text)
    UARTIntRegister                          0x00003193   Thumb Code    30  uart.o(.text)
    UARTIntUnregister                        0x000031b1   Thumb Code    26  uart.o(.text)
    UARTIntEnable                            0x000031cb   Thumb Code     8  uart.o(.text)
    UARTIntDisable                           0x000031d3   Thumb Code     8  uart.o(.text)
    UARTIntStatus                            0x000031db   Thumb Code    12  uart.o(.text)
    UARTIntClear                             0x000031e7   Thumb Code     4  uart.o(.text)
    UARTDMAEnable                            0x000031eb   Thumb Code     8  uart.o(.text)
    UARTDMADisable                           0x000031f3   Thumb Code     8  uart.o(.text)
    UARTRxErrorGet                           0x000031fb   Thumb Code    10  uart.o(.text)
    UARTRxErrorClear                         0x00003205   Thumb Code     6  uart.o(.text)
    UARTClockSourceSet                       0x0000320b   Thumb Code     8  uart.o(.text)
    UARTClockSourceGet                       0x00003213   Thumb Code    10  uart.o(.text)
    UART9BitEnable                           0x0000321d   Thumb Code    14  uart.o(.text)
    UART9BitDisable                          0x0000322b   Thumb Code    14  uart.o(.text)
    UART9BitAddrSet                          0x00003239   Thumb Code    10  uart.o(.text)
    UART9BitAddrSend                         0x00003243   Thumb Code    40  uart.o(.text)
    __user_libspace                          0x00003271   Thumb Code     8  libspace.o(.text)
    __user_perproc_libspace                  0x00003271   Thumb Code     0  libspace.o(.text)
    __semihosting$guard                      0x00003279   Thumb Code     0  use_no_semi.o(.text)
    __use_no_semihosting_swi                 0x00003279   Thumb Code     2  use_no_semi.o(.text)
    __aeabi_uldivmod                         0x0000327b   Thumb Code     0  lludivv7m.o(.text)
    _ll_udiv                                 0x0000327b   Thumb Code   238  lludivv7m.o(.text)
    _fclose$unlocked                         0x00003369   Thumb Code     0  fclose.o(.text)
    _fclose_internal                         0x00003369   Thumb Code    76  fclose.o(.text)
    fclose                                   0x000033b5   Thumb Code    46  fclose_locked.o(.text)
    freopen                                  0x00003497   Thumb Code    42  fopen_locked.o(.text)
    fopen                                    0x000034c1   Thumb Code   100  fopen_locked.o(.text)
    strlen                                   0x0000352d   Thumb Code    62  strlen.o(.text)
    strcat                                   0x0000356b   Thumb Code    24  strcat.o(.text)
    __aeabi_memcpy                           0x00003583   Thumb Code     0  rt_memcpy_v6.o(.text)
    __rt_memcpy                              0x00003583   Thumb Code   138  rt_memcpy_v6.o(.text)
    _memcpy_lastbytes                        0x000035e9   Thumb Code     0  rt_memcpy_v6.o(.text)
    __aeabi_memcpy4                          0x0000360d   Thumb Code     0  rt_memcpy_w.o(.text)
    __aeabi_memcpy8                          0x0000360d   Thumb Code     0  rt_memcpy_w.o(.text)
    __rt_memcpy_w                            0x0000360d   Thumb Code   100  rt_memcpy_w.o(.text)
    _memcpy_lastbytes_aligned                0x00003655   Thumb Code     0  rt_memcpy_w.o(.text)
    __aeabi_memset                           0x00003671   Thumb Code    16  aeabi_memset.o(.text)
    __aeabi_memclr                           0x00003681   Thumb Code     0  rt_memclr.o(.text)
    __rt_memclr                              0x00003681   Thumb Code    68  rt_memclr.o(.text)
    _memset                                  0x00003685   Thumb Code     0  rt_memclr.o(.text)
    __aeabi_memclr4                          0x000036c5   Thumb Code     0  rt_memclr_w.o(.text)
    __aeabi_memclr8                          0x000036c5   Thumb Code     0  rt_memclr_w.o(.text)
    __rt_memclr_w                            0x000036c5   Thumb Code    78  rt_memclr_w.o(.text)
    _memset_w                                0x000036c9   Thumb Code     0  rt_memclr_w.o(.text)
    strcmp                                   0x00003715   Thumb Code   128  strcmpv7m.o(.text)
    __use_two_region_memory                  0x00003795   Thumb Code     2  heapauxi.o(.text)
    __rt_heap_escrow                         0x00003797   Thumb Code     2  heapauxi.o(.text)
    __rt_heap_expand                         0x00003799   Thumb Code     2  heapauxi.o(.text)
    _malloc_internal                         0x000037a3   Thumb Code   130  h1_alloc_mt.o(.text)
    malloc                                   0x00003825   Thumb Code    20  h1_alloc_mt.o(.text)
    _free_internal                           0x00003839   Thumb Code    98  h1_free_mt.o(.text)
    free                                     0x0000389b   Thumb Code    20  h1_free_mt.o(.text)
    _fseek                                   0x000038b1   Thumb Code   242  fseek.o(.text)
    fseek                                    0x000038b1   Thumb Code     0  fseek.o(.text)
    _seterr                                  0x000039a9   Thumb Code    20  stdio.o(.text)
    _writebuf                                0x000039bd   Thumb Code    84  stdio.o(.text)
    _fflush                                  0x00003a11   Thumb Code    70  stdio.o(.text)
    _deferredlazyseek                        0x00003a57   Thumb Code    60  stdio.o(.text)
    __rt_heap_descriptor                     0x00003a99   Thumb Code    10  rt_heap_descriptor_twolibspace.o(.text)
    __use_no_heap                            0x00003aa3   Thumb Code     2  hguard.o(.text)
    __heap$guard                             0x00003aa5   Thumb Code     2  hguard.o(.text)
    _terminate_user_alloc                    0x00003aa7   Thumb Code     2  init_alloc.o(.text)
    _init_user_alloc                         0x00003aa9   Thumb Code     2  init_alloc.o(.text)
    __Heap_Full                              0x00003aab   Thumb Code    34  init_alloc.o(.text)
    __Heap_Broken                            0x00003acd   Thumb Code     6  init_alloc.o(.text)
    _init_alloc                              0x00003ad3   Thumb Code    94  init_alloc.o(.text)
    __Heap_Initialize                        0x00003b31   Thumb Code    14  h1_init_mt.o(.text)
    __Heap_DescSize                          0x00003b3f   Thumb Code     4  h1_init_mt.o(.text)
    _readbuf                                 0x00003b43   Thumb Code    54  filbuf.o(.text)
    _seteof                                  0x00003b79   Thumb Code    40  filbuf.o(.text)
    __filbuf                                 0x00003ba1   Thumb Code   482  filbuf.o(.text)
    __filbuf_byte                            0x00003ba1   Thumb Code     0  filbuf.o(.text)
    __filbuf_wide                            0x00003ba1   Thumb Code     0  filbuf.o(.text)
    __flsbuf                                 0x00003d83   Thumb Code   478  flsbuf.o(.text)
    __flsbuf_byte                            0x00003d83   Thumb Code     0  flsbuf.o(.text)
    __flsbuf_wide                            0x00003d83   Thumb Code     0  flsbuf.o(.text)
    _ftell_internal                          0x00003f61   Thumb Code    70  ftell.o(.text)
    ftell                                    0x00003f61   Thumb Code     0  ftell.o(.text)
    _initio                                  0x00003fa9   Thumb Code   240  initio_locked.o(.text)
    _terminateio                             0x00004099   Thumb Code   168  initio_locked.o(.text)
    __user_setup_stackheap                   0x00004171   Thumb Code    74  sys_stackheap_outer.o(.text)
    __aeabi_errno_addr                       0x000041bb   Thumb Code     4  rt_errno_addr_twolibspace.o(.text)
    __errno$twolibspace                      0x000041bb   Thumb Code     0  rt_errno_addr_twolibspace.o(.text)
    __rt_errno_addr$twolibspace              0x000041bb   Thumb Code     0  rt_errno_addr_twolibspace.o(.text)
    __Heap_ProvideMemory                     0x000041bf   Thumb Code    62  h1_extend_mt.o(.text)
    fgets                                    0x000041fd   Thumb Code    86  fgets_locked.o(.text)
    setvbuf                                  0x00004253   Thumb Code   104  setvbuf_locked.o(.text)
    fwrite                                   0x000042bb   Thumb Code   212  fwritefast_locked.o(.text)
    _flushlinebuffered                       0x00004391   Thumb Code    84  flushlinebuffered_locked.o(.text)
    exit                                     0x000043ed   Thumb Code    12  exit.o(.text)
    __rt_SIGRTRED                            0x000043f9   Thumb Code    14  defsig_rtred_outer.o(.text)
    __rt_SIGRTMEM                            0x00004407   Thumb Code    14  defsig_rtmem_outer.o(.text)
    _do_fflush                               0x00004415   Thumb Code    74  fflush_locked.o(.text)
    fflush                                   0x0000445f   Thumb Code    60  fflush_locked.o(.text)
    __sig_exit                               0x000044a5   Thumb Code    10  defsig_exit.o(.text)
    __rt_SIGRTRED_inner                      0x000044b1   Thumb Code    14  defsig_rtred_inner.o(.text)
    __rt_SIGRTMEM_inner                      0x000044e5   Thumb Code    22  defsig_rtmem_inner.o(.text)
    __default_signal_display                 0x00004535   Thumb Code    50  defsig_general.o(.text)
    SVC_Count                                0x00004568   Data           4  SVC_Table.o(SVC_TABLE)
    SVC_Table                                0x0000456c   Data           0  SVC_Table.o(SVC_TABLE)
    __fclose                                 0x0000456d   Thumb Code   124  _fs_fclose.o(i.__fclose)
    __flushbuf                               0x000045f1   Thumb Code   134  _fs_flushbuf.o(i.__flushbuf)
    __fopen                                  0x00004681   Thumb Code   368  _fs_fopen.o(i.__fopen)
    __getfsize                               0x00004801   Thumb Code   170  _fs_getfsize.o(i.__getfsize)
    __read                                   0x000048b1   Thumb Code   164  _fs_read.o(i.__read)
    __setfpos                                0x0000495d   Thumb Code   234  _fs_setfpos.o(i.__setfpos)
    __write                                  0x00004a51   Thumb Code   252  _fs_write.o(i.__write)
    _fcreate                                 0x00004b55   Thumb Code   280  _fs_fcreate.o(i._fcreate)
    _fdelete                                 0x00004c6d   Thumb Code   130  _fs_fdelete.o(i._fdelete)
    _ffind                                   0x00004cf1   Thumb Code   200  _fs_ffind.o(i._ffind)
    _frename                                 0x00004db9   Thumb Code    76  _fs_frename.o(i._frename)
    dbg_task_switch                          0x000052c7   Thumb Code    16  hal_cm3.o(i.dbg_task_switch)
    fat_close_write                          0x0000538d   Thumb Code   164  fs_fat.o(i.fat_close_write)
    fat_create                               0x00005435   Thumb Code    78  fs_fat.o(i.fat_create)
    fat_delete                               0x00005489   Thumb Code    90  fs_fat.o(i.fat_delete)
    fat_ffind                                0x000054e9   Thumb Code    60  fs_fat.o(i.fat_ffind)
    fat_find_file                            0x000055a9   Thumb Code    70  fs_fat.o(i.fat_find_file)
    fat_format                               0x000055f5   Thumb Code   802  fs_fat.o(i.fat_format)
    fat_init                                 0x00005945   Thumb Code    20  fs_fat.o(i.fat_init)
    fat_read                                 0x00005959   Thumb Code   176  fs_fat.o(i.fat_read)
    fat_rename                               0x00005a0d   Thumb Code   134  fs_fat.o(i.fat_rename)
    fat_set_fpos                             0x00005a99   Thumb Code    98  fs_fat.o(i.fat_set_fpos)
    fat_write                                0x00005b01   Thumb Code   216  fs_fat.o(i.fat_write)
    fcheck                                   0x00005bdd   Thumb Code   182  fs_fcheck.o(i.fcheck)
    fdelete                                  0x00005ca1   Thumb Code   124  fs_fdelete.o(i.fdelete)
    ffind                                    0x00005d29   Thumb Code   486  fs_ffind.o(i.ffind)
    fformat                                  0x00005f25   Thumb Code   162  fs_fformat.o(i.fformat)
    _fgetc$unlocked                          0x00005fd9   Thumb Code    24  fgetc.o(i.fgetc)
    finit                                    0x00005ff9   Thumb Code    46  fs_finit.o(i.finit)
    fn_cmp                                   0x00006035   Thumb Code    30  fs_lib.o(i.fn_cmp)
    frename                                  0x00006055   Thumb Code   242  fs_frename.o(i.frename)
    fs_AllocBlock                            0x00006155   Thumb Code   162  _fs_flashio.o(i.fs_AllocBlock)
    fs_BlockFull                             0x000061f7   Thumb Code    92  _fs_flashio.o(i.fs_BlockFull)
    fs_BlockInvalid                          0x00006253   Thumb Code    48  _fs_flashio.o(i.fs_BlockInvalid)
    fs_EraseSector                           0x00006283   Thumb Code     4  fs_flashprg.o(i.fs_EraseSector)
    fs_Find_File                             0x00006287   Thumb Code   172  _fs_flashio.o(i.fs_Find_File)
    fs_Init                                  0x00006333   Thumb Code     4  fs_flashprg.o(i.fs_Init)
    fs_InitBlock                             0x00006339   Thumb Code    68  _fs_flashio.o(i.fs_InitBlock)
    fs_ProgramPage                           0x00006389   Thumb Code     4  fs_flashprg.o(i.fs_ProgramPage)
    fs_ReadBlock                             0x0000638d   Thumb Code    28  _fs_flashio.o(i.fs_ReadBlock)
    fs_ReadData                              0x000063a9   Thumb Code    18  fs_lib.o(i.fs_ReadData)
    fs_WriteBlock                            0x000063bb   Thumb Code    58  _fs_flashio.o(i.fs_WriteBlock)
    fs_WriteData                             0x000063f5   Thumb Code    16  fs_lib.o(i.fs_WriteData)
    fs_adr_sig                               0x00006405   Thumb Code    22  _fs_flashio.o(i.fs_adr_sig)
    fs_check_fwopen                          0x0000641d   Thumb Code    56  _fs_flashio.o(i.fs_check_fwopen)
    fs_find_iob                              0x0000645d   Thumb Code    42  fs_lib.o(i.fs_find_iob)
    fs_get_date                              0x00006491   Thumb Code     4  fs_time.o(i.fs_get_date)
    fs_get_drive                             0x00006499   Thumb Code    80  fs_lib.o(i.fs_get_drive)
    fs_get_freeID                            0x000064e9   Thumb Code    82  _fs_flashio.o(i.fs_get_freeID)
    fs_get_freeMem                           0x0000653b   Thumb Code    56  _fs_flashio.o(i.fs_get_freeMem)
    fs_get_time                              0x00006573   Thumb Code     6  fs_time.o(i.fs_get_time)
    fs_mark_fileMem                          0x00006579   Thumb Code   122  _fs_flashio.o(i.fs_mark_fileMem)
    fs_mark_freeMem                          0x000065f3   Thumb Code    62  _fs_flashio.o(i.fs_mark_freeMem)
    fs_rd_alloc                              0x00006631   Thumb Code    36  _fs_flashio.o(i.fs_rd_alloc)
    fs_rd_sig                                0x00006655   Thumb Code    32  _fs_flashio.o(i.fs_rd_sig)
    fs_set_params                            0x00006675   Thumb Code    70  fs_lib.o(i.fs_set_params)
    fs_spi_EraseSector                       0x000066dd   Thumb Code     4  fs_flashprg.o(i.fs_spi_EraseSector)
    fs_spi_Init                              0x000066e1   Thumb Code     4  fs_flashprg.o(i.fs_spi_Init)
    fs_spi_ProgramPage                       0x000066e5   Thumb Code     4  fs_flashprg.o(i.fs_spi_ProgramPage)
    fs_spi_ReadData                          0x000066e9   Thumb Code     4  fs_flashprg.o(i.fs_spi_ReadData)
    fs_strpos                                0x000066ed   Thumb Code    26  fs_lib.o(i.fs_strpos)
    mmc_init                                 0x00006fa9   Thumb Code   432  fs_mmc.o(i.mmc_init)
    mmc_read_config                          0x0000721d   Thumb Code   218  fs_mmc.o(i.mmc_read_config)
    mmc_read_sect                            0x000072fd   Thumb Code    86  fs_mmc.o(i.mmc_read_sect)
    mmc_write_sect                           0x000073e9   Thumb Code    86  fs_mmc.o(i.mmc_write_sect)
    rt_alloc_box                             0x000075cd   Thumb Code    28  rt_membox.o(i.rt_alloc_box)
    rt_block                                 0x000075e9   Thumb Code    48  rt_task.o(i.rt_block)
    rt_chk_robin                             0x00007621   Thumb Code    58  rt_robin.o(i.rt_chk_robin)
    rt_dec_dly                               0x00007669   Thumb Code   106  rt_list.o(i.rt_dec_dly)
    rt_dispatch                              0x000076dd   Thumb Code    60  rt_task.o(i.rt_dispatch)
    rt_evt_psh                               0x00007721   Thumb Code    72  rt_event.o(i.rt_evt_psh)
    rt_free_box                              0x0000776d   Thumb Code    32  rt_membox.o(i.rt_free_box)
    rt_get_first                             0x0000778d   Thumb Code    40  rt_list.o(i.rt_get_first)
    rt_mbx_psh                               0x000077b5   Thumb Code   188  rt_mailbox.o(i.rt_mbx_psh)
    rt_mut_init                              0x00007875   Thumb Code    16  rt_mutex.o(i.rt_mut_init)
    rt_mut_release                           0x00007885   Thumb Code   164  rt_mutex.o(i.rt_mut_release)
    rt_mut_wait                              0x00007931   Thumb Code    96  rt_mutex.o(i.rt_mut_wait)
    rt_pop_req                               0x00007995   Thumb Code   114  rt_system.o(i.rt_pop_req)
    rt_put_dly                               0x00007a19   Thumb Code    68  rt_list.o(i.rt_put_dly)
    rt_put_prio                              0x00007a61   Thumb Code    54  rt_list.o(i.rt_put_prio)
    rt_put_rdy_first                         0x00007a99   Thumb Code    14  rt_list.o(i.rt_put_rdy_first)
    rt_resort_prio                           0x00007aad   Thumb Code    46  rt_list.o(i.rt_resort_prio)
    rt_rmv_dly                               0x00007ae1   Thumb Code    40  rt_list.o(i.rt_rmv_dly)
    rt_rmv_list                              0x00007b09   Thumb Code    44  rt_list.o(i.rt_rmv_list)
    rt_sem_psh                               0x00007b39   Thumb Code    46  rt_semaphore.o(i.rt_sem_psh)
    rt_stk_check                             0x00007b6d   Thumb Code    28  rt_system.o(i.rt_stk_check)
    rt_switch_req                            0x00007b91   Thumb Code    30  rt_task.o(i.rt_switch_req)
    rt_systick                               0x00007bb9   Thumb Code    48  rt_system.o(i.rt_systick)
    rt_tmr_tick                              0x00007bf5   Thumb Code    56  rt_timer.o(i.rt_tmr_tick)
    rt_tsk_self                              0x00007c35   Thumb Code    12  rt_task.o(i.rt_tsk_self)
    _NFILE                                   0x00008928   Data           2  file_config.o(.constdata)
    _DEF_DRIVE                               0x0000892a   Data           2  file_config.o(.constdata)
    _CPU_CLK                                 0x0000892c   Data           4  file_config.o(.constdata)
    FlashDev                                 0x00008930   Data           8  file_config.o(.constdata)
    _FlashNumSect                            0x00008938   Data           2  file_config.o(.constdata)
    _BlockFREE                               0x0000893c   Data           4  file_config.o(.constdata)
    _BASE_ADR                                0x00008940   Data           4  file_config.o(.constdata)
    SpiDev                                   0x00008944   Data           8  file_config.o(.constdata)
    _SpiNumSect                              0x0000894c   Data           2  file_config.o(.constdata)
    _SpiBlFREE                               0x00008950   Data           4  file_config.o(.constdata)
    RamDev                                   0x00008954   Data           8  file_config.o(.constdata)
    _RamNumSect                              0x0000895c   Data           2  file_config.o(.constdata)
    _MC_CSIZE                                0x0000895e   Data           2  file_config.o(.constdata)
    __stdin_name                             0x00008960   Data           6  retarget.o(.constdata)
    __stdout_name                            0x00008966   Data           7  retarget.o(.constdata)
    __stderr_name                            0x0000896d   Data           7  retarget.o(.constdata)
    os_maxtaskrun                            0x0000899c   Data           2  rtx_config.o(.constdata)
    os_stackinfo                             0x000089a0   Data           4  rtx_config.o(.constdata)
    os_rrobin                                0x000089a4   Data           4  rtx_config.o(.constdata)
    os_trv                                   0x000089a8   Data           4  rtx_config.o(.constdata)
    os_flags                                 0x000089ac   Data           1  rtx_config.o(.constdata)
    os_clockrate                             0x000089b0   Data           4  rtx_config.o(.constdata)
    os_timernum                              0x000089b4   Data           4  rtx_config.o(.constdata)
    mp_tcb_size                              0x000089b8   Data           2  rtx_config.o(.constdata)
    mp_stk_size                              0x000089bc   Data           4  rtx_config.o(.constdata)
    os_fifo_size                             0x000089c0   Data           1  rtx_config.o(.constdata)
    mp_tmr_size                              0x000089c2   Data           2  rtx_config.o(.constdata)
    Region$$Table$$Base                      0x00009008   Number         0  anon$$obj.o(Region$$Table)
    Region$$Table$$Limit                     0x00009028   Number         0  anon$$obj.o(Region$$Table)
    g_sCmdTable                              0x2000006c   Data          84  main.o(.data)
    m_tmr                                    0x200000c0   Data           4  rtx_config.o(.data)
    os_tsk                                   0x200000c8   Data           8  rt_task.o(.data)
    dbg_msg                                  0x200000d0   Data           1  hal_cm3.o(.data)
    os_robin                                 0x200000ec   Data           8  rt_robin.o(.data)
    os_time                                  0x200000f6   Data           2  rt_time.o(.data)
    os_tmr                                   0x200000f8   Data           8  rt_timer.o(.data)
    _stream_list_lock                        0x20000100   Data           4  streamlock.o(.data)
    __aeabi_stdin                            0x20000104   Data           4  stdio_streams.o(.data)
    __aeabi_stdout                           0x20000108   Data           4  stdio_streams.o(.data)
    __aeabi_stderr                           0x2000010c   Data           4  stdio_streams.o(.data)
    _iob                                     0x2000066c   Data         832  file_config.o(.bss)
    mc_cache                                 0x200009ac   Data        1024  file_config.o(.bss)
    mp_tcb                                   0x20001290   Data         300  rtx_config.o(.bss)
    mp_stk                                   0x200013c0   Data        1016  rtx_config.o(.bss)
    os_fifo                                  0x200017b8   Data         132  rtx_config.o(.bss)
    os_active_TCB                            0x2000183c   Data          24  rtx_config.o(.bss)
    mp_tmr                                   0x20001854   Data          44  rtx_config.o(.bss)
    os_rdy                                   0x20001c74   Data          24  rt_list.o(.bss)
    os_dly                                   0x20001c8c   Data          24  rt_list.o(.bss)
    __libspace_start                         0x20001ca4   Data          96  libspace.o(.bss)
    __stdin                                  0x20001d04   Data          84  stdio_streams.o(.bss)
    __temporary_stack_top$libspace           0x20001d04   Data           0  libspace.o(.bss)
    __stdout                                 0x20001d58   Data          84  stdio_streams.o(.bss)
    __stderr                                 0x20001dac   Data          84  stdio_streams.o(.bss)



==============================================================================

Memory Map of the image

  Image Entry point : 0x00000279

  Load Region LR_IROM1 (Base: 0x00000000, Size: 0x00009694, Max: 0x00040000, ABSOLUTE, COMPRESSED[0x00009074])

    Execution Region ER_IROM1 (Base: 0x00000000, Size: 0x00009028, Max: 0x00040000, ABSOLUTE)

    Base Addr    Size         Type   Attr      Idx    E Section Name        Object

    0x00000000   0x00000278   Code   RO            3    RESET               startup.o
    0x00000278   0x00000008   Code   RO         1917  * !!!main             c_w.l(__main.o)
    0x00000280   0x00000034   Code   RO         2261    !!!scatter          c_w.l(__scatter.o)
    0x000002b4   0x0000003a   Code   RO         2259    !!dczerorl          c_w.l(__dczerorl.o)
    0x000002ee   0x00000002   PAD
    0x000002f0   0x0000001c   Code   RO         2263    !!handler_zi        c_w.l(__scatter_zi.o)
    0x0000030c   0x00000002   Code   RO         2181    .ARM.Collect$$libinit$$00000000  c_w.l(libinit.o)
    0x0000030e   0x00000000   Code   RO         2070    .ARM.Collect$$libinit$$00000002  c_w.l(libinit2.o)
    0x0000030e   0x00000008   Code   RO         2071    .ARM.Collect$$libinit$$00000003  c_w.l(libinit2.o)
    0x00000316   0x00000000   Code   RO         2073    .ARM.Collect$$libinit$$00000008  c_w.l(libinit2.o)
    0x00000316   0x00000000   Code   RO         2075    .ARM.Collect$$libinit$$0000000A  c_w.l(libinit2.o)
    0x00000316   0x00000000   Code   RO         2077    .ARM.Collect$$libinit$$0000000C  c_w.l(libinit2.o)
    0x00000316   0x00000000   Code   RO         2080    .ARM.Collect$$libinit$$0000000F  c_w.l(libinit2.o)
    0x00000316   0x00000000   Code   RO         2082    .ARM.Collect$$libinit$$00000011  c_w.l(libinit2.o)
    0x00000316   0x00000000   Code   RO         2084    .ARM.Collect$$libinit$$00000013  c_w.l(libinit2.o)
    0x00000316   0x00000000   Code   RO         2086    .ARM.Collect$$libinit$$00000015  c_w.l(libinit2.o)
    0x00000316   0x00000000   Code   RO         2088    .ARM.Collect$$libinit$$00000017  c_w.l(libinit2.o)
    0x00000316   0x00000000   Code   RO         2090    .ARM.Collect$$libinit$$00000019  c_w.l(libinit2.o)
    0x00000316   0x00000000   Code   RO         2092    .ARM.Collect$$libinit$$0000001B  c_w.l(libinit2.o)
    0x00000316   0x00000000   Code   RO         2094    .ARM.Collect$$libinit$$0000001D  c_w.l(libinit2.o)
    0x00000316   0x00000000   Code   RO         2096    .ARM.Collect$$libinit$$0000001F  c_w.l(libinit2.o)
    0x00000316   0x00000000   Code   RO         2098    .ARM.Collect$$libinit$$00000021  c_w.l(libinit2.o)
    0x00000316   0x00000004   Code   RO         2099    .ARM.Collect$$libinit$$00000022  c_w.l(libinit2.o)
    0x0000031a   0x00000000   Code   RO         2100    .ARM.Collect$$libinit$$00000023  c_w.l(libinit2.o)
    0x0000031a   0x00000000   Code   RO         2104    .ARM.Collect$$libinit$$0000002A  c_w.l(libinit2.o)
    0x0000031a   0x00000000   Code   RO         2106    .ARM.Collect$$libinit$$0000002C  c_w.l(libinit2.o)
    0x0000031a   0x00000000   Code   RO         2108    .ARM.Collect$$libinit$$0000002E  c_w.l(libinit2.o)
    0x0000031a   0x00000000   Code   RO         2110    .ARM.Collect$$libinit$$00000030  c_w.l(libinit2.o)
    0x0000031a   0x00000002   Code   RO         2111    .ARM.Collect$$libinit$$00000031  c_w.l(libinit2.o)
    0x0000031c   0x00000002   Code   RO         2244    .ARM.Collect$$libshutdown$$00000000  c_w.l(libshutdown.o)
    0x0000031e   0x00000004   Code   RO         2183    .ARM.Collect$$libshutdown$$00000002  c_w.l(libshutdown2.o)
    0x00000322   0x00000000   Code   RO         2184    .ARM.Collect$$libshutdown$$00000003  c_w.l(libshutdown2.o)
    0x00000322   0x00000000   Code   RO         2187    .ARM.Collect$$libshutdown$$00000006  c_w.l(libshutdown2.o)
    0x00000322   0x00000000   Code   RO         2190    .ARM.Collect$$libshutdown$$00000009  c_w.l(libshutdown2.o)
    0x00000322   0x00000000   Code   RO         2192    .ARM.Collect$$libshutdown$$0000000B  c_w.l(libshutdown2.o)
    0x00000322   0x00000000   Code   RO         2195    .ARM.Collect$$libshutdown$$0000000E  c_w.l(libshutdown2.o)
    0x00000322   0x00000002   Code   RO         2196    .ARM.Collect$$libshutdown$$0000000F  c_w.l(libshutdown2.o)
    0x00000324   0x00000000   Code   RO         1919    .ARM.Collect$$rtentry$$00000000  c_w.l(rtentry.o)
    0x00000324   0x00000000   Code   RO         2014    .ARM.Collect$$rtentry$$00000002  c_w.l(rtentry2.o)
    0x00000324   0x00000006   Code   RO         2026    .ARM.Collect$$rtentry$$00000004  c_w.l(rtentry4.o)
    0x0000032a   0x00000000   Code   RO         2016    .ARM.Collect$$rtentry$$00000009  c_w.l(rtentry2.o)
    0x0000032a   0x00000004   Code   RO         2017    .ARM.Collect$$rtentry$$0000000A  c_w.l(rtentry2.o)
    0x0000032e   0x00000000   Code   RO         2019    .ARM.Collect$$rtentry$$0000000C  c_w.l(rtentry2.o)
    0x0000032e   0x00000008   Code   RO         2020    .ARM.Collect$$rtentry$$0000000D  c_w.l(rtentry2.o)
    0x00000336   0x00000002   Code   RO         2199    .ARM.Collect$$rtexit$$00000000  c_w.l(rtexit.o)
    0x00000338   0x00000000   Code   RO         2226    .ARM.Collect$$rtexit$$00000002  c_w.l(rtexit2.o)
    0x00000338   0x00000004   Code   RO         2227    .ARM.Collect$$rtexit$$00000003  c_w.l(rtexit2.o)
    0x0000033c   0x00000006   Code   RO         2228    .ARM.Collect$$rtexit$$00000004  c_w.l(rtexit2.o)
    0x00000342   0x00000002   PAD
    0x00000344   0x00000026   Code   RO          340    .emb_text           cpu.o
    0x0000036a   0x00000002   PAD
    0x0000036c   0x00000006   Code   RO          448    .emb_text           sysctl.o
    0x00000372   0x00000002   PAD
    0x00000374   0x0000014c   Code   RO          837    .emb_text           RTX_CM3.LIB(hal_cm3.o)
    0x000004c0   0x00000000   Code   RO         2127    .emb_text           c_w.l(maybetermalloc1.o)
    0x000004c0   0x0000001c   Code   RO            4    .text               startup.o
    0x000004dc   0x000000f4   Code   RO           11    .text               spi_lm3s37x8.o
    0x000005d0   0x00000134   Code   RO          130    .text               retarget.o
    0x00000704   0x0000005c   Code   RO          165    .text               hal_led.o
    0x00000760   0x0000004c   Code   RO          177    .text               hal_system.o
    0x000007ac   0x0000007c   Code   RO          201    .text               cmdline.o
    0x00000828   0x00000768   Code   RO          221    .text               uartstdio.o
    0x00000f90   0x000007d0   Code   RO          272    .text               main.o
    0x00001760   0x00000094   Code   RO          305    .text               rtx_config.o
    0x000017f4   0x000007b8   Code   RO          367    .text               gpio.o
    0x00001fac   0x000002ac   Code   RO          416    .text               interrupt.o
    0x00002258   0x00000170   Code   RO          431    .text               ssi.o
    0x000023c8   0x00000ba0   Code   RO          449    .text               sysctl.o
    0x00002f68   0x00000308   Code   RO          483    .text               uart.o
    0x00003270   0x00000008   Code   RO         1880    .text               c_w.l(libspace.o)
    0x00003278   0x00000002   Code   RO         1883    .text               c_w.l(use_no_semi.o)
    0x0000327a   0x000000ee   Code   RO         1885    .text               c_w.l(lludivv7m.o)
    0x00003368   0x0000004c   Code   RO         1893    .text               c_w.l(fclose.o)
    0x000033b4   0x00000034   Code   RO         1895    .text               c_w.l(fclose_locked.o)
    0x000033e8   0x00000144   Code   RO         1897    .text               c_w.l(fopen_locked.o)
    0x0000352c   0x0000003e   Code   RO         1899    .text               c_w.l(strlen.o)
    0x0000356a   0x00000018   Code   RO         1901    .text               c_w.l(strcat.o)
    0x00003582   0x0000008a   Code   RO         1903    .text               c_w.l(rt_memcpy_v6.o)
    0x0000360c   0x00000064   Code   RO         1905    .text               c_w.l(rt_memcpy_w.o)
    0x00003670   0x00000010   Code   RO         1907    .text               c_w.l(aeabi_memset.o)
    0x00003680   0x00000044   Code   RO         1909    .text               c_w.l(rt_memclr.o)
    0x000036c4   0x0000004e   Code   RO         1911    .text               c_w.l(rt_memclr_w.o)
    0x00003712   0x00000002   PAD
    0x00003714   0x00000080   Code   RO         1913    .text               c_w.l(strcmpv7m.o)
    0x00003794   0x00000006   Code   RO         1915    .text               c_w.l(heapauxi.o)
    0x0000379a   0x0000009e   Code   RO         1932    .text               c_w.l(h1_alloc_mt.o)
    0x00003838   0x00000076   Code   RO         1934    .text               c_w.l(h1_free_mt.o)
    0x000038ae   0x00000002   PAD
    0x000038b0   0x000000f8   Code   RO         1996    .text               c_w.l(fseek.o)
    0x000039a8   0x000000f0   Code   RO         1998    .text               c_w.l(stdio.o)
    0x00003a98   0x0000000a   Code   RO         2035    .text               c_w.l(rt_heap_descriptor_twolibspace.o)
    0x00003aa2   0x00000004   Code   RO         2037    .text               c_w.l(hguard.o)
    0x00003aa6   0x0000008a   Code   RO         2039    .text               c_w.l(init_alloc.o)
    0x00003b30   0x00000012   Code   RO         2045    .text               c_w.l(h1_init_mt.o)
    0x00003b42   0x00000240   Code   RO         2057    .text               c_w.l(filbuf.o)
    0x00003d82   0x000001de   Code   RO         2059    .text               c_w.l(flsbuf.o)
    0x00003f60   0x00000046   Code   RO         2061    .text               c_w.l(ftell.o)
    0x00003fa6   0x00000002   PAD
    0x00003fa8   0x000001c8   Code   RO         2065    .text               c_w.l(initio_locked.o)
    0x00004170   0x0000004a   Code   RO         2116    .text               c_w.l(sys_stackheap_outer.o)
    0x000041ba   0x00000004   Code   RO         2123    .text               c_w.l(rt_errno_addr_twolibspace.o)
    0x000041be   0x0000003e   Code   RO         2131    .text               c_w.l(h1_extend_mt.o)
    0x000041fc   0x00000056   Code   RO         2143    .text               c_w.l(fgets_locked.o)
    0x00004252   0x00000068   Code   RO         2145    .text               c_w.l(setvbuf_locked.o)
    0x000042ba   0x000000d4   Code   RO         2151    .text               c_w.l(fwritefast_locked.o)
    0x0000438e   0x00000002   PAD
    0x00004390   0x0000005c   Code   RO         2153    .text               c_w.l(flushlinebuffered_locked.o)
    0x000043ec   0x0000000c   Code   RO         2155    .text               c_w.l(exit.o)
    0x000043f8   0x0000000e   Code   RO         2161    .text               c_w.l(defsig_rtred_outer.o)
    0x00004406   0x0000000e   Code   RO         2165    .text               c_w.l(defsig_rtmem_outer.o)
    0x00004414   0x00000090   Code   RO         2211    .text               c_w.l(fflush_locked.o)
    0x000044a4   0x0000000a   Code   RO         2213    .text               c_w.l(defsig_exit.o)
    0x000044ae   0x00000002   PAD
    0x000044b0   0x00000034   Code   RO         2217    .text               c_w.l(defsig_rtred_inner.o)
    0x000044e4   0x00000050   Code   RO         2219    .text               c_w.l(defsig_rtmem_inner.o)
    0x00004534   0x00000032   Code   RO         2238    .text               c_w.l(defsig_general.o)
    0x00004566   0x00000002   PAD
    0x00004568   0x00000004   Code   RO         1625    SVC_TABLE           RTX_CM3.LIB(SVC_Table.o)
    0x0000456c   0x00000084   Code   RO          642    i.__fclose          FS_CM3.lib(_fs_fclose.o)
    0x000045f0   0x00000090   Code   RO          678    i.__flushbuf        FS_CM3.lib(_fs_flushbuf.o)
    0x00004680   0x00000180   Code   RO          612    i.__fopen           FS_CM3.lib(_fs_fopen.o)
    0x00004800   0x000000b0   Code   RO          702    i.__getfsize        FS_CM3.lib(_fs_getfsize.o)
    0x000048b0   0x000000ac   Code   RO          654    i.__read            FS_CM3.lib(_fs_read.o)
    0x0000495c   0x000000f4   Code   RO          690    i.__setfpos         FS_CM3.lib(_fs_setfpos.o)
    0x00004a50   0x00000104   Code   RO          666    i.__write           FS_CM3.lib(_fs_write.o)
    0x00004b54   0x00000118   Code   RO         1253    i._fcreate          FS_CM3.lib(_fs_fcreate.o)
    0x00004c6c   0x00000082   Code   RO         1265    i._fdelete          FS_CM3.lib(_fs_fdelete.o)
    0x00004cee   0x00000002   PAD
    0x00004cf0   0x000000c8   Code   RO         1289    i._ffind            FS_CM3.lib(_fs_ffind.o)
    0x00004db8   0x0000004c   Code   RO         1277    i._frename          FS_CM3.lib(_fs_frename.o)
    0x00004e04   0x000000e0   Code   RO          878    i.alloc_name        FS_CM3.lib(fs_fat.o)
    0x00004ee4   0x0000003c   Code   RO          879    i.alloc_new_clus    FS_CM3.lib(fs_fat.o)
    0x00004f20   0x00000064   Code   RO          880    i.cache_fat         FS_CM3.lib(fs_fat.o)
    0x00004f84   0x00000070   Code   RO          881    i.check_lfn         FS_CM3.lib(fs_fat.o)
    0x00004ff4   0x00000006   Code   RO          882    i.check_name        FS_CM3.lib(fs_fat.o)
    0x00004ffa   0x00000002   PAD
    0x00004ffc   0x000000a8   Code   RO          883    i.chk_dir_empty     FS_CM3.lib(fs_fat.o)
    0x000050a4   0x00000024   Code   RO          884    i.chk_param         FS_CM3.lib(fs_fat.o)
    0x000050c8   0x00000040   Code   RO          885    i.clear_clus        FS_CM3.lib(fs_fat.o)
    0x00005108   0x00000024   Code   RO          886    i.clus_to_sect      FS_CM3.lib(fs_fat.o)
    0x0000512c   0x000000fc   Code   RO          887    i.count_free_clus   FS_CM3.lib(fs_fat.o)
    0x00005228   0x0000009e   Code   RO          888    i.cvt_fatname       FS_CM3.lib(fs_fat.o)
    0x000052c6   0x00000010   Code   RO          840    i.dbg_task_switch   RTX_CM3.LIB(hal_cm3.o)
    0x000052d6   0x00000002   PAD
    0x000052d8   0x000000b4   Code   RO          889    i.delete_entries    FS_CM3.lib(fs_fat.o)
    0x0000538c   0x000000a8   Code   RO          890    i.fat_close_write   FS_CM3.lib(fs_fat.o)
    0x00005434   0x00000054   Code   RO          891    i.fat_create        FS_CM3.lib(fs_fat.o)
    0x00005488   0x00000060   Code   RO          892    i.fat_delete        FS_CM3.lib(fs_fat.o)
    0x000054e8   0x00000040   Code   RO          893    i.fat_ffind         FS_CM3.lib(fs_fat.o)
    0x00005528   0x00000080   Code   RO          894    i.fat_find_dir      FS_CM3.lib(fs_fat.o)
    0x000055a8   0x0000004c   Code   RO          895    i.fat_find_file     FS_CM3.lib(fs_fat.o)
    0x000055f4   0x00000350   Code   RO          896    i.fat_format        FS_CM3.lib(fs_fat.o)
    0x00005944   0x00000014   Code   RO          898    i.fat_init          FS_CM3.lib(fs_fat.o)
    0x00005958   0x000000b4   Code   RO          899    i.fat_read          FS_CM3.lib(fs_fat.o)
    0x00005a0c   0x0000008c   Code   RO          900    i.fat_rename        FS_CM3.lib(fs_fat.o)
    0x00005a98   0x00000068   Code   RO          901    i.fat_set_fpos      FS_CM3.lib(fs_fat.o)
    0x00005b00   0x000000dc   Code   RO          902    i.fat_write         FS_CM3.lib(fs_fat.o)
    0x00005bdc   0x000000c4   Code   RO          600    i.fcheck            FS_CM3.lib(fs_fcheck.o)
    0x00005ca0   0x00000088   Code   RO          539    i.fdelete           FS_CM3.lib(fs_fdelete.o)
    0x00005d28   0x000001fc   Code   RO          585    i.ffind             FS_CM3.lib(fs_ffind.o)
    0x00005f24   0x000000b4   Code   RO          573    i.fformat           FS_CM3.lib(fs_fformat.o)
    0x00005fd8   0x00000018   Code   RO         1989    i.fgetc             c_w.l(fgetc.o)
    0x00005ff0   0x00000006   Code   RO          903    i.find_name         FS_CM3.lib(fs_fat.o)
    0x00005ff6   0x00000002   PAD
    0x00005ff8   0x0000003c   Code   RO          516    i.finit             FS_CM3.lib(fs_finit.o)
    0x00006034   0x0000001e   Code   RO         1205    i.fn_cmp            FS_CM3.lib(fs_lib.o)
    0x00006052   0x00000002   PAD
    0x00006054   0x00000100   Code   RO          551    i.frename           FS_CM3.lib(fs_frename.o)
    0x00006154   0x000000a2   Code   RO         1301    i.fs_AllocBlock     FS_CM3.lib(_fs_flashio.o)
    0x000061f6   0x0000005c   Code   RO         1302    i.fs_BlockFull      FS_CM3.lib(_fs_flashio.o)
    0x00006252   0x00000030   Code   RO         1303    i.fs_BlockInvalid   FS_CM3.lib(_fs_flashio.o)
    0x00006282   0x00000004   Code   RO         1395    i.fs_EraseSector    FS_CM3.lib(fs_flashprg.o)
    0x00006286   0x000000ac   Code   RO         1304    i.fs_Find_File      FS_CM3.lib(_fs_flashio.o)
    0x00006332   0x00000004   Code   RO         1396    i.fs_Init           FS_CM3.lib(fs_flashprg.o)
    0x00006336   0x00000002   PAD
    0x00006338   0x00000050   Code   RO         1305    i.fs_InitBlock      FS_CM3.lib(_fs_flashio.o)
    0x00006388   0x00000004   Code   RO         1397    i.fs_ProgramPage    FS_CM3.lib(fs_flashprg.o)
    0x0000638c   0x0000001c   Code   RO         1306    i.fs_ReadBlock      FS_CM3.lib(_fs_flashio.o)
    0x000063a8   0x00000012   Code   RO         1206    i.fs_ReadData       FS_CM3.lib(fs_lib.o)
    0x000063ba   0x0000003a   Code   RO         1307    i.fs_WriteBlock     FS_CM3.lib(_fs_flashio.o)
    0x000063f4   0x00000010   Code   RO         1207    i.fs_WriteData      FS_CM3.lib(fs_lib.o)
    0x00006404   0x00000016   Code   RO         1308    i.fs_adr_sig        FS_CM3.lib(_fs_flashio.o)
    0x0000641a   0x00000002   PAD
    0x0000641c   0x00000040   Code   RO         1309    i.fs_check_fwopen   FS_CM3.lib(_fs_flashio.o)
    0x0000645c   0x00000034   Code   RO         1208    i.fs_find_iob       FS_CM3.lib(fs_lib.o)
    0x00006490   0x00000008   Code   RO         1680    i.fs_get_date       FS_CM3.lib(fs_time.o)
    0x00006498   0x00000050   Code   RO         1209    i.fs_get_drive      FS_CM3.lib(fs_lib.o)
    0x000064e8   0x00000052   Code   RO         1310    i.fs_get_freeID     FS_CM3.lib(_fs_flashio.o)
    0x0000653a   0x00000038   Code   RO         1311    i.fs_get_freeMem    FS_CM3.lib(_fs_flashio.o)
    0x00006572   0x00000006   Code   RO         1681    i.fs_get_time       FS_CM3.lib(fs_time.o)
    0x00006578   0x0000007a   Code   RO         1312    i.fs_mark_fileMem   FS_CM3.lib(_fs_flashio.o)
    0x000065f2   0x0000003e   Code   RO         1313    i.fs_mark_freeMem   FS_CM3.lib(_fs_flashio.o)
    0x00006630   0x00000024   Code   RO         1314    i.fs_rd_alloc       FS_CM3.lib(_fs_flashio.o)
    0x00006654   0x00000020   Code   RO         1315    i.fs_rd_sig         FS_CM3.lib(_fs_flashio.o)
    0x00006674   0x00000068   Code   RO         1210    i.fs_set_params     FS_CM3.lib(fs_lib.o)
    0x000066dc   0x00000004   Code   RO         1398    i.fs_spi_EraseSector  FS_CM3.lib(fs_flashprg.o)
    0x000066e0   0x00000004   Code   RO         1399    i.fs_spi_Init       FS_CM3.lib(fs_flashprg.o)
    0x000066e4   0x00000004   Code   RO         1400    i.fs_spi_ProgramPage  FS_CM3.lib(fs_flashprg.o)
    0x000066e8   0x00000004   Code   RO         1401    i.fs_spi_ReadData   FS_CM3.lib(fs_flashprg.o)
    0x000066ec   0x0000001a   Code   RO         1211    i.fs_strpos         FS_CM3.lib(fs_lib.o)
    0x00006706   0x00000002   PAD
    0x00006708   0x0000002c   Code   RO          904    i.get_EOC           FS_CM3.lib(fs_fat.o)
    0x00006734   0x00000088   Code   RO          905    i.get_bootrec       FS_CM3.lib(fs_fat.o)
    0x000067bc   0x0000002c   Code   RO          906    i.get_date          FS_CM3.lib(fs_fat.o)
    0x000067e8   0x0000002c   Code   RO          907    i.get_dir_sect      FS_CM3.lib(fs_fat.o)
    0x00006814   0x00000038   Code   RO          908    i.get_fat_sect      FS_CM3.lib(fs_fat.o)
    0x0000684c   0x000000dc   Code   RO          909    i.get_free_clus     FS_CM3.lib(fs_fat.o)
    0x00006928   0x00000088   Code   RO          910    i.get_fsinfo        FS_CM3.lib(fs_fat.o)
    0x000069b0   0x0000004c   Code   RO          911    i.get_mbrec         FS_CM3.lib(fs_fat.o)
    0x000069fc   0x000001bc   Code   RO          912    i.get_next_info     FS_CM3.lib(fs_fat.o)
    0x00006bb8   0x00000190   Code   RO          913    i.get_nt_name       FS_CM3.lib(fs_fat.o)
    0x00006d48   0x00000030   Code   RO          914    i.get_time          FS_CM3.lib(fs_fat.o)
    0x00006d78   0x0000000c   Code   RO          915    i.get_u32           FS_CM3.lib(fs_fat.o)
    0x00006d84   0x00000114   Code   RO          916    i.init_dev          FS_CM3.lib(fs_fat.o)
    0x00006e98   0x00000038   Code   RO          917    i.is_EOC            FS_CM3.lib(fs_fat.o)
    0x00006ed0   0x0000001e   Code   RO          918    i.lfn_calc_chksum   FS_CM3.lib(fs_fat.o)
    0x00006eee   0x000000ba   Code   RO         1628    i.mmc_command       FS_CM3.lib(fs_mmc.o)
    0x00006fa8   0x000001b4   Code   RO         1629    i.mmc_init          FS_CM3.lib(fs_mmc.o)
    0x0000715c   0x00000070   Code   RO         1630    i.mmc_read_block    FS_CM3.lib(fs_mmc.o)
    0x000071cc   0x0000004e   Code   RO         1631    i.mmc_read_bytes    FS_CM3.lib(fs_mmc.o)
    0x0000721a   0x00000002   PAD
    0x0000721c   0x000000e0   Code   RO         1632    i.mmc_read_config   FS_CM3.lib(fs_mmc.o)
    0x000072fc   0x0000005c   Code   RO         1633    i.mmc_read_sect     FS_CM3.lib(fs_mmc.o)
    0x00007358   0x00000090   Code   RO         1634    i.mmc_write_block   FS_CM3.lib(fs_mmc.o)
    0x000073e8   0x0000005c   Code   RO         1635    i.mmc_write_sect    FS_CM3.lib(fs_mmc.o)
    0x00007444   0x00000080   Code   RO          919    i.read_cache        FS_CM3.lib(fs_fat.o)
    0x000074c4   0x00000038   Code   RO          920    i.read_last_entry   FS_CM3.lib(fs_fat.o)
    0x000074fc   0x00000054   Code   RO          921    i.read_sector       FS_CM3.lib(fs_fat.o)
    0x00007550   0x0000007c   Code   RO          922    i.rename_entries    FS_CM3.lib(fs_fat.o)
    0x000075cc   0x0000001c   Code   RO         1597    i.rt_alloc_box      RTX_CM3.LIB(rt_membox.o)
    0x000075e8   0x00000038   Code   RO          714    i.rt_block          RTX_CM3.LIB(rt_task.o)
    0x00007620   0x00000048   Code   RO         1574    i.rt_chk_robin      RTX_CM3.LIB(rt_robin.o)
    0x00007668   0x00000074   Code   RO         1495    i.rt_dec_dly        RTX_CM3.LIB(rt_list.o)
    0x000076dc   0x00000044   Code   RO          715    i.rt_dispatch       RTX_CM3.LIB(rt_task.o)
    0x00007720   0x0000004c   Code   RO         1701    i.rt_evt_psh        RTX_CM3.LIB(rt_event.o)
    0x0000776c   0x00000020   Code   RO         1598    i.rt_free_box       RTX_CM3.LIB(rt_membox.o)
    0x0000778c   0x00000028   Code   RO         1496    i.rt_get_first      RTX_CM3.LIB(rt_list.o)
    0x000077b4   0x000000c0   Code   RO         1744    i.rt_mbx_psh        RTX_CM3.LIB(rt_mailbox.o)
    0x00007874   0x00000010   Code   RO          809    i.rt_mut_init       RTX_CM3.LIB(rt_mutex.o)
    0x00007884   0x000000ac   Code   RO          810    i.rt_mut_release    RTX_CM3.LIB(rt_mutex.o)
    0x00007930   0x00000064   Code   RO          811    i.rt_mut_wait       RTX_CM3.LIB(rt_mutex.o)
    0x00007994   0x00000084   Code   RO         1444    i.rt_pop_req        RTX_CM3.LIB(rt_system.o)
    0x00007a18   0x00000048   Code   RO         1499    i.rt_put_dly        RTX_CM3.LIB(rt_list.o)
    0x00007a60   0x00000036   Code   RO         1500    i.rt_put_prio       RTX_CM3.LIB(rt_list.o)
    0x00007a96   0x00000002   PAD
    0x00007a98   0x00000014   Code   RO         1501    i.rt_put_rdy_first  RTX_CM3.LIB(rt_list.o)
    0x00007aac   0x00000034   Code   RO         1502    i.rt_resort_prio    RTX_CM3.LIB(rt_list.o)
    0x00007ae0   0x00000028   Code   RO         1503    i.rt_rmv_dly        RTX_CM3.LIB(rt_list.o)
    0x00007b08   0x00000030   Code   RO         1504    i.rt_rmv_list       RTX_CM3.LIB(rt_list.o)
    0x00007b38   0x00000034   Code   RO         1790    i.rt_sem_psh        RTX_CM3.LIB(rt_semaphore.o)
    0x00007b6c   0x00000024   Code   RO         1446    i.rt_stk_check      RTX_CM3.LIB(rt_system.o)
    0x00007b90   0x00000028   Code   RO          717    i.rt_switch_req     RTX_CM3.LIB(rt_task.o)
    0x00007bb8   0x0000003c   Code   RO         1447    i.rt_systick        RTX_CM3.LIB(rt_system.o)
    0x00007bf4   0x00000040   Code   RO         1853    i.rt_tmr_tick       RTX_CM3.LIB(rt_timer.o)
    0x00007c34   0x00000010   Code   RO          723    i.rt_tsk_self       RTX_CM3.LIB(rt_task.o)
    0x00007c44   0x00000230   Code   RO          923    i.search_for_name   FS_CM3.lib(fs_fat.o)
    0x00007e74   0x0000008c   Code   RO          924    i.set_next_clus     FS_CM3.lib(fs_fat.o)
    0x00007f00   0x00000008   Code   RO          925    i.set_u16           FS_CM3.lib(fs_fat.o)
    0x00007f08   0x00000010   Code   RO          926    i.set_u32           FS_CM3.lib(fs_fat.o)
    0x00007f18   0x00000130   Code   RO          927    i.unlink_clus_chain  FS_CM3.lib(fs_fat.o)
    0x00008048   0x00000012   Code   RO          928    i.val_char          FS_CM3.lib(fs_fat.o)
    0x0000805a   0x0000003c   Code   RO          929    i.val_char_sn       FS_CM3.lib(fs_fat.o)
    0x00008096   0x00000002   PAD
    0x00008098   0x000001a8   Code   RO          930    i.write_br          FS_CM3.lib(fs_fat.o)
    0x00008240   0x0000008c   Code   RO          931    i.write_cache       FS_CM3.lib(fs_fat.o)
    0x000082cc   0x000000ec   Code   RO          932    i.write_dot_entries  FS_CM3.lib(fs_fat.o)
    0x000083b8   0x000002cc   Code   RO          933    i.write_entries     FS_CM3.lib(fs_fat.o)
    0x00008684   0x000000e4   Code   RO          934    i.write_fat_link    FS_CM3.lib(fs_fat.o)
    0x00008768   0x00000070   Code   RO          935    i.write_fsinfo      FS_CM3.lib(fs_fat.o)
    0x000087d8   0x00000080   Code   RO          936    i.write_label       FS_CM3.lib(fs_fat.o)
    0x00008858   0x000000b0   Code   RO          937    i.write_mbr         FS_CM3.lib(fs_fat.o)
    0x00008908   0x00000020   Code   RO          938    i.write_sector      FS_CM3.lib(fs_fat.o)
    0x00008928   0x00000038   Data   RO          107    .constdata          file_config.o
    0x00008960   0x00000014   Data   RO          131    .constdata          retarget.o
    0x00008974   0x00000028   Data   RO          223    .constdata          uartstdio.o
    0x0000899c   0x00000028   Data   RO          307    .constdata          rtx_config.o
    0x000089c4   0x00000078   Data   RO          368    .constdata          gpio.o
    0x00008a3c   0x00000104   Data   RO          417    .constdata          interrupt.o
    0x00008b40   0x00000020   Data   RO          432    .constdata          ssi.o
    0x00008b60   0x000001c4   Data   RO          450    .constdata          sysctl.o
    0x00008d24   0x00000040   Data   RO          484    .constdata          uart.o
    0x00008d64   0x000000a9   Data   RO          940    .constdata          FS_CM3.lib(fs_fat.o)
    0x00008e0d   0x00000011   Data   RO          224    .conststring        uartstdio.o
    0x00008e1e   0x000001ea   Data   RO          274    .conststring        main.o
    0x00009008   0x00000020   Data   RO         2257    Region$$Table       anon$$obj.o


    Execution Region RW_IRAM1 (Base: 0x20000000, Size: 0x00002f00, Max: 0x00018000, ABSOLUTE, COMPRESSED[0x0000004c])

    Base Addr    Size         Type   Attr      Idx    E Section Name        Object

    0x20000000   0x0000001c   Data   RW          225    .data               uartstdio.o
    0x2000001c   0x000000a4   Data   RW          275    .data               main.o
    0x200000c0   0x00000008   Data   RW          308    .data               rtx_config.o
    0x200000c8   0x00000008   Data   RW          725    .data               RTX_CM3.LIB(rt_task.o)
    0x200000d0   0x00000001   Data   RW          842    .data               RTX_CM3.LIB(hal_cm3.o)
    0x200000d1   0x00000003   PAD
    0x200000d4   0x00000014   Data   RW          941    .data               FS_CM3.lib(fs_fat.o)
    0x200000e8   0x00000002   Data   RW         1450    .data               RTX_CM3.LIB(rt_system.o)
    0x200000ea   0x00000002   PAD
    0x200000ec   0x00000008   Data   RW         1576    .data               RTX_CM3.LIB(rt_robin.o)
    0x200000f4   0x00000001   Data   RW         1636    .data               FS_CM3.lib(fs_mmc.o)
    0x200000f5   0x00000001   PAD
    0x200000f6   0x00000002   Data   RW         1827    .data               RTX_CM3.LIB(rt_time.o)
    0x200000f8   0x00000008   Data   RW         1854    .data               RTX_CM3.LIB(rt_timer.o)
    0x20000100   0x00000004   Data   RW         2000    .data               c_w.l(streamlock.o)
    0x20000104   0x00000004   Data   RW         2004    .data               c_w.l(stdio_streams.o)
    0x20000108   0x00000004   Data   RW         2005    .data               c_w.l(stdio_streams.o)
    0x2000010c   0x00000004   Data   RW         2006    .data               c_w.l(stdio_streams.o)
    0x20000110   0x000002f0   PAD
    0x20000400   0x0000026c   Data   RW          418    vtable              interrupt.o
    0x2000066c   0x00000740   Zero   RW          106    .bss                file_config.o
    0x20000dac   0x00000024   Zero   RW          202    .bss                cmdline.o
    0x20000dd0   0x00000480   Zero   RW          222    .bss                uartstdio.o
    0x20001250   0x00000040   Zero   RW          273    .bss                main.o
    0x20001290   0x00000890   Zero   RW          306    .bss                rtx_config.o
    0x20001b20   0x00000154   Zero   RW          939    .bss                FS_CM3.lib(fs_fat.o)
    0x20001c74   0x00000030   Zero   RW         1505    .bss                RTX_CM3.LIB(rt_list.o)
    0x20001ca4   0x00000060   Zero   RW         1881    .bss                c_w.l(libspace.o)
    0x20001d04   0x00000054   Zero   RW         2001    .bss                c_w.l(stdio_streams.o)
    0x20001d58   0x00000054   Zero   RW         2002    .bss                c_w.l(stdio_streams.o)
    0x20001dac   0x00000054   Zero   RW         2003    .bss                c_w.l(stdio_streams.o)
    0x20001e00   0x00001000   Zero   RW            2    HEAP                startup.o
    0x20002e00   0x00000100   Zero   RW            1    STACK               startup.o


==============================================================================

Image component sizes


      Code (inc. data)   RO Data    RW Data    ZI Data      Debug   Object Name

       124         10          0          0         36       1499   cmdline.o
        38          0          0          0          0        508   cpu.o
         0          0         56          0       1856       4082   file_config.o
      1976         48        120          0          0      10701   gpio.o
        92          8          0          0          0        619   hal_led.o
        76         16          0          0          0       3218   hal_system.o
       684         42        260        620          0       3796   interrupt.o
      2000       1150        490        164         64       5294   main.o
       308         28         20          0          0       8829   retarget.o
       148         26         40          8       2192       2792   rtx_config.o
       244         20          0          0          0      10520   spi_lm3s37x8.o
       368          4         32          0          0       4843   ssi.o
       660        640          0          0       4352        372   startup.o
      2982        188        452          0          0      11407   sysctl.o
       776          6         64          0          0       9848   uart.o
      1896        102         57         28       1152       7717   uartstdio.o

    ----------------------------------------------------------------------
     12376       2288       1623        820       9652      86045   Object Totals
         0          0         32          0          0          0   (incl. Generated)
         4          0          0          0          0          0   (incl. Padding)

    ----------------------------------------------------------------------

      Code (inc. data)   RO Data    RW Data    ZI Data      Debug   Library Member Name

       132          8          0          0          0        843   _fs_fclose.o
       280          0          0          0          0       1247   _fs_fcreate.o
       130          0          0          0          0        959   _fs_fdelete.o
       200          0          0          0          0       1149   _fs_ffind.o
      1116         20          0          0          0       9700   _fs_flashio.o
       144         10          0          0          0        793   _fs_flushbuf.o
       384         16          0          0          0       9879   _fs_fopen.o
        76          0          0          0          0        839   _fs_frename.o
       176          6          0          0          0       1193   _fs_getfsize.o
       172          8          0          0          0       1165   _fs_read.o
       244         10          0          0          0       1276   _fs_setfpos.o
       260          8          0          0          0       1162   _fs_write.o
      9242        504        169         20        340      43455   fs_fat.o
       196         14          0          0          0       1069   fs_fcheck.o
       136         12          0          0          0        890   fs_fdelete.o
       508         22          0          0          0       1576   fs_ffind.o
       180         18          0          0          0       1002   fs_fformat.o
        60         14          0          0          0       8881   fs_finit.o
        28          0          0          0          0       3270   fs_flashprg.o
       256         14          0          0          0       9691   fs_frename.o
       326         44          0          0          0       3899   fs_lib.o
      1364         36          0          1          0       6786   fs_mmc.o
        14          4          0          0          0        792   fs_time.o
         4          4          0          0          0        128   SVC_Table.o
       348         34          0          1          0       1100   hal_cm3.o
        76          4          0          0          0        585   rt_event.o
       442         30          0          0         48       4254   rt_list.o
       192          4          0          0          0        733   rt_mailbox.o
        60          0          0          0          0        997   rt_membox.o
       288         12          0          0          0       1733   rt_mutex.o
        72         14          0          8          0        590   rt_robin.o
        52          6          0          0          0        505   rt_semaphore.o
       228         38          0          2          0       1477   rt_system.o
       180         30          0          8          0       4072   rt_task.o
         0          0          0          2          0        142   rt_time.o
        64          8          0          8          0        563   rt_timer.o
        58          0          0          0          0          0   __dczerorl.o
         8          0          0          0          0         68   __main.o
        52          8          0          0          0          0   __scatter.o
        28          0          0          0          0          0   __scatter_zi.o
        16          0          0          0          0         68   aeabi_memset.o
        10          0          0          0          0         68   defsig_exit.o
        50          0          0          0          0         88   defsig_general.o
        80         58          0          0          0         76   defsig_rtmem_inner.o
        14          0          0          0          0         80   defsig_rtmem_outer.o
        52         38          0          0          0         76   defsig_rtred_inner.o
        14          0          0          0          0         80   defsig_rtred_outer.o
        12          0          0          0          0         72   exit.o
        76          0          0          0          0         88   fclose.o
        52          6          0          0          0         80   fclose_locked.o
       144         10          0          0          0        128   fflush_locked.o
        24          0          0          0          0         68   fgetc.o
        86          0          0          0          0         84   fgets_locked.o
       576          0          0          0          0        132   filbuf.o
       478          0          0          0          0         88   flsbuf.o
        92          8          0          0          0         88   flushlinebuffered_locked.o
       324          8          0          0          0        152   fopen_locked.o
       248          6          0          0          0         84   fseek.o
        70          0          0          0          0         76   ftell.o
       212          0          0          0          0         92   fwritefast_locked.o
       158          0          0          0          0        128   h1_alloc_mt.o
        62          0          0          0          0         80   h1_extend_mt.o
       118          0          0          0          0        108   h1_free_mt.o
        18          0          0          0          0         84   h1_init_mt.o
         6          0          0          0          0        152   heapauxi.o
         4          0          0          0          0        136   hguard.o
       138          0          0          0          0        168   init_alloc.o
       456         48          0          0          0        116   initio_locked.o
         2          0          0          0          0          0   libinit.o
        14          0          0          0          0          0   libinit2.o
         2          0          0          0          0          0   libshutdown.o
         6          0          0          0          0          0   libshutdown2.o
         8          4          0          0         96         68   libspace.o
       238          0          0          0          0        100   lludivv7m.o
         0          0          0          0          0          0   maybetermalloc1.o
         4          0          0          0          0         68   rt_errno_addr_twolibspace.o
        10          0          0          0          0         76   rt_heap_descriptor_twolibspace.o
        68          0          0          0          0         68   rt_memclr.o
        78          0          0          0          0         80   rt_memclr_w.o
       138          0          0          0          0         68   rt_memcpy_v6.o
       100          0          0          0          0         80   rt_memcpy_w.o
         0          0          0          0          0          0   rtentry.o
        12          0          0          0          0          0   rtentry2.o
         6          0          0          0          0          0   rtentry4.o
         2          0          0          0          0          0   rtexit.o
        10          0          0          0          0          0   rtexit2.o
       104          0          0          0          0         88   setvbuf_locked.o
       240          6          0          0          0        156   stdio.o
         0          0          0         12        252          0   stdio_streams.o
        24          0          0          0          0         68   strcat.o
       128          0          0          0          0         68   strcmpv7m.o
         0          0          0          4          0          0   streamlock.o
        62          0          0          0          0         76   strlen.o
        74          0          0          0          0         80   sys_stackheap_outer.o
         2          0          0          0          0         68   use_no_semi.o

    ----------------------------------------------------------------------
     22736       1152        169        824        736     132415   Library Totals
        38          0          0        758          0          0   (incl. Padding)

    ----------------------------------------------------------------------

      Code (inc. data)   RO Data    RW Data    ZI Data      Debug   Library Name

     15624        768        169         21        340     111516   FS_CM3.lib
      2006        184          0         29         48      16879   RTX_CM3.LIB
      5068        200          0         16        348       4020   c_w.l

    ----------------------------------------------------------------------
     22736       1152        169        824        736     132415   Library Totals

    ----------------------------------------------------------------------

==============================================================================


      Code (inc. data)   RO Data    RW Data    ZI Data      Debug   

     35112       3440       1792       1644      10388     207592   Grand Totals
     35112       3440       1792         76      10388     207592   ELF Image Totals (compressed)
     35112       3440       1792         76          0          0   ROM Totals

==============================================================================

    Total RO  Size (Code + RO Data)                36904 (  36.04kB)
    Total RW  Size (RW Data + ZI Data)             12032 (  11.75kB)
    Total ROM Size (Code + RO Data + RW Data)      36980 (  36.11kB)

==============================================================================

