<html>
<body>
<pre>
<h1>µVision Build Log</h1>
<h2>Project:</h2>
U:\Lab_4_KonsolenCommands_auf_SD\IDE\HPES_labs.uvproj
Project File Date:  05/09/2015

<h2>Output:</h2>
Build target 'HPES_Lab'
compiling File_Config.c...
compiling main.c...
linking...
Program Size: Code=35148 RO-data=1824 RW-data=1644 ZI-data=10388  
".\HPES_labs.axf" - 0 Errors, 0 Warning(s).
Load "U:\\Lab_4_KonsolenCommands_auf_SD\\IDE\\HPES_labs.axf" 
Connecting: Mode=JTAG, Speed=1000000Hz
Erase Done.
Programming Done.
Verify OK.
Load "U:\\Lab_4_KonsolenCommands_auf_SD\\IDE\\HPES_labs.axf" 
Connecting: Mode=JTAG, Speed=1000000Hz
Erase Done.
Programming Done.
Verify OK.
Build target 'HPES_Lab'
compiling main.c...
linking...
Program Size: Code=35152 RO-data=1824 RW-data=1644 ZI-data=10388  
".\HPES_labs.axf" - 0 Errors, 0 Warning(s).
Load "U:\\Lab_4_KonsolenCommands_auf_SD\\IDE\\HPES_labs.axf" 
Connecting: Mode=JTAG, Speed=1000000Hz
Erase Done.
Programming Done.
Verify OK.
Build target 'HPES_Lab'
compiling main.c...
linking...
Program Size: Code=35112 RO-data=1824 RW-data=1644 ZI-data=10388  
".\HPES_labs.axf" - 0 Errors, 0 Warning(s).
Load "U:\\Lab_4_KonsolenCommands_auf_SD\\IDE\\HPES_labs.axf" 
Connecting: Mode=JTAG, Speed=1000000Hz
Erase Done.
Programming Done.
Verify OK.
Build target 'HPES_Lab'
compiling main.c...
linking...
Program Size: Code=35112 RO-data=1792 RW-data=1644 ZI-data=10388  
".\HPES_labs.axf" - 0 Errors, 0 Warning(s).
