ARM Linker, 5.03 [Build 76] [MDK-ARM Standard]

==============================================================================

Section Cross References

    startup.o(STACK) refers (Special) to heapauxi.o(.text) for __use_two_region_memory
    startup.o(HEAP) refers (Special) to heapauxi.o(.text) for __use_two_region_memory
    startup.o(RESET) refers (Special) to heapauxi.o(.text) for __use_two_region_memory
    startup.o(RESET) refers to startup.o(STACK) for StackMem
    startup.o(RESET) refers to hal_cm3.o(.emb_text) for SVC_Handler
    startup.o(RESET) refers to uartstdio.o(.text) for UARTStdioIntHandler
    startup.o(RESET) refers to touch.o(.text) for TouchScreenIntHandler
    startup.o(RESET) refers to sound.o(.text) for SoundIntHandler
    startup.o(RESET) refers to __main.o(!!!main) for __main
    startup.o(.text) refers (Special) to heapauxi.o(.text) for __use_two_region_memory
    startup.o(.text) refers to startup.o(HEAP) for HeapMem
    startup.o(.text) refers to startup.o(STACK) for StackMem
    retarget.o(.text) refers (Special) to use_no_semi.o(.text) for __use_no_semihosting_swi
    retarget.o(.text) refers to strcmpv7m.o(.text) for strcmp
    retarget.o(.text) refers to _fs_fopen.o(i.__fopen) for __fopen
    retarget.o(.text) refers to _fs_fclose.o(i.__fclose) for __fclose
    retarget.o(.text) refers to _fs_write.o(i.__write) for __write
    retarget.o(.text) refers to _fs_read.o(i.__read) for __read
    retarget.o(.text) refers to _fs_setfpos.o(i.__setfpos) for __setfpos
    retarget.o(.text) refers to _fs_flushbuf.o(i.__flushbuf) for __flushbuf
    retarget.o(.text) refers to _fs_getfsize.o(i.__getfsize) for __getfsize
    retarget.o(.text) refers to file_config.o(.bss) for _iob
    retarget.o(.constdata) refers (Special) to use_no_semi.o(.text) for __use_no_semihosting_swi
    spi_lm3s37x8.o(.text) refers to sysctl.o(.text) for SysCtlPeripheralEnable
    spi_lm3s37x8.o(.text) refers to gpio.o(.text) for GPIODirModeSet
    spi_lm3s37x8.o(.text) refers to ssi.o(.text) for SSIConfigSetExpClk
    hal_led.o(.text) refers to sysctl.o(.text) for SysCtlPeripheralEnable
    hal_led.o(.text) refers to gpio.o(.text) for GPIOPinTypeGPIOOutput
    hal_system.o(.text) refers to sysctl.o(.text) for SysCtlPeripheralEnable
    hal_system.o(.text) refers to interrupt.o(.text) for IntMasterEnable
    hal_system.o(.text) refers to uart.o(.text) for UARTEnable
    hal_system.o(.text) refers to gpio.o(.text) for GPIOPinTypeUART
    hal_system.o(.text) refers to uartstdio.o(.text) for UARTStdioInit
    hal_system.o(.text) refers to sysctl.o(.emb_text) for SysCtlDelay
    hal_system.o(.text) refers to udma.o(.text) for uDMAControlBaseSet
    hal_system.o(.text) refers to hal_system.o(.bss) for sDMAControlTable
    cmdline.o(.text) refers to strcmpv7m.o(.text) for strcmp
    cmdline.o(.text) refers to cmdline.o(.bss) for argv
    uartstdio.o(.text) refers to uartstdio.o(.data) for g_ulUARTTxWriteIndex
    uartstdio.o(.text) refers to uartstdio.o(.constdata) for g_ulUARTInt
    uartstdio.o(.text) refers to uartstdio.o(.bss) for g_pcUARTTxBuffer
    uartstdio.o(.constdata) refers to uartstdio.o(.conststring) for .conststring
    ustdlib.o(.text) refers to ustdlib.o(.constdata) for g_pcHex
    ustdlib.o(.text) refers to ustdlib.o(.data) for g_ulRandomSeed
    ustdlib.o(.constdata) refers to ustdlib.o(.conststring) for .conststring
    touch.o(.text) refers to touch.o(.data) for g_sTouchX
    touch.o(.text) refers to touch.o(.bss) for g_psSamples
    touch.o(.text) refers to set_pinout.o(.data) for g_eDaughterType
    touch.o(.text) refers to touch.o(.constdata) for g_lTouchParameters
    kitronix320x240x16_ssd2119_8bit.o(.text) refers to sysctl.o(.emb_text) for SysCtlDelay
    kitronix320x240x16_ssd2119_8bit.o(.text) refers to kitronix320x240x16_ssd2119_8bit.o(.data) for WriteData
    kitronix320x240x16_ssd2119_8bit.o(.text) refers to set_pinout.o(.data) for g_eDaughterType
    kitronix320x240x16_ssd2119_8bit.o(.constdata) refers to kitronix320x240x16_ssd2119_8bit.o(.text) for Kitronix320x240x16_SSD2119PixelDraw
    kitronix320x240x16_ssd2119_8bit.o(.data) refers to kitronix320x240x16_ssd2119_8bit.o(.text) for WriteDataGPIO
    set_pinout.o(.text) refers to epi.o(.text) for EPIDividerSet
    set_pinout.o(.text) refers to gpio.o(.text) for GPIOPinConfigure
    set_pinout.o(.text) refers to set_pinout.o(.constdata) for g_psEPIPinInfo
    set_pinout.o(.text) refers to set_pinout.o(.data) for g_eDaughterType
    main.o(.text) refers to sound.o(.text) for SoundVolumeSet
    main.o(.text) refers to ustdlib.o(.text) for usprintf
    main.o(.text) refers to widget.o(i.WidgetMessageQueueAdd) for WidgetMessageQueueAdd
    main.o(.text) refers to strcat.o(.text) for strcat
    main.o(.text) refers to strcpy.o(.text) for strcpy
    main.o(.text) refers to listbox.o(i.ListBoxTextAdd) for ListBoxTextAdd
    main.o(.text) refers to fs_ffind.o(i.ffind) for ffind
    main.o(.text) refers to uartstdio.o(.text) for UARTprintf
[...]
    I2SIntDisable                            0x000048d1   Thumb Code    16  i2s.o(.text)
    I2SIntStatus                             0x000048e1   Thumb Code    20  i2s.o(.text)
    I2SIntClear                              0x000048f5   Thumb Code     8  i2s.o(.text)
    I2SIntRegister                           0x000048fd   Thumb Code    22  i2s.o(.text)
    I2SIntUnregister                         0x00004913   Thumb Code    18  i2s.o(.text)
    IntMasterEnable                          0x00004929   Thumb Code    10  interrupt.o(.text)
    IntMasterDisable                         0x00004933   Thumb Code    10  interrupt.o(.text)
    IntRegister                              0x0000493d   Thumb Code    52  interrupt.o(.text)
    IntUnregister                            0x00004971   Thumb Code    10  interrupt.o(.text)
    IntPriorityGroupingSet                   0x0000497b   Thumb Code    18  interrupt.o(.text)
    IntPriorityGroupingGet                   0x0000498d   Thumb Code    36  interrupt.o(.text)
    IntPrioritySet                           0x000049b1   Thumb Code    46  interrupt.o(.text)
    IntPriorityGet                           0x000049df   Thumb Code    22  interrupt.o(.text)
    IntEnable                                0x000049f5   Thumb Code   120  interrupt.o(.text)
    IntDisable                               0x00004a6d   Thumb Code   120  interrupt.o(.text)
    IntPendSet                               0x00004ae5   Thumb Code    98  interrupt.o(.text)
    IntPendClear                             0x00004b47   Thumb Code    76  interrupt.o(.text)
    IntPriorityMaskSet                       0x00004b93   Thumb Code    12  interrupt.o(.text)
    IntPriorityMaskGet                       0x00004b9f   Thumb Code     8  interrupt.o(.text)
    SSIConfigSetExpClk                       0x00004bf7   Thumb Code   102  ssi.o(.text)
    SSIEnable                                0x00004c5d   Thumb Code    10  ssi.o(.text)
    SSIDisable                               0x00004c67   Thumb Code    10  ssi.o(.text)
    SSIIntRegister                           0x00004c71   Thumb Code    30  ssi.o(.text)
    SSIIntUnregister                         0x00004c8f   Thumb Code    26  ssi.o(.text)
    SSIIntEnable                             0x00004ca9   Thumb Code     8  ssi.o(.text)
    SSIIntDisable                            0x00004cb1   Thumb Code     8  ssi.o(.text)
    SSIIntStatus                             0x00004cb9   Thumb Code    12  ssi.o(.text)
    SSIIntClear                              0x00004cc5   Thumb Code     4  ssi.o(.text)
    SSIDataPut                               0x00004cc9   Thumb Code    14  ssi.o(.text)
    SSIDataPutNonBlocking                    0x00004cd7   Thumb Code    20  ssi.o(.text)
    SSIDataGet                               0x00004ceb   Thumb Code    16  ssi.o(.text)
    SSIDataGetNonBlocking                    0x00004cfb   Thumb Code    22  ssi.o(.text)
    SSIDMAEnable                             0x00004d11   Thumb Code     8  ssi.o(.text)
    SSIDMADisable                            0x00004d19   Thumb Code     8  ssi.o(.text)
    SSIBusy                                  0x00004d21   Thumb Code    10  ssi.o(.text)
    SSIClockSourceSet                        0x00004d2b   Thumb Code     8  ssi.o(.text)
    SSIClockSourceGet                        0x00004d33   Thumb Code    10  ssi.o(.text)
    SysCtlSRAMSizeGet                        0x00004d65   Thumb Code    14  sysctl.o(.text)
    SysCtlFlashSizeGet                       0x00004d73   Thumb Code    14  sysctl.o(.text)
    SysCtlPinPresent                         0x00004d81   Thumb Code    18  sysctl.o(.text)
    SysCtlPeripheralPresent                  0x00004d93   Thumb Code   114  sysctl.o(.text)
    SysCtlPeripheralReady                    0x00004e05   Thumb Code    56  sysctl.o(.text)
    SysCtlPeripheralPowerOn                  0x00004e3d   Thumb Code    56  sysctl.o(.text)
    SysCtlPeripheralPowerOff                 0x00004e75   Thumb Code    56  sysctl.o(.text)
    SysCtlPeripheralReset                    0x00004ead   Thumb Code   212  sysctl.o(.text)
    SysCtlPeripheralEnable                   0x00004f81   Thumb Code    96  sysctl.o(.text)
    SysCtlPeripheralDisable                  0x00004fe1   Thumb Code    96  sysctl.o(.text)
    SysCtlPeripheralSleepEnable              0x00005041   Thumb Code    96  sysctl.o(.text)
    SysCtlPeripheralSleepDisable             0x000050a1   Thumb Code    96  sysctl.o(.text)
    SysCtlPeripheralDeepSleepEnable          0x00005101   Thumb Code   152  sysctl.o(.text)
    SysCtlPeripheralDeepSleepDisable         0x00005199   Thumb Code    96  sysctl.o(.text)
    SysCtlPeripheralClockGating              0x000051f9   Thumb Code    30  sysctl.o(.text)
    SysCtlIntRegister                        0x00005217   Thumb Code    20  sysctl.o(.text)
    SysCtlIntUnregister                      0x0000522b   Thumb Code    16  sysctl.o(.text)
    SysCtlIntEnable                          0x0000523b   Thumb Code    12  sysctl.o(.text)
    SysCtlIntDisable                         0x00005247   Thumb Code    12  sysctl.o(.text)
    SysCtlIntClear                           0x00005253   Thumb Code     6  sysctl.o(.text)
    SysCtlIntStatus                          0x00005259   Thumb Code    16  sysctl.o(.text)
    SysCtlLDOSet                             0x00005269   Thumb Code     6  sysctl.o(.text)
    SysCtlLDOGet                             0x0000526f   Thumb Code     6  sysctl.o(.text)
    SysCtlLDOConfigSet                       0x00005275   Thumb Code     6  sysctl.o(.text)
    SysCtlReset                              0x0000527b   Thumb Code    10  sysctl.o(.text)
    SysCtlSleep                              0x00005285   Thumb Code     8  sysctl.o(.text)
    SysCtlDeepSleep                          0x0000528d   Thumb Code    40  sysctl.o(.text)
    SysCtlResetCauseGet                      0x000052b5   Thumb Code     6  sysctl.o(.text)
    SysCtlResetCauseClear                    0x000052bb   Thumb Code    12  sysctl.o(.text)
    SysCtlBrownOutConfigSet                  0x000052c7   Thumb Code    10  sysctl.o(.text)
    SysCtlMOSCConfigSet                      0x000052d1   Thumb Code     6  sysctl.o(.text)
    SysCtlPIOSCCalibrate                     0x000052d7   Thumb Code    72  sysctl.o(.text)
    SysCtlClockSet                           0x0000531f   Thumb Code   348  sysctl.o(.text)
    SysCtlClockGet                           0x0000547b   Thumb Code   610  sysctl.o(.text)
    SysCtlDeepSleepClockSet                  0x000056dd   Thumb Code     6  sysctl.o(.text)
    SysCtlPWMClockSet                        0x000056e3   Thumb Code    16  sysctl.o(.text)
    SysCtlPWMClockGet                        0x000056f3   Thumb Code    24  sysctl.o(.text)
    SysCtlADCSpeedSet                        0x0000570b   Thumb Code    36  sysctl.o(.text)
    SysCtlADCSpeedGet                        0x0000572f   Thumb Code    10  sysctl.o(.text)
    SysCtlIOSCVerificationSet                0x00005739   Thumb Code    30  sysctl.o(.text)
    SysCtlMOSCVerificationSet                0x00005757   Thumb Code    30  sysctl.o(.text)
    SysCtlPLLVerificationSet                 0x00005775   Thumb Code    30  sysctl.o(.text)
    SysCtlClkVerificationClear               0x00005793   Thumb Code    18  sysctl.o(.text)
    SysCtlGPIOAHBEnable                      0x000057a5   Thumb Code    14  sysctl.o(.text)
    SysCtlGPIOAHBDisable                     0x000057b3   Thumb Code    14  sysctl.o(.text)
    SysCtlUSBPLLEnable                       0x000057c1   Thumb Code    14  sysctl.o(.text)
    SysCtlUSBPLLDisable                      0x000057cf   Thumb Code    14  sysctl.o(.text)
    SysCtlI2SMClkSet                         0x000057dd   Thumb Code   212  sysctl.o(.text)
    UARTParityModeSet                        0x00005907   Thumb Code    12  uart.o(.text)
    UARTParityModeGet                        0x00005913   Thumb Code    10  uart.o(.text)
    UARTFIFOLevelSet                         0x0000591d   Thumb Code     8  uart.o(.text)
    UARTFIFOLevelGet                         0x00005925   Thumb Code    18  uart.o(.text)
    UARTEnable                               0x00005937   Thumb Code    20  uart.o(.text)
    UARTDisable                              0x0000594b   Thumb Code    30  uart.o(.text)
    UARTConfigSetExpClk                      0x00005969   Thumb Code    76  uart.o(.text)
    UARTConfigGetExpClk                      0x000059b5   Thumb Code    44  uart.o(.text)
    UARTFIFOEnable                           0x000059e1   Thumb Code    10  uart.o(.text)
    UARTFIFODisable                          0x000059eb   Thumb Code    10  uart.o(.text)
    UARTEnableSIR                            0x000059f5   Thumb Code    22  uart.o(.text)
    UARTDisableSIR                           0x00005a0b   Thumb Code    10  uart.o(.text)
    UARTSmartCardEnable                      0x00005a15   Thumb Code    22  uart.o(.text)
    UARTSmartCardDisable                     0x00005a2b   Thumb Code    10  uart.o(.text)
    UARTModemControlSet                      0x00005a35   Thumb Code    12  uart.o(.text)
    UARTModemControlClear                    0x00005a41   Thumb Code    12  uart.o(.text)
    UARTModemControlGet                      0x00005a4d   Thumb Code    10  uart.o(.text)
    UARTModemStatusGet                       0x00005a57   Thumb Code    12  uart.o(.text)
    UARTFlowControlSet                       0x00005a63   Thumb Code    12  uart.o(.text)
    UARTFlowControlGet                       0x00005a6f   Thumb Code    10  uart.o(.text)
    UARTTxIntModeSet                         0x00005a79   Thumb Code    12  uart.o(.text)
    UARTTxIntModeGet                         0x00005a85   Thumb Code    10  uart.o(.text)
    UARTCharsAvail                           0x00005a8f   Thumb Code    12  uart.o(.text)
    UARTSpaceAvail                           0x00005a9b   Thumb Code    12  uart.o(.text)
    UARTCharGetNonBlocking                   0x00005aa7   Thumb Code    20  uart.o(.text)
    UARTCharGet                              0x00005abb   Thumb Code    16  uart.o(.text)
    UARTCharPutNonBlocking                   0x00005acb   Thumb Code    20  uart.o(.text)
    UARTCharPut                              0x00005adf   Thumb Code    14  uart.o(.text)
    UARTBreakCtl                             0x00005aed   Thumb Code    20  uart.o(.text)
    UARTBusy                                 0x00005b01   Thumb Code    10  uart.o(.text)
    UARTIntRegister                          0x00005b0b   Thumb Code    30  uart.o(.text)
    UARTIntUnregister                        0x00005b29   Thumb Code    26  uart.o(.text)
    UARTIntEnable                            0x00005b43   Thumb Code     8  uart.o(.text)
    UARTIntDisable                           0x00005b4b   Thumb Code     8  uart.o(.text)
    UARTIntStatus                            0x00005b53   Thumb Code    12  uart.o(.text)
    UARTIntClear                             0x00005b5f   Thumb Code     4  uart.o(.text)
    UARTDMAEnable                            0x00005b63   Thumb Code     8  uart.o(.text)
    UARTDMADisable                           0x00005b6b   Thumb Code     8  uart.o(.text)
    UARTRxErrorGet                           0x00005b73   Thumb Code    10  uart.o(.text)
    UARTRxErrorClear                         0x00005b7d   Thumb Code     6  uart.o(.text)
    UARTClockSourceSet                       0x00005b83   Thumb Code     8  uart.o(.text)
    UARTClockSourceGet                       0x00005b8b   Thumb Code    10  uart.o(.text)
    UART9BitEnable                           0x00005b95   Thumb Code    14  uart.o(.text)
    UART9BitDisable                          0x00005ba3   Thumb Code    14  uart.o(.text)
    UART9BitAddrSet                          0x00005bb1   Thumb Code    10  uart.o(.text)
    UART9BitAddrSend                         0x00005bbb   Thumb Code    40  uart.o(.text)
    uDMAEnable                               0x00005be9   Thumb Code     8  udma.o(.text)
    uDMADisable                              0x00005bf1   Thumb Code     8  udma.o(.text)
    uDMAErrorStatusGet                       0x00005bf9   Thumb Code     6  udma.o(.text)
    uDMAErrorStatusClear                     0x00005bff   Thumb Code     8  udma.o(.text)
    uDMAChannelEnable                        0x00005c07   Thumb Code    14  udma.o(.text)
    uDMAChannelDisable                       0x00005c15   Thumb Code    14  udma.o(.text)
    uDMAChannelIsEnabled                     0x00005c23   Thumb Code    26  udma.o(.text)
    uDMAControlBaseSet                       0x00005c3d   Thumb Code     6  udma.o(.text)
    uDMAControlBaseGet                       0x00005c43   Thumb Code     6  udma.o(.text)
    uDMAControlAlternateBaseGet              0x00005c49   Thumb Code     6  udma.o(.text)
    uDMAChannelRequest                       0x00005c4f   Thumb Code    14  udma.o(.text)
    uDMAChannelAttributeEnable               0x00005c5d   Thumb Code    62  udma.o(.text)
    uDMAChannelAttributeDisable              0x00005c9b   Thumb Code    62  udma.o(.text)
    uDMAChannelAttributeGet                  0x00005cd9   Thumb Code    74  udma.o(.text)
    uDMAChannelControlSet                    0x00005d23   Thumb Code    30  udma.o(.text)
    uDMAChannelTransferSet                   0x00005d41   Thumb Code   166  udma.o(.text)
    uDMAChannelScatterGatherSet              0x00005de7   Thumb Code    74  udma.o(.text)
    uDMAChannelSizeGet                       0x00005e31   Thumb Code    38  udma.o(.text)
    uDMAChannelModeGet                       0x00005e57   Thumb Code    42  udma.o(.text)
    uDMAChannelSelectSecondary               0x00005e81   Thumb Code    12  udma.o(.text)
    uDMAChannelSelectDefault                 0x00005e8d   Thumb Code    12  udma.o(.text)
    uDMAIntRegister                          0x00005e99   Thumb Code    22  udma.o(.text)
    uDMAIntUnregister                        0x00005eaf   Thumb Code    18  udma.o(.text)
    uDMAIntStatus                            0x00005ec1   Thumb Code     8  udma.o(.text)
    uDMAIntClear                             0x00005ec9   Thumb Code     8  udma.o(.text)
    uDMAChannelAssign                        0x00005ed1   Thumb Code    38  udma.o(.text)
    EPIModeSet                               0x00005f09   Thumb Code     4  epi.o(.text)
    EPIDividerSet                            0x00005f0d   Thumb Code     4  epi.o(.text)
    EPIConfigSDRAMSet                        0x00005f11   Thumb Code    12  epi.o(.text)
    EPIConfigHB8Set                          0x00005f1d   Thumb Code    54  epi.o(.text)
    EPIConfigHB16Set                         0x00005f53   Thumb Code    54  epi.o(.text)
    EPIConfigGPModeSet                       0x00005f89   Thumb Code    38  epi.o(.text)
    EPIAddressMapSet                         0x00005faf   Thumb Code     4  epi.o(.text)
    EPINonBlockingReadConfigure              0x00005fb3   Thumb Code    16  epi.o(.text)
    EPINonBlockingReadStart                  0x00005fc3   Thumb Code    12  epi.o(.text)
    EPINonBlockingReadStop                   0x00005fcf   Thumb Code    14  epi.o(.text)
    EPINonBlockingReadCount                  0x00005fdd   Thumb Code    12  epi.o(.text)
    EPINonBlockingReadAvail                  0x00005fe9   Thumb Code     6  epi.o(.text)
    EPINonBlockingReadGet32                  0x00005fef   Thumb Code    30  epi.o(.text)
    EPINonBlockingReadGet16                  0x0000600d   Thumb Code    30  epi.o(.text)
    EPINonBlockingReadGet8                   0x0000602b   Thumb Code    30  epi.o(.text)
    EPIFIFOConfig                            0x00006049   Thumb Code     6  epi.o(.text)
    EPIWriteFIFOCountGet                     0x0000604f   Thumb Code     8  epi.o(.text)
    EPIIntEnable                             0x00006057   Thumb Code    12  epi.o(.text)
    EPIIntDisable                            0x00006063   Thumb Code    12  epi.o(.text)
    EPIIntStatus                             0x0000606f   Thumb Code    16  epi.o(.text)
    EPIIntErrorStatus                        0x0000607f   Thumb Code     8  epi.o(.text)
    EPIIntErrorClear                         0x00006087   Thumb Code     6  epi.o(.text)
    EPIIntRegister                           0x0000608d   Thumb Code    22  epi.o(.text)
    EPIIntUnregister                         0x000060a3   Thumb Code    18  epi.o(.text)
    __user_libspace                          0x000060b9   Thumb Code     8  libspace.o(.text)
    __user_perproc_libspace                  0x000060b9   Thumb Code     0  libspace.o(.text)
    __semihosting$guard                      0x000060c1   Thumb Code     0  use_no_semi.o(.text)
    __use_no_semihosting_swi                 0x000060c1   Thumb Code     2  use_no_semi.o(.text)
    _fclose$unlocked                         0x000060c3   Thumb Code     0  fclose.o(.text)
    _fclose_internal                         0x000060c3   Thumb Code    76  fclose.o(.text)
    fclose                                   0x00006111   Thumb Code    46  fclose_locked.o(.text)
    freopen                                  0x000061f3   Thumb Code    42  fopen_locked.o(.text)
    fopen                                    0x0000621d   Thumb Code   100  fopen_locked.o(.text)
    strcpy                                   0x00006289   Thumb Code    72  strcpy.o(.text)
    strlen                                   0x000062d1   Thumb Code    62  strlen.o(.text)
    strcat                                   0x0000630f   Thumb Code    24  strcat.o(.text)
    __aeabi_memcpy                           0x00006327   Thumb Code     0  rt_memcpy_v6.o(.text)
    __rt_memcpy                              0x00006327   Thumb Code   138  rt_memcpy_v6.o(.text)
    _memcpy_lastbytes                        0x0000638d   Thumb Code     0  rt_memcpy_v6.o(.text)
    __aeabi_memcpy4                          0x000063b1   Thumb Code     0  rt_memcpy_w.o(.text)
    __aeabi_memcpy8                          0x000063b1   Thumb Code     0  rt_memcpy_w.o(.text)
    __rt_memcpy_w                            0x000063b1   Thumb Code   100  rt_memcpy_w.o(.text)
    _memcpy_lastbytes_aligned                0x000063f9   Thumb Code     0  rt_memcpy_w.o(.text)
    __aeabi_memclr                           0x00006415   Thumb Code     0  rt_memclr.o(.text)
    __rt_memclr                              0x00006415   Thumb Code    68  rt_memclr.o(.text)
    _memset                                  0x00006419   Thumb Code     0  rt_memclr.o(.text)
    __aeabi_memclr4                          0x00006459   Thumb Code     0  rt_memclr_w.o(.text)
    __aeabi_memclr8                          0x00006459   Thumb Code     0  rt_memclr_w.o(.text)
    __rt_memclr_w                            0x00006459   Thumb Code    78  rt_memclr_w.o(.text)
    _memset_w                                0x0000645d   Thumb Code     0  rt_memclr_w.o(.text)
    strcmp                                   0x000064a9   Thumb Code   128  strcmpv7m.o(.text)
    __use_two_region_memory                  0x00006529   Thumb Code     2  heapauxi.o(.text)
    __rt_heap_escrow                         0x0000652b   Thumb Code     2  heapauxi.o(.text)
    __rt_heap_expand                         0x0000652d   Thumb Code     2  heapauxi.o(.text)
    _malloc_internal                         0x00006537   Thumb Code   130  h1_alloc_mt.o(.text)
    malloc                                   0x000065b9   Thumb Code    20  h1_alloc_mt.o(.text)
    _free_internal                           0x000065cd   Thumb Code    98  h1_free_mt.o(.text)
    free                                     0x0000662f   Thumb Code    20  h1_free_mt.o(.text)
    _fseek                                   0x00006645   Thumb Code   242  fseek.o(.text)
    fseek                                    0x00006645   Thumb Code     0  fseek.o(.text)
    _seterr                                  0x0000673d   Thumb Code    20  stdio.o(.text)
    _writebuf                                0x00006751   Thumb Code    84  stdio.o(.text)
    _fflush                                  0x000067a5   Thumb Code    70  stdio.o(.text)
    _deferredlazyseek                        0x000067eb   Thumb Code    60  stdio.o(.text)
    __rt_heap_descriptor                     0x0000682d   Thumb Code    10  rt_heap_descriptor_twolibspace.o(.text)
    __use_no_heap                            0x00006837   Thumb Code     2  hguard.o(.text)
    __heap$guard                             0x00006839   Thumb Code     2  hguard.o(.text)
    _terminate_user_alloc                    0x0000683b   Thumb Code     2  init_alloc.o(.text)
    _init_user_alloc                         0x0000683d   Thumb Code     2  init_alloc.o(.text)
    __Heap_Full                              0x0000683f   Thumb Code    34  init_alloc.o(.text)
    __Heap_Broken                            0x00006861   Thumb Code     6  init_alloc.o(.text)
    _init_alloc                              0x00006867   Thumb Code    94  init_alloc.o(.text)
    __Heap_Initialize                        0x000068c5   Thumb Code    14  h1_init_mt.o(.text)
    __Heap_DescSize                          0x000068d3   Thumb Code     4  h1_init_mt.o(.text)
    _readbuf                                 0x000068d7   Thumb Code    54  filbuf.o(.text)
    _seteof                                  0x0000690d   Thumb Code    40  filbuf.o(.text)
    __filbuf                                 0x00006935   Thumb Code   482  filbuf.o(.text)
    __filbuf_byte                            0x00006935   Thumb Code     0  filbuf.o(.text)
    __filbuf_wide                            0x00006935   Thumb Code     0  filbuf.o(.text)
    _ftell_internal                          0x00006b17   Thumb Code    70  ftell.o(.text)
    ftell                                    0x00006b17   Thumb Code     0  ftell.o(.text)
    _initio                                  0x00006b5d   Thumb Code   240  initio_locked.o(.text)
    _terminateio                             0x00006c4d   Thumb Code   168  initio_locked.o(.text)
    __user_setup_stackheap                   0x00006d25   Thumb Code    74  sys_stackheap_outer.o(.text)
    __aeabi_errno_addr                       0x00006d6f   Thumb Code     4  rt_errno_addr_twolibspace.o(.text)
    __errno$twolibspace                      0x00006d6f   Thumb Code     0  rt_errno_addr_twolibspace.o(.text)
    __rt_errno_addr$twolibspace              0x00006d6f   Thumb Code     0  rt_errno_addr_twolibspace.o(.text)
    __Heap_ProvideMemory                     0x00006d73   Thumb Code    62  h1_extend_mt.o(.text)
    setvbuf                                  0x00006db1   Thumb Code   104  setvbuf_locked.o(.text)
    fread                                    0x00006e19   Thumb Code   310  freadfast_locked.o(.text)
    _flushlinebuffered                       0x00006f51   Thumb Code    84  flushlinebuffered_locked.o(.text)
    exit                                     0x00006fad   Thumb Code    12  exit.o(.text)
    __rt_SIGRTRED                            0x00006fb9   Thumb Code    14  defsig_rtred_outer.o(.text)
    __rt_SIGRTMEM                            0x00006fc7   Thumb Code    14  defsig_rtmem_outer.o(.text)
    _do_fflush                               0x00006fd5   Thumb Code    74  fflush_locked.o(.text)
    _fflush$locked                           0x0000701f   Thumb Code    60  fflush_locked.o(.text)
    __sig_exit                               0x00007065   Thumb Code    10  defsig_exit.o(.text)
    __rt_SIGRTRED_inner                      0x00007071   Thumb Code    14  defsig_rtred_inner.o(.text)
    __rt_SIGRTMEM_inner                      0x000070a5   Thumb Code    22  defsig_rtmem_inner.o(.text)
    __default_signal_display                 0x000070f5   Thumb Code    50  defsig_general.o(.text)
    SVC_Count                                0x00007128   Data           4  SVC_Table.o(SVC_TABLE)
    CanvasMsgProc                            0x0000712d   Thumb Code   438  canvas.o(i.CanvasMsgProc)
    SVC_Table                                0x0000712c   Data           0  SVC_Table.o(SVC_TABLE)
    GrContextClipRegionSet                   0x000072e3   Thumb Code   112  context.o(i.GrContextClipRegionSet)
    GrContextFontSet                         0x00007353   Thumb Code     6  string.o(i.GrContextFontSet)
    GrContextInit                            0x00007359   Thumb Code    88  context.o(i.GrContextInit)
    GrDefaultStringRenderer                  0x000073bd   Thumb Code   280  string.o(i.GrDefaultStringRenderer)
    GrFontBaselineGet                        0x000074d5   Thumb Code    44  string.o(i.GrFontBaselineGet)
    GrFontGlyphDataGet                       0x00007501   Thumb Code   166  string.o(i.GrFontGlyphDataGet)
    GrFontGlyphRender                        0x000075a7   Thumb Code   646  string.o(i.GrFontGlyphRender)
    GrFontHeightGet                          0x0000782d   Thumb Code    44  string.o(i.GrFontHeightGet)
    GrImageDraw                              0x00007859   Thumb Code    24  image.o(i.GrImageDraw)
    GrLineDrawH                              0x00007871   Thumb Code    76  line.o(i.GrLineDrawH)
    GrLineDrawV                              0x000078bd   Thumb Code    76  line.o(i.GrLineDrawV)
    GrMapISO8859_1_Unicode                   0x00007909   Thumb Code     8  charmap.o(i.GrMapISO8859_1_Unicode)
    GrRectDraw                               0x00007911   Thumb Code   108  rectangle.o(i.GrRectDraw)
    GrRectFill                               0x0000797d   Thumb Code   180  rectangle.o(i.GrRectFill)
    GrRectIntersectGet                       0x00007a31   Thumb Code   138  rectangle.o(i.GrRectIntersectGet)
    GrStringDraw                             0x00007abb   Thumb Code    22  string.o(i.GrStringDraw)
    GrStringWidthGet                         0x00007ad1   Thumb Code   192  string.o(i.GrStringWidthGet)
    ListBoxMsgProc                           0x00007ee5   Thumb Code   886  listbox.o(i.ListBoxMsgProc)
    ListBoxTextAdd                           0x0000825b   Thumb Code   104  listbox.o(i.ListBoxTextAdd)
    RectangularButtonMsgProc                 0x00008567   Thumb Code   288  pushbutton.o(i.RectangularButtonMsgProc)
    SliderMsgProc                            0x0000881b   Thumb Code   342  slider.o(i.SliderMsgProc)
    WidgetAdd                                0x00008d97   Thumb Code    38  widget.o(i.WidgetAdd)
    WidgetDefaultMsgProc                     0x00008dbd   Thumb Code     4  widget.o(i.WidgetDefaultMsgProc)
    WidgetMessageQueueAdd                    0x00008dc1   Thumb Code   218  widget.o(i.WidgetMessageQueueAdd)
    WidgetMessageQueueProcess                0x00008ea5   Thumb Code   164  widget.o(i.WidgetMessageQueueProcess)
    WidgetMessageSendPostOrder               0x00008f51   Thumb Code   212  widget.o(i.WidgetMessageSendPostOrder)
    WidgetPointerMessage                     0x0000902d   Thumb Code    28  widget.o(i.WidgetPointerMessage)
    __fclose                                 0x0000904d   Thumb Code   124  _fs_fclose.o(i.__fclose)
    __flushbuf                               0x000090d1   Thumb Code   134  _fs_flushbuf.o(i.__flushbuf)
    __fopen                                  0x00009161   Thumb Code   368  _fs_fopen.o(i.__fopen)
    __getfsize                               0x000092e1   Thumb Code   170  _fs_getfsize.o(i.__getfsize)
    __read                                   0x00009391   Thumb Code   164  _fs_read.o(i.__read)
    __setfpos                                0x0000943d   Thumb Code   234  _fs_setfpos.o(i.__setfpos)
    __write                                  0x00009531   Thumb Code   252  _fs_write.o(i.__write)
    _fcreate                                 0x00009635   Thumb Code   280  _fs_fcreate.o(i._fcreate)
    _fdelete                                 0x0000974d   Thumb Code   130  _fs_fdelete.o(i._fdelete)
    _ffind                                   0x000097d1   Thumb Code   200  _fs_ffind.o(i._ffind)
    _init_box                                0x00009899   Thumb Code    70  rt_membox.o(i._init_box)
    dbg_init                                 0x00009d81   Thumb Code    36  hal_cm3.o(i.dbg_init)
    dbg_task_notify                          0x00009dad   Thumb Code    32  hal_cm3.o(i.dbg_task_notify)
    dbg_task_switch                          0x00009dcd   Thumb Code    16  hal_cm3.o(i.dbg_task_switch)
    fat_close_write                          0x00009e91   Thumb Code   164  fs_fat.o(i.fat_close_write)
    fat_create                               0x00009f39   Thumb Code    78  fs_fat.o(i.fat_create)
    fat_delete                               0x00009f8d   Thumb Code    90  fs_fat.o(i.fat_delete)
    fat_ffind                                0x00009fed   Thumb Code    60  fs_fat.o(i.fat_ffind)
    fat_find_file                            0x0000a0ad   Thumb Code    70  fs_fat.o(i.fat_find_file)
    fat_init                                 0x0000a0f9   Thumb Code    20  fs_fat.o(i.fat_init)
    fat_read                                 0x0000a10d   Thumb Code   176  fs_fat.o(i.fat_read)
    fat_set_fpos                             0x0000a1c1   Thumb Code    98  fs_fat.o(i.fat_set_fpos)
    fat_write                                0x0000a229   Thumb Code   216  fs_fat.o(i.fat_write)
    ffind                                    0x0000a305   Thumb Code   486  fs_ffind.o(i.ffind)
    finit                                    0x0000a509   Thumb Code    46  fs_finit.o(i.finit)
    fn_cmp                                   0x0000a545   Thumb Code    30  fs_lib.o(i.fn_cmp)
    fs_AllocBlock                            0x0000a563   Thumb Code   162  _fs_flashio.o(i.fs_AllocBlock)
    fs_BlockFull                             0x0000a605   Thumb Code    92  _fs_flashio.o(i.fs_BlockFull)
    fs_BlockInvalid                          0x0000a661   Thumb Code    48  _fs_flashio.o(i.fs_BlockInvalid)
    fs_EraseSector                           0x0000a691   Thumb Code     4  fs_flashprg.o(i.fs_EraseSector)
    fs_Find_File                             0x0000a695   Thumb Code   172  _fs_flashio.o(i.fs_Find_File)
    fs_Init                                  0x0000a741   Thumb Code     4  fs_flashprg.o(i.fs_Init)
    fs_InitBlock                             0x0000a745   Thumb Code    68  _fs_flashio.o(i.fs_InitBlock)
    fs_ProgramPage                           0x0000a795   Thumb Code     4  fs_flashprg.o(i.fs_ProgramPage)
    fs_ReadBlock                             0x0000a799   Thumb Code    28  _fs_flashio.o(i.fs_ReadBlock)
    fs_ReadData                              0x0000a7b5   Thumb Code    18  fs_lib.o(i.fs_ReadData)
    fs_WriteBlock                            0x0000a7c7   Thumb Code    58  _fs_flashio.o(i.fs_WriteBlock)
    fs_WriteData                             0x0000a801   Thumb Code    16  fs_lib.o(i.fs_WriteData)
    fs_adr_sig                               0x0000a811   Thumb Code    22  _fs_flashio.o(i.fs_adr_sig)
    fs_check_fwopen                          0x0000a829   Thumb Code    56  _fs_flashio.o(i.fs_check_fwopen)
    fs_find_iob                              0x0000a869   Thumb Code    42  fs_lib.o(i.fs_find_iob)
    fs_get_date                              0x0000a89d   Thumb Code     4  fs_time.o(i.fs_get_date)
    fs_get_drive                             0x0000a8a5   Thumb Code    80  fs_lib.o(i.fs_get_drive)
    fs_get_freeID                            0x0000a8f5   Thumb Code    82  _fs_flashio.o(i.fs_get_freeID)
    fs_get_freeMem                           0x0000a947   Thumb Code    56  _fs_flashio.o(i.fs_get_freeMem)
    fs_get_time                              0x0000a97f   Thumb Code     6  fs_time.o(i.fs_get_time)
    fs_mark_fileMem                          0x0000a985   Thumb Code   122  _fs_flashio.o(i.fs_mark_fileMem)
    fs_mark_freeMem                          0x0000a9ff   Thumb Code    62  _fs_flashio.o(i.fs_mark_freeMem)
    fs_rd_alloc                              0x0000aa3d   Thumb Code    36  _fs_flashio.o(i.fs_rd_alloc)
    fs_rd_sig                                0x0000aa61   Thumb Code    32  _fs_flashio.o(i.fs_rd_sig)
    fs_set_params                            0x0000aa81   Thumb Code    70  fs_lib.o(i.fs_set_params)
    fs_spi_EraseSector                       0x0000aae9   Thumb Code     4  fs_flashprg.o(i.fs_spi_EraseSector)
    fs_spi_Init                              0x0000aaed   Thumb Code     4  fs_flashprg.o(i.fs_spi_Init)
    fs_spi_ProgramPage                       0x0000aaf1   Thumb Code     4  fs_flashprg.o(i.fs_spi_ProgramPage)
    fs_spi_ReadData                          0x0000aaf5   Thumb Code     4  fs_flashprg.o(i.fs_spi_ReadData)
    fs_strpos                                0x0000aaf9   Thumb Code    26  fs_lib.o(i.fs_strpos)
    mmc_init                                 0x0000b3b5   Thumb Code   432  fs_mmc.o(i.mmc_init)
    mmc_read_sect                            0x0000b5d9   Thumb Code    86  fs_mmc.o(i.mmc_read_sect)
    mmc_write_sect                           0x0000b6c5   Thumb Code    86  fs_mmc.o(i.mmc_write_sect)
    rt_alloc_box                             0x0000b82d   Thumb Code    28  rt_membox.o(i.rt_alloc_box)
    rt_block                                 0x0000b849   Thumb Code    48  rt_task.o(i.rt_block)
    rt_dec_dly                               0x0000b881   Thumb Code   106  rt_list.o(i.rt_dec_dly)
    rt_dispatch                              0x0000b8f5   Thumb Code    60  rt_task.o(i.rt_dispatch)
    rt_dly_wait                              0x0000b939   Thumb Code     6  rt_time.o(i.rt_dly_wait)
    rt_evt_psh                               0x0000b941   Thumb Code    72  rt_event.o(i.rt_evt_psh)
    rt_free_box                              0x0000b98d   Thumb Code    32  rt_membox.o(i.rt_free_box)
    rt_get_first                             0x0000b9ad   Thumb Code    40  rt_list.o(i.rt_get_first)
    rt_init_stack                            0x0000ba19   Thumb Code    70  hal_cm3.o(i.rt_init_stack)
    rt_mbx_psh                               0x0000ba69   Thumb Code   188  rt_mailbox.o(i.rt_mbx_psh)
    rt_mut_init                              0x0000bb29   Thumb Code    16  rt_mutex.o(i.rt_mut_init)
    rt_mut_release                           0x0000bb39   Thumb Code   164  rt_mutex.o(i.rt_mut_release)
    rt_mut_wait                              0x0000bbe5   Thumb Code    96  rt_mutex.o(i.rt_mut_wait)
    rt_pop_req                               0x0000bc49   Thumb Code   114  rt_system.o(i.rt_pop_req)
    rt_put_dly                               0x0000bccd   Thumb Code    68  rt_list.o(i.rt_put_dly)
    rt_put_prio                              0x0000bd15   Thumb Code    54  rt_list.o(i.rt_put_prio)
    rt_put_rdy_first                         0x0000bd4d   Thumb Code    14  rt_list.o(i.rt_put_rdy_first)
    rt_resort_prio                           0x0000bd61   Thumb Code    46  rt_list.o(i.rt_resort_prio)
    rt_rmv_dly                               0x0000bd95   Thumb Code    40  rt_list.o(i.rt_rmv_dly)
    rt_rmv_list                              0x0000bdbd   Thumb Code    44  rt_list.o(i.rt_rmv_list)
    rt_sem_psh                               0x0000bded   Thumb Code    46  rt_semaphore.o(i.rt_sem_psh)
    rt_stk_check                             0x0000be21   Thumb Code    28  rt_system.o(i.rt_stk_check)
    rt_switch_req                            0x0000be45   Thumb Code    30  rt_task.o(i.rt_switch_req)
    rt_sys_init                              0x0000be6d   Thumb Code   214  rt_task.o(i.rt_sys_init)
    rt_systick                               0x0000bf8d   Thumb Code    48  rt_system.o(i.rt_systick)
    rt_tmr_tick                              0x0000bfc9   Thumb Code    56  rt_timer.o(i.rt_tmr_tick)
    rt_tsk_create                            0x0000c009   Thumb Code   122  rt_task.o(i.rt_tsk_create)
    rt_tsk_delete                            0x0000c099   Thumb Code   146  rt_task.o(i.rt_tsk_delete)
    rt_tsk_self                              0x0000c145   Thumb Code    12  rt_task.o(i.rt_tsk_self)
    __stdin_name                             0x0000cb60   Data           6  retarget.o(.constdata)
    __stdout_name                            0x0000cb66   Data           7  retarget.o(.constdata)
    __stderr_name                            0x0000cb6d   Data           7  retarget.o(.constdata)
    _NFILE                                   0x0000cb74   Data           2  file_config.o(.constdata)
    _DEF_DRIVE                               0x0000cb76   Data           2  file_config.o(.constdata)
    _CPU_CLK                                 0x0000cb78   Data           4  file_config.o(.constdata)
    FlashDev                                 0x0000cb7c   Data           8  file_config.o(.constdata)
    _FlashNumSect                            0x0000cb84   Data           2  file_config.o(.constdata)
    _BlockFREE                               0x0000cb88   Data           4  file_config.o(.constdata)
    _BASE_ADR                                0x0000cb8c   Data           4  file_config.o(.constdata)
    SpiDev                                   0x0000cb90   Data           8  file_config.o(.constdata)
    _SpiNumSect                              0x0000cb98   Data           2  file_config.o(.constdata)
    _SpiBlFREE                               0x0000cb9c   Data           4  file_config.o(.constdata)
    RamDev                                   0x0000cba0   Data           8  file_config.o(.constdata)
    _RamNumSect                              0x0000cba8   Data           2  file_config.o(.constdata)
    _MC_CSIZE                                0x0000cbaa   Data           2  file_config.o(.constdata)
    g_lTouchParameters                       0x0000cbf0   Data          84  touch.o(.constdata)
    g_sKitronix320x240x16_SSD2119            0x0000cc44   Data          40  kitronix320x240x16_ssd2119_8bit.o(.constdata)
    g_pulGPIOBase                            0x0000cc6c   Data          36  set_pinout.o(.constdata)
    os_maxtaskrun                            0x0000cd90   Data           2  rtx_config.o(.constdata)
    os_stackinfo                             0x0000cd94   Data           4  rtx_config.o(.constdata)
    os_rrobin                                0x0000cd98   Data           4  rtx_config.o(.constdata)
    os_trv                                   0x0000cd9c   Data           4  rtx_config.o(.constdata)
    os_flags                                 0x0000cda0   Data           1  rtx_config.o(.constdata)
    os_clockrate                             0x0000cda4   Data           4  rtx_config.o(.constdata)
    os_timernum                              0x0000cda8   Data           4  rtx_config.o(.constdata)
    mp_tcb_size                              0x0000cdac   Data           2  rtx_config.o(.constdata)
    mp_stk_size                              0x0000cdb0   Data           4  rtx_config.o(.constdata)
    os_fifo_size                             0x0000cdb4   Data           1  rtx_config.o(.constdata)
    mp_tmr_size                              0x0000cdb6   Data           2  rtx_config.o(.constdata)
    g_sFontCm12                              0x0000d6f8   Data         200  fontcm12.o(.constdata)
    g_sFontCm20                              0x0000e120   Data         200  fontcm20.o(.constdata)
    g_sFontCmss12                            0x0000e6fc   Data         200  fontcmss12.o(.constdata)
    g_sFontFixed6x8                          0x0000eabc   Data         200  fontfixed6x8.o(.constdata)
    g_psDefaultCodePointMapTable             0x0000ec30   Data          16  context.o(.constdata)
    Region$$Table$$Base                      0x0000ec60   Number         0  anon$$obj.o(Region$$Table)
    Region$$Table$$Limit                     0x0000ec80   Number         0  anon$$obj.o(Region$$Table)
    g_sTouchMin                              0x20000020   Data           2  touch.o(.data)
    g_plParmSet                              0x20000024   Data           4  touch.o(.data)
    g_sTouchX                                0x2000002c   Data           2  touch.o(.data)
    g_sTouchY                                0x2000002e   Data           2  touch.o(.data)
    WriteData                                0x20000034   Data           4  kitronix320x240x16_ssd2119_8bit.o(.data)
    WriteCommand                             0x20000038   Data           4  kitronix320x240x16_ssd2119_8bit.o(.data)
    g_eDaughterType                          0x2000003c   Data           2  set_pinout.o(.data)
    psInfo                                   0x20000040   Data           4  set_pinout.o(.data)
    player_state                             0x20000044   Data           1  main.o(.data)
    psFileObject                             0x20000045   Data         100  main.o(.data)
    g_sPlayText                              0x200000f9   Data           5  main.o(.data)
    g_sStopText                              0x200000fe   Data           5  main.o(.data)
    ul_minutes                               0x2000010c   Data           4  main.o(.data)
    ul_seconds                               0x20000110   Data           4  main.o(.data)
    time_left                                0x20000114   Data           4  main.o(.data)
    time_total                               0x20000118   Data           4  main.o(.data)
    time_gone                                0x2000011c   Data           4  main.o(.data)
    g_sHeading                               0x20000120   Data          64  main.o(.data)
    g_sStartBackground                       0x20000160   Data          64  main.o(.data)
    g_sButtonStart                           0x200001a0   Data          80  main.o(.data)
    g_sButtonStop                            0x200001f0   Data          80  main.o(.data)
    g_sSlider                                0x20000240   Data          92  main.o(.data)
    g_sDirList                               0x2000029c   Data          84  main.o(.data)
    g_sWaveInfoBackground                    0x200002f0   Data          64  main.o(.data)
    g_sWaveInfoSample                        0x20000330   Data          64  main.o(.data)
    g_sWaveInfoName                          0x20000370   Data          64  main.o(.data)
    g_sWaveInfoTime                          0x200003b0   Data          64  main.o(.data)
    taskID_1                                 0x200003f0   Data           4  main.o(.data)
    taskID_2                                 0x200003f4   Data           4  main.o(.data)
    taskID_3                                 0x200003f8   Data           4  main.o(.data)
    Fptr                                     0x20000400   Data           4  main.o(.data)
    g_sSelected                              0x20000404   Data           2  main.o(.data)
    g_ulMaxBufferSize                        0x20000414   Data           4  main.o(.data)
    m_tmr                                    0x20000420   Data           4  rtx_config.o(.data)
    g_sSample                                0x20000444   Data           8  sound.o(.data)
    g_sRoot                                  0x20000478   Data          32  widget.o(.data)
    os_tsk                                   0x20000498   Data           8  rt_task.o(.data)
    os_time                                  0x200004a0   Data           2  rt_time.o(.data)
    dbg_msg                                  0x200004a2   Data           1  hal_cm3.o(.data)
    os_tmr                                   0x200004c0   Data           8  rt_timer.o(.data)
    _stream_list_lock                        0x200004c8   Data           4  streamlock.o(.data)
    __aeabi_stdin                            0x200004cc   Data           4  stdio_streams.o(.data)
    __aeabi_stdout                           0x200004d0   Data           4  stdio_streams.o(.data)
    __aeabi_stderr                           0x200004d4   Data           4  stdio_streams.o(.data)
    _iob                                     0x20000a6c   Data         832  file_config.o(.bss)
    mc_cache                                 0x20000dac   Data        1024  file_config.o(.bss)
    sDMAControlTable                         0x20001400   Data        1024  hal_system.o(.bss)
    g_pcTime                                 0x20001cb4   Data          40  main.o(.bss)
    g_pcSamples                              0x20001cdc   Data          10  main.o(.bss)
    g_pcName                                 0x20001ce6   Data          20  main.o(.bss)
    wave_pointer                             0x20001cfc   Data         192  main.o(.bss)
    g_pcFilenames                            0x20001dbc   Data         624  main.o(.bss)
    mp_tcb                                   0x20003080   Data         300  rtx_config.o(.bss)
    mp_stk                                   0x200031b0   Data       20496  rtx_config.o(.bss)
    os_fifo                                  0x200081c0   Data         132  rtx_config.o(.bss)
    os_active_TCB                            0x20008244   Data          24  rtx_config.o(.bss)
    mp_tmr                                   0x2000825c   Data          44  rtx_config.o(.bss)
    os_idle_TCB                              0x20008e98   Data          48  rt_task.o(.bss)
    os_rdy                                   0x2000903c   Data          24  rt_list.o(.bss)
    os_dly                                   0x20009054   Data          24  rt_list.o(.bss)
    __libspace_start                         0x2000906c   Data          96  libspace.o(.bss)
    __stdin                                  0x200090cc   Data          84  stdio_streams.o(.bss)
    __temporary_stack_top$libspace           0x200090cc   Data           0  libspace.o(.bss)
    __stdout                                 0x20009120   Data          84  stdio_streams.o(.bss)
    __stderr                                 0x20009174   Data          84  stdio_streams.o(.bss)



==============================================================================

Memory Map of the image

  Image Entry point : 0x00000279

  Load Region LR_IROM1 (Base: 0x00000000, Size: 0x0000f6ec, Max: 0x00040000, ABSOLUTE, COMPRESSED[0x0000eddc])

    Execution Region ER_IROM1 (Base: 0x00000000, Size: 0x0000ec80, Max: 0x00040000, ABSOLUTE)

    Base Addr    Size         Type   Attr      Idx    E Section Name        Object

    0x00000000   0x00000278   Code   RO            3    RESET               startup.o
    0x00000278   0x00000008   Code   RO         2683  * !!!main             c_w.l(__main.o)
    0x00000280   0x00000034   Code   RO         3001    !!!scatter          c_w.l(__scatter.o)
    0x000002b4   0x0000005a   Code   RO         2999    !!dczerorl2         c_w.l(__dczerorl2.o)
    0x0000030e   0x00000002   PAD
    0x00000310   0x0000001c   Code   RO         3003    !!handler_zi        c_w.l(__scatter_zi.o)
    0x0000032c   0x00000002   Code   RO         2925    .ARM.Collect$$libinit$$00000000  c_w.l(libinit.o)
    0x0000032e   0x00000000   Code   RO         2824    .ARM.Collect$$libinit$$00000002  c_w.l(libinit2.o)
    0x0000032e   0x00000008   Code   RO         2825    .ARM.Collect$$libinit$$00000003  c_w.l(libinit2.o)
    0x00000336   0x00000000   Code   RO         2827    .ARM.Collect$$libinit$$00000008  c_w.l(libinit2.o)
    0x00000336   0x00000000   Code   RO         2829    .ARM.Collect$$libinit$$0000000A  c_w.l(libinit2.o)
    0x00000336   0x00000000   Code   RO         2831    .ARM.Collect$$libinit$$0000000C  c_w.l(libinit2.o)
    0x00000336   0x00000000   Code   RO         2834    .ARM.Collect$$libinit$$0000000F  c_w.l(libinit2.o)
    0x00000336   0x00000000   Code   RO         2836    .ARM.Collect$$libinit$$00000011  c_w.l(libinit2.o)
    0x00000336   0x00000000   Code   RO         2838    .ARM.Collect$$libinit$$00000013  c_w.l(libinit2.o)
    0x00000336   0x00000000   Code   RO         2840    .ARM.Collect$$libinit$$00000015  c_w.l(libinit2.o)
    0x00000336   0x00000000   Code   RO         2842    .ARM.Collect$$libinit$$00000017  c_w.l(libinit2.o)
    0x00000336   0x00000000   Code   RO         2844    .ARM.Collect$$libinit$$00000019  c_w.l(libinit2.o)
    0x00000336   0x00000000   Code   RO         2846    .ARM.Collect$$libinit$$0000001B  c_w.l(libinit2.o)
    0x00000336   0x00000000   Code   RO         2848    .ARM.Collect$$libinit$$0000001D  c_w.l(libinit2.o)
    0x00000336   0x00000000   Code   RO         2850    .ARM.Collect$$libinit$$0000001F  c_w.l(libinit2.o)
    0x00000336   0x00000000   Code   RO         2852    .ARM.Collect$$libinit$$00000021  c_w.l(libinit2.o)
    0x00000336   0x00000004   Code   RO         2853    .ARM.Collect$$libinit$$00000022  c_w.l(libinit2.o)
    0x0000033a   0x00000000   Code   RO         2854    .ARM.Collect$$libinit$$00000023  c_w.l(libinit2.o)
    0x0000033a   0x00000000   Code   RO         2858    .ARM.Collect$$libinit$$0000002A  c_w.l(libinit2.o)
    0x0000033a   0x00000000   Code   RO         2860    .ARM.Collect$$libinit$$0000002C  c_w.l(libinit2.o)
    0x0000033a   0x00000000   Code   RO         2862    .ARM.Collect$$libinit$$0000002E  c_w.l(libinit2.o)
    0x0000033a   0x00000000   Code   RO         2864    .ARM.Collect$$libinit$$00000030  c_w.l(libinit2.o)
    0x0000033a   0x00000002   Code   RO         2865    .ARM.Collect$$libinit$$00000031  c_w.l(libinit2.o)
    0x0000033c   0x00000002   Code   RO         2984    .ARM.Collect$$libshutdown$$00000000  c_w.l(libshutdown.o)
    0x0000033e   0x00000004   Code   RO         2927    .ARM.Collect$$libshutdown$$00000002  c_w.l(libshutdown2.o)
    0x00000342   0x00000000   Code   RO         2928    .ARM.Collect$$libshutdown$$00000003  c_w.l(libshutdown2.o)
    0x00000342   0x00000000   Code   RO         2931    .ARM.Collect$$libshutdown$$00000006  c_w.l(libshutdown2.o)
    0x00000342   0x00000000   Code   RO         2934    .ARM.Collect$$libshutdown$$00000009  c_w.l(libshutdown2.o)
    0x00000342   0x00000000   Code   RO         2936    .ARM.Collect$$libshutdown$$0000000B  c_w.l(libshutdown2.o)
    0x00000342   0x00000000   Code   RO         2939    .ARM.Collect$$libshutdown$$0000000E  c_w.l(libshutdown2.o)
    0x00000342   0x00000002   Code   RO         2940    .ARM.Collect$$libshutdown$$0000000F  c_w.l(libshutdown2.o)
    0x00000344   0x00000000   Code   RO         2685    .ARM.Collect$$rtentry$$00000000  c_w.l(rtentry.o)
    0x00000344   0x00000000   Code   RO         2770    .ARM.Collect$$rtentry$$00000002  c_w.l(rtentry2.o)
    0x00000344   0x00000006   Code   RO         2782    .ARM.Collect$$rtentry$$00000004  c_w.l(rtentry4.o)
    0x0000034a   0x00000000   Code   RO         2772    .ARM.Collect$$rtentry$$00000009  c_w.l(rtentry2.o)
    0x0000034a   0x00000004   Code   RO         2773    .ARM.Collect$$rtentry$$0000000A  c_w.l(rtentry2.o)
    0x0000034e   0x00000000   Code   RO         2775    .ARM.Collect$$rtentry$$0000000C  c_w.l(rtentry2.o)
    0x0000034e   0x00000008   Code   RO         2776    .ARM.Collect$$rtentry$$0000000D  c_w.l(rtentry2.o)
    0x00000356   0x00000002   Code   RO         2943    .ARM.Collect$$rtexit$$00000000  c_w.l(rtexit.o)
    0x00000358   0x00000000   Code   RO         2966    .ARM.Collect$$rtexit$$00000002  c_w.l(rtexit2.o)
    0x00000358   0x00000004   Code   RO         2967    .ARM.Collect$$rtexit$$00000003  c_w.l(rtexit2.o)
    0x0000035c   0x00000006   Code   RO         2968    .ARM.Collect$$rtexit$$00000004  c_w.l(rtexit2.o)
    0x00000362   0x00000002   PAD
    0x00000364   0x00000026   Code   RO          505    .emb_text           cpu.o
    0x0000038a   0x00000002   PAD
    0x0000038c   0x00000006   Code   RO          610    .emb_text           sysctl.o
    0x00000392   0x00000002   PAD
    0x00000394   0x00000014   Code   RO         1022    .emb_text           grlib-cm3.lib(widget.o)
    0x000003a8   0x0000014c   Code   RO         1248    .emb_text           RTX_CM3.LIB(hal_cm3.o)
    0x000004f4   0x00000000   Code   RO         2879    .emb_text           c_w.l(maybetermalloc1.o)
    0x000004f4   0x0000001c   Code   RO            4    .text               startup.o
    0x00000510   0x00000134   Code   RO           11    .text               retarget.o
    0x00000644   0x000000f4   Code   RO           74    .text               spi_lm3s37x8.o
    0x00000738   0x0000005c   Code   RO          165    .text               hal_led.o
    0x00000794   0x000000b8   Code   RO          177    .text               hal_system.o
    0x0000084c   0x00000074   Code   RO          207    .text               cmdline.o
    0x000008c0   0x00000768   Code   RO          226    .text               uartstdio.o
    0x00001028   0x000006cc   Code   RO          258    .text               ustdlib.o
    0x000016f4   0x00000588   Code   RO          277    .text               touch.o
    0x00001c7c   0x000008a0   Code   RO          316    .text               kitronix320x240x16_ssd2119_8bit.o
    0x0000251c   0x00000444   Code   RO          341    .text               set_pinout.o
    0x00002960   0x000007dc   Code   RO          363    .text               main.o
    0x0000313c   0x00000098   Code   RO          424    .text               rtx_config.o
    0x000031d4   0x00000908   Code   RO          445    .text               sound.o
    0x00003adc   0x000001c8   Code   RO          473    .text               tlv320aic23b.o
    0x00003ca4   0x000007b8   Code   RO          532    .text               gpio.o
    0x0000445c   0x0000028c   Code   RO          546    .text               i2c.o
    0x000046e8   0x0000023c   Code   RO          563    .text               i2s.o
    0x00004924   0x000002ac   Code   RO          578    .text               interrupt.o
    0x00004bd0   0x00000170   Code   RO          593    .text               ssi.o
    0x00004d40   0x00000ba0   Code   RO          611    .text               sysctl.o
    0x000058e0   0x00000308   Code   RO          645    .text               uart.o
    0x00005be8   0x00000320   Code   RO          659    .text               udma.o
    0x00005f08   0x000001b0   Code   RO          674    .text               epi.o
    0x000060b8   0x00000008   Code   RO         2646    .text               c_w.l(libspace.o)
    0x000060c0   0x00000002   Code   RO         2649    .text               c_w.l(use_no_semi.o)
    0x000060c2   0x0000004c   Code   RO         2657    .text               c_w.l(fclose.o)
    0x0000610e   0x00000002   PAD
    0x00006110   0x00000034   Code   RO         2659    .text               c_w.l(fclose_locked.o)
    0x00006144   0x00000144   Code   RO         2661    .text               c_w.l(fopen_locked.o)
    0x00006288   0x00000048   Code   RO         2663    .text               c_w.l(strcpy.o)
    0x000062d0   0x0000003e   Code   RO         2665    .text               c_w.l(strlen.o)
    0x0000630e   0x00000018   Code   RO         2667    .text               c_w.l(strcat.o)
    0x00006326   0x0000008a   Code   RO         2669    .text               c_w.l(rt_memcpy_v6.o)
    0x000063b0   0x00000064   Code   RO         2671    .text               c_w.l(rt_memcpy_w.o)
    0x00006414   0x00000044   Code   RO         2675    .text               c_w.l(rt_memclr.o)
    0x00006458   0x0000004e   Code   RO         2677    .text               c_w.l(rt_memclr_w.o)
    0x000064a6   0x00000002   PAD
    0x000064a8   0x00000080   Code   RO         2679    .text               c_w.l(strcmpv7m.o)
    0x00006528   0x00000006   Code   RO         2681    .text               c_w.l(heapauxi.o)
    0x0000652e   0x0000009e   Code   RO         2698    .text               c_w.l(h1_alloc_mt.o)
    0x000065cc   0x00000076   Code   RO         2700    .text               c_w.l(h1_free_mt.o)
    0x00006642   0x00000002   PAD
    0x00006644   0x000000f8   Code   RO         2756    .text               c_w.l(fseek.o)
    0x0000673c   0x000000f0   Code   RO         2758    .text               c_w.l(stdio.o)
    0x0000682c   0x0000000a   Code   RO         2791    .text               c_w.l(rt_heap_descriptor_twolibspace.o)
    0x00006836   0x00000004   Code   RO         2793    .text               c_w.l(hguard.o)
    0x0000683a   0x0000008a   Code   RO         2795    .text               c_w.l(init_alloc.o)
    0x000068c4   0x00000012   Code   RO         2801    .text               c_w.l(h1_init_mt.o)
    0x000068d6   0x00000240   Code   RO         2813    .text               c_w.l(filbuf.o)
    0x00006b16   0x00000046   Code   RO         2815    .text               c_w.l(ftell.o)
    0x00006b5c   0x000001c8   Code   RO         2819    .text               c_w.l(initio_locked.o)
    0x00006d24   0x0000004a   Code   RO         2868    .text               c_w.l(sys_stackheap_outer.o)
    0x00006d6e   0x00000004   Code   RO         2875    .text               c_w.l(rt_errno_addr_twolibspace.o)
    0x00006d72   0x0000003e   Code   RO         2883    .text               c_w.l(h1_extend_mt.o)
    0x00006db0   0x00000068   Code   RO         2893    .text               c_w.l(setvbuf_locked.o)
    0x00006e18   0x00000136   Code   RO         2895    .text               c_w.l(freadfast_locked.o)
    0x00006f4e   0x00000002   PAD
    0x00006f50   0x0000005c   Code   RO         2899    .text               c_w.l(flushlinebuffered_locked.o)
    0x00006fac   0x0000000c   Code   RO         2901    .text               c_w.l(exit.o)
    0x00006fb8   0x0000000e   Code   RO         2907    .text               c_w.l(defsig_rtred_outer.o)
    0x00006fc6   0x0000000e   Code   RO         2911    .text               c_w.l(defsig_rtmem_outer.o)
    0x00006fd4   0x00000090   Code   RO         2951    .text               c_w.l(fflush_locked.o)
    0x00007064   0x0000000a   Code   RO         2953    .text               c_w.l(defsig_exit.o)
    0x0000706e   0x00000002   PAD
    0x00007070   0x00000034   Code   RO         2957    .text               c_w.l(defsig_rtred_inner.o)
    0x000070a4   0x00000050   Code   RO         2959    .text               c_w.l(defsig_rtmem_inner.o)
    0x000070f4   0x00000032   Code   RO         2978    .text               c_w.l(defsig_general.o)
    0x00007126   0x00000002   PAD
    0x00007128   0x00000004   Code   RO         2237    SVC_TABLE           RTX_CM3.LIB(SVC_Table.o)
    0x0000712c   0x000001b6   Code   RO          834    i.CanvasMsgProc     grlib-cm3.lib(canvas.o)
    0x000072e2   0x00000070   Code   RO         1860    i.GrContextClipRegionSet  grlib-cm3.lib(context.o)
    0x00007352   0x00000006   Code   RO         1952    i.GrContextFontSet  grlib-cm3.lib(string.o)
    0x00007358   0x00000064   Code   RO         1861    i.GrContextInit     grlib-cm3.lib(context.o)
    0x000073bc   0x00000118   Code   RO         1953    i.GrDefaultStringRenderer  grlib-cm3.lib(string.o)
    0x000074d4   0x0000002c   Code   RO         1954    i.GrFontBaselineGet  grlib-cm3.lib(string.o)
    0x00007500   0x000000a6   Code   RO         1957    i.GrFontGlyphDataGet  grlib-cm3.lib(string.o)
    0x000075a6   0x00000286   Code   RO         1958    i.GrFontGlyphRender  grlib-cm3.lib(string.o)
    0x0000782c   0x0000002c   Code   RO         1959    i.GrFontHeightGet   grlib-cm3.lib(string.o)
    0x00007858   0x00000018   Code   RO         1888    i.GrImageDraw       grlib-cm3.lib(image.o)
    0x00007870   0x0000004c   Code   RO         2469    i.GrLineDrawH       grlib-cm3.lib(line.o)
    0x000078bc   0x0000004c   Code   RO         2470    i.GrLineDrawV       grlib-cm3.lib(line.o)
    0x00007908   0x00000008   Code   RO         2316    i.GrMapISO8859_1_Unicode  grlib-cm3.lib(charmap.o)
    0x00007910   0x0000006c   Code   RO         1921    i.GrRectDraw        grlib-cm3.lib(rectangle.o)
    0x0000797c   0x000000b4   Code   RO         1922    i.GrRectFill        grlib-cm3.lib(rectangle.o)
    0x00007a30   0x0000008a   Code   RO         1923    i.GrRectIntersectGet  grlib-cm3.lib(rectangle.o)
    0x00007aba   0x00000016   Code   RO         1964    i.GrStringDraw      grlib-cm3.lib(string.o)
    0x00007ad0   0x000000c0   Code   RO         1969    i.GrStringWidthGet  grlib-cm3.lib(string.o)
    0x00007b90   0x00000354   Code   RO         1890    i.InternalImageDraw  grlib-cm3.lib(image.o)
    0x00007ee4   0x00000376   Code   RO          922    i.ListBoxMsgProc    grlib-cm3.lib(listbox.o)
    0x0000825a   0x00000068   Code   RO          923    i.ListBoxTextAdd    grlib-cm3.lib(listbox.o)
    0x000082c2   0x000002a4   Code   RO         1891    i.PixelTransparentDraw  grlib-cm3.lib(image.o)
    0x00008566   0x00000120   Code   RO          952    i.RectangularButtonMsgProc  grlib-cm3.lib(pushbutton.o)
    0x00008686   0x00000194   Code   RO          953    i.RectangularButtonPaint  grlib-cm3.lib(pushbutton.o)
    0x0000881a   0x00000156   Code   RO          992    i.SliderMsgProc     grlib-cm3.lib(slider.o)
    0x00008970   0x000002f8   Code   RO          993    i.SliderPaint       grlib-cm3.lib(slider.o)
    0x00008c68   0x000000c2   Code   RO          994    i.SliderValueToPosition  grlib-cm3.lib(slider.o)
    0x00008d2a   0x0000006c   Code   RO         1970    i.UpdateContextCharMapping  grlib-cm3.lib(string.o)
    0x00008d96   0x00000026   Code   RO         1023    i.WidgetAdd         grlib-cm3.lib(widget.o)
    0x00008dbc   0x00000004   Code   RO         1024    i.WidgetDefaultMsgProc  grlib-cm3.lib(widget.o)
    0x00008dc0   0x000000e4   Code   RO         1025    i.WidgetMessageQueueAdd  grlib-cm3.lib(widget.o)
    0x00008ea4   0x000000ac   Code   RO         1026    i.WidgetMessageQueueProcess  grlib-cm3.lib(widget.o)
    0x00008f50   0x000000dc   Code   RO         1027    i.WidgetMessageSendPostOrder  grlib-cm3.lib(widget.o)
    0x0000902c   0x00000020   Code   RO         1031    i.WidgetPointerMessage  grlib-cm3.lib(widget.o)
    0x0000904c   0x00000084   Code   RO          761    i.__fclose          FS_CM3.lib(_fs_fclose.o)
    0x000090d0   0x00000090   Code   RO          797    i.__flushbuf        FS_CM3.lib(_fs_flushbuf.o)
    0x00009160   0x00000180   Code   RO          731    i.__fopen           FS_CM3.lib(_fs_fopen.o)
    0x000092e0   0x000000b0   Code   RO          821    i.__getfsize        FS_CM3.lib(_fs_getfsize.o)
    0x00009390   0x000000ac   Code   RO          773    i.__read            FS_CM3.lib(_fs_read.o)
    0x0000943c   0x000000f4   Code   RO          809    i.__setfpos         FS_CM3.lib(_fs_setfpos.o)
    0x00009530   0x00000104   Code   RO          785    i.__write           FS_CM3.lib(_fs_write.o)
    0x00009634   0x00000118   Code   RO         1664    i._fcreate          FS_CM3.lib(_fs_fcreate.o)
    0x0000974c   0x00000082   Code   RO         1676    i._fdelete          FS_CM3.lib(_fs_fdelete.o)
    0x000097ce   0x00000002   PAD
    0x000097d0   0x000000c8   Code   RO         1688    i._ffind            FS_CM3.lib(_fs_ffind.o)
    0x00009898   0x00000046   Code   RO         2208    i._init_box         RTX_CM3.LIB(rt_membox.o)
    0x000098de   0x00000002   PAD
    0x000098e0   0x000000e0   Code   RO         1289    i.alloc_name        FS_CM3.lib(fs_fat.o)
    0x000099c0   0x0000003c   Code   RO         1290    i.alloc_new_clus    FS_CM3.lib(fs_fat.o)
    0x000099fc   0x00000064   Code   RO         1291    i.cache_fat         FS_CM3.lib(fs_fat.o)
    0x00009a60   0x00000070   Code   RO         1292    i.check_lfn         FS_CM3.lib(fs_fat.o)
    0x00009ad0   0x00000006   Code   RO         1293    i.check_name        FS_CM3.lib(fs_fat.o)
    0x00009ad6   0x00000002   PAD
    0x00009ad8   0x000000a8   Code   RO         1294    i.chk_dir_empty     FS_CM3.lib(fs_fat.o)
    0x00009b80   0x00000040   Code   RO         1296    i.clear_clus        FS_CM3.lib(fs_fat.o)
    0x00009bc0   0x00000024   Code   RO         1297    i.clus_to_sect      FS_CM3.lib(fs_fat.o)
    0x00009be4   0x000000fc   Code   RO         1298    i.count_free_clus   FS_CM3.lib(fs_fat.o)
    0x00009ce0   0x0000009e   Code   RO         1299    i.cvt_fatname       FS_CM3.lib(fs_fat.o)
    0x00009d7e   0x00000002   PAD
    0x00009d80   0x0000002c   Code   RO         1249    i.dbg_init          RTX_CM3.LIB(hal_cm3.o)
    0x00009dac   0x00000020   Code   RO         1250    i.dbg_task_notify   RTX_CM3.LIB(hal_cm3.o)
    0x00009dcc   0x00000010   Code   RO         1251    i.dbg_task_switch   RTX_CM3.LIB(hal_cm3.o)
    0x00009ddc   0x000000b4   Code   RO         1300    i.delete_entries    FS_CM3.lib(fs_fat.o)
    0x00009e90   0x000000a8   Code   RO         1301    i.fat_close_write   FS_CM3.lib(fs_fat.o)
    0x00009f38   0x00000054   Code   RO         1302    i.fat_create        FS_CM3.lib(fs_fat.o)
    0x00009f8c   0x00000060   Code   RO         1303    i.fat_delete        FS_CM3.lib(fs_fat.o)
    0x00009fec   0x00000040   Code   RO         1304    i.fat_ffind         FS_CM3.lib(fs_fat.o)
    0x0000a02c   0x00000080   Code   RO         1305    i.fat_find_dir      FS_CM3.lib(fs_fat.o)
    0x0000a0ac   0x0000004c   Code   RO         1306    i.fat_find_file     FS_CM3.lib(fs_fat.o)
    0x0000a0f8   0x00000014   Code   RO         1309    i.fat_init          FS_CM3.lib(fs_fat.o)
    0x0000a10c   0x000000b4   Code   RO         1310    i.fat_read          FS_CM3.lib(fs_fat.o)
    0x0000a1c0   0x00000068   Code   RO         1312    i.fat_set_fpos      FS_CM3.lib(fs_fat.o)
    0x0000a228   0x000000dc   Code   RO         1313    i.fat_write         FS_CM3.lib(fs_fat.o)
    0x0000a304   0x000001fc   Code   RO          716    i.ffind             FS_CM3.lib(fs_ffind.o)
    0x0000a500   0x00000006   Code   RO         1314    i.find_name         FS_CM3.lib(fs_fat.o)
    0x0000a506   0x00000002   PAD
    0x0000a508   0x0000003c   Code   RO          693    i.finit             FS_CM3.lib(fs_finit.o)
    0x0000a544   0x0000001e   Code   RO         1616    i.fn_cmp            FS_CM3.lib(fs_lib.o)
    0x0000a562   0x000000a2   Code   RO         1700    i.fs_AllocBlock     FS_CM3.lib(_fs_flashio.o)
    0x0000a604   0x0000005c   Code   RO         1701    i.fs_BlockFull      FS_CM3.lib(_fs_flashio.o)
    0x0000a660   0x00000030   Code   RO         1702    i.fs_BlockInvalid   FS_CM3.lib(_fs_flashio.o)
    0x0000a690   0x00000004   Code   RO         1794    i.fs_EraseSector    FS_CM3.lib(fs_flashprg.o)
    0x0000a694   0x000000ac   Code   RO         1703    i.fs_Find_File      FS_CM3.lib(_fs_flashio.o)
    0x0000a740   0x00000004   Code   RO         1795    i.fs_Init           FS_CM3.lib(fs_flashprg.o)
    0x0000a744   0x00000050   Code   RO         1704    i.fs_InitBlock      FS_CM3.lib(_fs_flashio.o)
    0x0000a794   0x00000004   Code   RO         1796    i.fs_ProgramPage    FS_CM3.lib(fs_flashprg.o)
    0x0000a798   0x0000001c   Code   RO         1705    i.fs_ReadBlock      FS_CM3.lib(_fs_flashio.o)
    0x0000a7b4   0x00000012   Code   RO         1617    i.fs_ReadData       FS_CM3.lib(fs_lib.o)
    0x0000a7c6   0x0000003a   Code   RO         1706    i.fs_WriteBlock     FS_CM3.lib(_fs_flashio.o)
    0x0000a800   0x00000010   Code   RO         1618    i.fs_WriteData      FS_CM3.lib(fs_lib.o)
    0x0000a810   0x00000016   Code   RO         1707    i.fs_adr_sig        FS_CM3.lib(_fs_flashio.o)
    0x0000a826   0x00000002   PAD
    0x0000a828   0x00000040   Code   RO         1708    i.fs_check_fwopen   FS_CM3.lib(_fs_flashio.o)
    0x0000a868   0x00000034   Code   RO         1619    i.fs_find_iob       FS_CM3.lib(fs_lib.o)
    0x0000a89c   0x00000008   Code   RO         2292    i.fs_get_date       FS_CM3.lib(fs_time.o)
    0x0000a8a4   0x00000050   Code   RO         1620    i.fs_get_drive      FS_CM3.lib(fs_lib.o)
    0x0000a8f4   0x00000052   Code   RO         1709    i.fs_get_freeID     FS_CM3.lib(_fs_flashio.o)
    0x0000a946   0x00000038   Code   RO         1710    i.fs_get_freeMem    FS_CM3.lib(_fs_flashio.o)
    0x0000a97e   0x00000006   Code   RO         2293    i.fs_get_time       FS_CM3.lib(fs_time.o)
    0x0000a984   0x0000007a   Code   RO         1711    i.fs_mark_fileMem   FS_CM3.lib(_fs_flashio.o)
    0x0000a9fe   0x0000003e   Code   RO         1712    i.fs_mark_freeMem   FS_CM3.lib(_fs_flashio.o)
    0x0000aa3c   0x00000024   Code   RO         1713    i.fs_rd_alloc       FS_CM3.lib(_fs_flashio.o)
    0x0000aa60   0x00000020   Code   RO         1714    i.fs_rd_sig         FS_CM3.lib(_fs_flashio.o)
    0x0000aa80   0x00000068   Code   RO         1621    i.fs_set_params     FS_CM3.lib(fs_lib.o)
    0x0000aae8   0x00000004   Code   RO         1797    i.fs_spi_EraseSector  FS_CM3.lib(fs_flashprg.o)
    0x0000aaec   0x00000004   Code   RO         1798    i.fs_spi_Init       FS_CM3.lib(fs_flashprg.o)
    0x0000aaf0   0x00000004   Code   RO         1799    i.fs_spi_ProgramPage  FS_CM3.lib(fs_flashprg.o)
    0x0000aaf4   0x00000004   Code   RO         1800    i.fs_spi_ReadData   FS_CM3.lib(fs_flashprg.o)
    0x0000aaf8   0x0000001a   Code   RO         1622    i.fs_strpos         FS_CM3.lib(fs_lib.o)
    0x0000ab12   0x00000002   PAD
    0x0000ab14   0x0000002c   Code   RO         1315    i.get_EOC           FS_CM3.lib(fs_fat.o)
    0x0000ab40   0x00000088   Code   RO         1316    i.get_bootrec       FS_CM3.lib(fs_fat.o)
    0x0000abc8   0x0000002c   Code   RO         1317    i.get_date          FS_CM3.lib(fs_fat.o)
    0x0000abf4   0x0000002c   Code   RO         1318    i.get_dir_sect      FS_CM3.lib(fs_fat.o)
    0x0000ac20   0x00000038   Code   RO         1319    i.get_fat_sect      FS_CM3.lib(fs_fat.o)
    0x0000ac58   0x000000dc   Code   RO         1320    i.get_free_clus     FS_CM3.lib(fs_fat.o)
    0x0000ad34   0x00000088   Code   RO         1321    i.get_fsinfo        FS_CM3.lib(fs_fat.o)
    0x0000adbc   0x0000004c   Code   RO         1322    i.get_mbrec         FS_CM3.lib(fs_fat.o)
    0x0000ae08   0x000001bc   Code   RO         1323    i.get_next_info     FS_CM3.lib(fs_fat.o)
    0x0000afc4   0x00000190   Code   RO         1324    i.get_nt_name       FS_CM3.lib(fs_fat.o)
    0x0000b154   0x00000030   Code   RO         1325    i.get_time          FS_CM3.lib(fs_fat.o)
    0x0000b184   0x0000000c   Code   RO         1326    i.get_u32           FS_CM3.lib(fs_fat.o)
    0x0000b190   0x00000114   Code   RO         1327    i.init_dev          FS_CM3.lib(fs_fat.o)
    0x0000b2a4   0x00000038   Code   RO         1328    i.is_EOC            FS_CM3.lib(fs_fat.o)
    0x0000b2dc   0x0000001e   Code   RO         1329    i.lfn_calc_chksum   FS_CM3.lib(fs_fat.o)
    0x0000b2fa   0x000000ba   Code   RO         2240    i.mmc_command       FS_CM3.lib(fs_mmc.o)
    0x0000b3b4   0x000001b4   Code   RO         2241    i.mmc_init          FS_CM3.lib(fs_mmc.o)
    0x0000b568   0x00000070   Code   RO         2242    i.mmc_read_block    FS_CM3.lib(fs_mmc.o)
    0x0000b5d8   0x0000005c   Code   RO         2245    i.mmc_read_sect     FS_CM3.lib(fs_mmc.o)
    0x0000b634   0x00000090   Code   RO         2246    i.mmc_write_block   FS_CM3.lib(fs_mmc.o)
    0x0000b6c4   0x0000005c   Code   RO         2247    i.mmc_write_sect    FS_CM3.lib(fs_mmc.o)
    0x0000b720   0x00000080   Code   RO         1330    i.read_cache        FS_CM3.lib(fs_fat.o)
    0x0000b7a0   0x00000038   Code   RO         1331    i.read_last_entry   FS_CM3.lib(fs_fat.o)
    0x0000b7d8   0x00000054   Code   RO         1332    i.read_sector       FS_CM3.lib(fs_fat.o)
    0x0000b82c   0x0000001c   Code   RO         2209    i.rt_alloc_box      RTX_CM3.LIB(rt_membox.o)
    0x0000b848   0x00000038   Code   RO         1098    i.rt_block          RTX_CM3.LIB(rt_task.o)
    0x0000b880   0x00000074   Code   RO         2128    i.rt_dec_dly        RTX_CM3.LIB(rt_list.o)
    0x0000b8f4   0x00000044   Code   RO         1099    i.rt_dispatch       RTX_CM3.LIB(rt_task.o)
    0x0000b938   0x00000006   Code   RO         1193    i.rt_dly_wait       RTX_CM3.LIB(rt_time.o)
    0x0000b93e   0x00000002   PAD
    0x0000b940   0x0000004c   Code   RO         2494    i.rt_evt_psh        RTX_CM3.LIB(rt_event.o)
    0x0000b98c   0x00000020   Code   RO         2210    i.rt_free_box       RTX_CM3.LIB(rt_membox.o)
    0x0000b9ac   0x00000028   Code   RO         2129    i.rt_get_first      RTX_CM3.LIB(rt_list.o)
    0x0000b9d4   0x00000044   Code   RO         1100    i.rt_init_context   RTX_CM3.LIB(rt_task.o)
    0x0000ba18   0x00000050   Code   RO         1252    i.rt_init_stack     RTX_CM3.LIB(hal_cm3.o)
    0x0000ba68   0x000000c0   Code   RO         2537    i.rt_mbx_psh        RTX_CM3.LIB(rt_mailbox.o)
    0x0000bb28   0x00000010   Code   RO         1224    i.rt_mut_init       RTX_CM3.LIB(rt_mutex.o)
    0x0000bb38   0x000000ac   Code   RO         1225    i.rt_mut_release    RTX_CM3.LIB(rt_mutex.o)
    0x0000bbe4   0x00000064   Code   RO         1226    i.rt_mut_wait       RTX_CM3.LIB(rt_mutex.o)
    0x0000bc48   0x00000084   Code   RO         2077    i.rt_pop_req        RTX_CM3.LIB(rt_system.o)
    0x0000bccc   0x00000048   Code   RO         2132    i.rt_put_dly        RTX_CM3.LIB(rt_list.o)
    0x0000bd14   0x00000036   Code   RO         2133    i.rt_put_prio       RTX_CM3.LIB(rt_list.o)
    0x0000bd4a   0x00000002   PAD
    0x0000bd4c   0x00000014   Code   RO         2134    i.rt_put_rdy_first  RTX_CM3.LIB(rt_list.o)
    0x0000bd60   0x00000034   Code   RO         2135    i.rt_resort_prio    RTX_CM3.LIB(rt_list.o)
    0x0000bd94   0x00000028   Code   RO         2136    i.rt_rmv_dly        RTX_CM3.LIB(rt_list.o)
    0x0000bdbc   0x00000030   Code   RO         2137    i.rt_rmv_list       RTX_CM3.LIB(rt_list.o)
    0x0000bdec   0x00000034   Code   RO         2583    i.rt_sem_psh        RTX_CM3.LIB(rt_semaphore.o)
    0x0000be20   0x00000024   Code   RO         2079    i.rt_stk_check      RTX_CM3.LIB(rt_system.o)
    0x0000be44   0x00000028   Code   RO         1101    i.rt_switch_req     RTX_CM3.LIB(rt_task.o)
    0x0000be6c   0x00000120   Code   RO         1102    i.rt_sys_init       RTX_CM3.LIB(rt_task.o)
    0x0000bf8c   0x0000003c   Code   RO         2080    i.rt_systick        RTX_CM3.LIB(rt_system.o)
    0x0000bfc8   0x00000040   Code   RO         2619    i.rt_tmr_tick       RTX_CM3.LIB(rt_timer.o)
    0x0000c008   0x00000090   Code   RO         1103    i.rt_tsk_create     RTX_CM3.LIB(rt_task.o)
    0x0000c098   0x000000ac   Code   RO         1104    i.rt_tsk_delete     RTX_CM3.LIB(rt_task.o)
    0x0000c144   0x00000010   Code   RO         1107    i.rt_tsk_self       RTX_CM3.LIB(rt_task.o)
    0x0000c154   0x00000230   Code   RO         1334    i.search_for_name   FS_CM3.lib(fs_fat.o)
    0x0000c384   0x0000008c   Code   RO         1335    i.set_next_clus     FS_CM3.lib(fs_fat.o)
    0x0000c410   0x00000008   Code   RO         1336    i.set_u16           FS_CM3.lib(fs_fat.o)
    0x0000c418   0x00000010   Code   RO         1337    i.set_u32           FS_CM3.lib(fs_fat.o)
    0x0000c428   0x00000130   Code   RO         1338    i.unlink_clus_chain  FS_CM3.lib(fs_fat.o)
    0x0000c558   0x00000012   Code   RO         1339    i.val_char          FS_CM3.lib(fs_fat.o)
    0x0000c56a   0x0000003c   Code   RO         1340    i.val_char_sn       FS_CM3.lib(fs_fat.o)
    0x0000c5a6   0x00000002   PAD
    0x0000c5a8   0x0000008c   Code   RO         1342    i.write_cache       FS_CM3.lib(fs_fat.o)
    0x0000c634   0x000000ec   Code   RO         1343    i.write_dot_entries  FS_CM3.lib(fs_fat.o)
    0x0000c720   0x000002cc   Code   RO         1344    i.write_entries     FS_CM3.lib(fs_fat.o)
    0x0000c9ec   0x000000e4   Code   RO         1345    i.write_fat_link    FS_CM3.lib(fs_fat.o)
    0x0000cad0   0x00000070   Code   RO         1346    i.write_fsinfo      FS_CM3.lib(fs_fat.o)
    0x0000cb40   0x00000020   Code   RO         1349    i.write_sector      FS_CM3.lib(fs_fat.o)
    0x0000cb60   0x00000014   Data   RO           12    .constdata          retarget.o
    0x0000cb74   0x00000038   Data   RO           48    .constdata          file_config.o
    0x0000cbac   0x00000028   Data   RO          228    .constdata          uartstdio.o
    0x0000cbd4   0x0000001c   Data   RO          259    .constdata          ustdlib.o
    0x0000cbf0   0x00000054   Data   RO          279    .constdata          touch.o
    0x0000cc44   0x00000028   Data   RO          317    .constdata          kitronix320x240x16_ssd2119_8bit.o
    0x0000cc6c   0x00000124   Data   RO          342    .constdata          set_pinout.o
    0x0000cd90   0x00000028   Data   RO          426    .constdata          rtx_config.o
    0x0000cdb8   0x0000000d   Data   RO          474    .constdata          tlv320aic23b.o
    0x0000cdc5   0x00000003   PAD
    0x0000cdc8   0x00000078   Data   RO          533    .constdata          gpio.o
    0x0000ce40   0x00000030   Data   RO          547    .constdata          i2c.o
    0x0000ce70   0x00000104   Data   RO          579    .constdata          interrupt.o
    0x0000cf74   0x00000020   Data   RO          594    .constdata          ssi.o
    0x0000cf94   0x000001c4   Data   RO          612    .constdata          sysctl.o
    0x0000d158   0x00000040   Data   RO          646    .constdata          uart.o
    0x0000d198   0x0000055f   Data   RO          865    .constdata          grlib-cm3.lib(fontcm12.o)
    0x0000d6f7   0x00000001   PAD
    0x0000d6f8   0x000000c8   Data   RO          866    .constdata          grlib-cm3.lib(fontcm12.o)
    0x0000d7c0   0x0000095e   Data   RO          879    .constdata          grlib-cm3.lib(fontcm20.o)
    0x0000e11e   0x00000002   PAD
    0x0000e120   0x000000c8   Data   RO          880    .constdata          grlib-cm3.lib(fontcm20.o)
    0x0000e1e8   0x00000514   Data   RO          893    .constdata          grlib-cm3.lib(fontcmss12.o)
    0x0000e6fc   0x000000c8   Data   RO          894    .constdata          grlib-cm3.lib(fontcmss12.o)
    0x0000e7c4   0x000002f8   Data   RO          907    .constdata          grlib-cm3.lib(fontfixed6x8.o)
    0x0000eabc   0x000000c8   Data   RO          908    .constdata          grlib-cm3.lib(fontfixed6x8.o)
    0x0000eb84   0x000000a9   Data   RO         1351    .constdata          FS_CM3.lib(fs_fat.o)
    0x0000ec2d   0x00000003   PAD
    0x0000ec30   0x00000010   Data   RO         1863    .constdata          grlib-cm3.lib(context.o)
    0x0000ec40   0x00000011   Data   RO          229    .conststring        uartstdio.o
    0x0000ec51   0x0000000e   Data   RO          365    .conststring        main.o
    0x0000ec5f   0x00000001   PAD
    0x0000ec60   0x00000020   Data   RO         2997    Region$$Table       anon$$obj.o


    Execution Region RW_IRAM1 (Base: 0x20000000, Size: 0x0000a2c8, Max: 0x00018000, ABSOLUTE, COMPRESSED[0x0000015c])

    Base Addr    Size         Type   Attr      Idx    E Section Name        Object

    0x20000000   0x0000001c   Data   RW          230    .data               uartstdio.o
    0x2000001c   0x00000004   Data   RW          261    .data               ustdlib.o
    0x20000020   0x00000014   Data   RW          280    .data               touch.o
    0x20000034   0x00000008   Data   RW          318    .data               kitronix320x240x16_ssd2119_8bit.o
    0x2000003c   0x00000008   Data   RW          343    .data               set_pinout.o
    0x20000044   0x000003dc   Data   RW          366    .data               main.o
    0x20000420   0x00000008   Data   RW          427    .data               rtx_config.o
    0x20000428   0x0000003c   Data   RW          447    .data               sound.o
    0x20000464   0x00000002   Data   RW          475    .data               tlv320aic23b.o
    0x20000466   0x00000002   PAD
    0x20000468   0x00000030   Data   RW         1034    .data               grlib-cm3.lib(widget.o)
    0x20000498   0x00000008   Data   RW         1109    .data               RTX_CM3.LIB(rt_task.o)
    0x200004a0   0x00000002   Data   RW         1196    .data               RTX_CM3.LIB(rt_time.o)
    0x200004a2   0x00000001   Data   RW         1253    .data               RTX_CM3.LIB(hal_cm3.o)
    0x200004a3   0x00000001   PAD
    0x200004a4   0x00000014   Data   RW         1352    .data               FS_CM3.lib(fs_fat.o)
    0x200004b8   0x00000004   Data   RW         1864    .data               grlib-cm3.lib(context.o)
    0x200004bc   0x00000002   Data   RW         2083    .data               RTX_CM3.LIB(rt_system.o)
    0x200004be   0x00000001   Data   RW         2248    .data               FS_CM3.lib(fs_mmc.o)
    0x200004bf   0x00000001   PAD
    0x200004c0   0x00000008   Data   RW         2620    .data               RTX_CM3.LIB(rt_timer.o)
    0x200004c8   0x00000004   Data   RW         2760    .data               c_w.l(streamlock.o)
    0x200004cc   0x00000004   Data   RW         2764    .data               c_w.l(stdio_streams.o)
    0x200004d0   0x00000004   Data   RW         2765    .data               c_w.l(stdio_streams.o)
    0x200004d4   0x00000004   Data   RW         2766    .data               c_w.l(stdio_streams.o)
    0x200004d8   0x00000328   PAD
    0x20000800   0x0000026c   Data   RW          580    vtable              interrupt.o
    0x20000a6c   0x00000740   Zero   RW           47    .bss                file_config.o
    0x200011ac   0x00000254   PAD
    0x20001400   0x00000400   Zero   RW          178    .bss                hal_system.o
    0x20001800   0x00000024   Zero   RW          208    .bss                cmdline.o
    0x20001824   0x00000480   Zero   RW          227    .bss                uartstdio.o
    0x20001ca4   0x00000010   Zero   RW          278    .bss                touch.o
    0x20001cb4   0x000013cc   Zero   RW          364    .bss                main.o
    0x20003080   0x000054a8   Zero   RW          425    .bss                rtx_config.o
    0x20008528   0x00000830   Zero   RW          446    .bss                sound.o
    0x20008d58   0x00000140   Zero   RW         1033    .bss                grlib-cm3.lib(widget.o)
    0x20008e98   0x00000030   Zero   RW         1108    .bss                RTX_CM3.LIB(rt_task.o)
    0x20008ec8   0x00000154   Zero   RW         1350    .bss                FS_CM3.lib(fs_fat.o)
    0x2000901c   0x00000020   Zero   RW         1892    .bss                grlib-cm3.lib(image.o)
    0x2000903c   0x00000030   Zero   RW         2138    .bss                RTX_CM3.LIB(rt_list.o)
    0x2000906c   0x00000060   Zero   RW         2647    .bss                c_w.l(libspace.o)
    0x200090cc   0x00000054   Zero   RW         2761    .bss                c_w.l(stdio_streams.o)
    0x20009120   0x00000054   Zero   RW         2762    .bss                c_w.l(stdio_streams.o)
    0x20009174   0x00000054   Zero   RW         2763    .bss                c_w.l(stdio_streams.o)
    0x200091c8   0x00001000   Zero   RW            2    HEAP                startup.o
    0x2000a1c8   0x00000100   Zero   RW            1    STACK               startup.o


==============================================================================

Image component sizes


      Code (inc. data)   RO Data    RW Data    ZI Data      Debug   Object Name

       116          4          0          0         36       1433   cmdline.o
        38          0          0          0          0        508   cpu.o
       432          4          0          0          0       5830   epi.o
         0          0         56          0       1856       8990   file_config.o
      1976         48        120          0          0      10701   gpio.o
        92          8          0          0          0        619   hal_led.o
       184         34          0          0       1024      14663   hal_system.o
       652         32         48          0          0       8632   i2c.o
       572          0          0          0          0       5051   i2s.o
       684         42        260        620          0       3796   interrupt.o
      2208         78         40          8          0       7968   kitronix320x240x16_ssd2119_8bit.o
      2012        422         14        988       5068      56015   main.o
       308         28         20          0          0      10269   retarget.o
       152         26         40          8      21672       3023   rtx_config.o
      1092         94        292          8          0       4990   set_pinout.o
      2312        248          0         60       2096       6204   sound.o
       244         20          0          0          0       4164   spi_lm3s37x8.o
       368          4         32          0          0       4835   ssi.o
       660        640          0          0       4352        372   startup.o
      2982        188        452          0          0      11407   sysctl.o
       456         24         13          2          0       4329   tlv320aic23b.o
      1416        114         84         20         16      27780   touch.o
       776          6         64          0          0       9844   uart.o
      1896        102         57         28       1152       7713   uartstdio.o
       800         18          0          0          0      16209   udma.o
      1740         28         28          4          0       6873   ustdlib.o

    ----------------------------------------------------------------------
     24172       2212       1656       1748      37868     242218   Object Totals
         0          0         32          0          0          0   (incl. Generated)
         4          0          4          2        596          0   (incl. Padding)

    ----------------------------------------------------------------------

      Code (inc. data)   RO Data    RW Data    ZI Data      Debug   Library Member Name

       132          8          0          0          0        843   _fs_fclose.o
       280          0          0          0          0       1247   _fs_fcreate.o
       130          0          0          0          0        959   _fs_fdelete.o
       200          0          0          0          0       1149   _fs_ffind.o
      1116         20          0          0          0       9700   _fs_flashio.o
       144         10          0          0          0        793   _fs_flushbuf.o
       384         16          0          0          0       9879   _fs_fopen.o
       176          6          0          0          0       1193   _fs_getfsize.o
       172          8          0          0          0       1165   _fs_read.o
       244         10          0          0          0       1276   _fs_setfpos.o
       260          8          0          0          0       1162   _fs_write.o
      7366        368        169         20        340      37881   fs_fat.o
       508         22          0          0          0       1576   fs_ffind.o
        60         14          0          0          0       8881   fs_finit.o
        28          0          0          0          0       3270   fs_flashprg.o
       326         44          0          0          0       3899   fs_lib.o
      1062         30          0          1          0       5416   fs_mmc.o
        14          4          0          0          0        792   fs_time.o
         4          4          0          0          0        128   SVC_Table.o
       504         52          0          1          0       2505   hal_cm3.o
        76          4          0          0          0        585   rt_event.o
       442         30          0          0         48       4254   rt_list.o
       192          4          0          0          0        733   rt_mailbox.o
       130          0          0          0          0       1681   rt_membox.o
       288         12          0          0          0       1733   rt_mutex.o
        52          6          0          0          0        505   rt_semaphore.o
       228         38          0          2          0       1477   rt_system.o
       852        156          0          8         48       6734   rt_task.o
         6          0          0          2          0        512   rt_time.o
        64          8          0          8          0        563   rt_timer.o
        90          0          0          0          0          0   __dczerorl2.o
         8          0          0          0          0         68   __main.o
        52          8          0          0          0          0   __scatter.o
        28          0          0          0          0          0   __scatter_zi.o
        10          0          0          0          0         68   defsig_exit.o
        50          0          0          0          0         88   defsig_general.o
        80         58          0          0          0         76   defsig_rtmem_inner.o
        14          0          0          0          0         80   defsig_rtmem_outer.o
        52         38          0          0          0         76   defsig_rtred_inner.o
        14          0          0          0          0         80   defsig_rtred_outer.o
        12          0          0          0          0         72   exit.o
        76          0          0          0          0         88   fclose.o
        52          6          0          0          0         80   fclose_locked.o
       144         10          0          0          0        128   fflush_locked.o
       576          0          0          0          0        132   filbuf.o
        92          8          0          0          0         88   flushlinebuffered_locked.o
       324          8          0          0          0        152   fopen_locked.o
       310          0          0          0          0         96   freadfast_locked.o
       248          6          0          0          0         84   fseek.o
        70          0          0          0          0         76   ftell.o
       158          0          0          0          0        128   h1_alloc_mt.o
        62          0          0          0          0         80   h1_extend_mt.o
       118          0          0          0          0        108   h1_free_mt.o
        18          0          0          0          0         84   h1_init_mt.o
         6          0          0          0          0        152   heapauxi.o
         4          0          0          0          0        136   hguard.o
       138          0          0          0          0        168   init_alloc.o
       456         48          0          0          0        116   initio_locked.o
         2          0          0          0          0          0   libinit.o
        14          0          0          0          0          0   libinit2.o
         2          0          0          0          0          0   libshutdown.o
         6          0          0          0          0          0   libshutdown2.o
         8          4          0          0         96         68   libspace.o
         0          0          0          0          0          0   maybetermalloc1.o
         4          0          0          0          0         68   rt_errno_addr_twolibspace.o
        10          0          0          0          0         76   rt_heap_descriptor_twolibspace.o
        68          0          0          0          0         68   rt_memclr.o
        78          0          0          0          0         80   rt_memclr_w.o
       138          0          0          0          0         68   rt_memcpy_v6.o
       100          0          0          0          0         80   rt_memcpy_w.o
         0          0          0          0          0          0   rtentry.o
        12          0          0          0          0          0   rtentry2.o
         6          0          0          0          0          0   rtentry4.o
         2          0          0          0          0          0   rtexit.o
        10          0          0          0          0          0   rtexit2.o
       104          0          0          0          0         88   setvbuf_locked.o
       240          6          0          0          0        156   stdio.o
         0          0          0         12        252          0   stdio_streams.o
        24          0          0          0          0         68   strcat.o
       128          0          0          0          0         68   strcmpv7m.o
        72          0          0          0          0         80   strcpy.o
         0          0          0          4          0          0   streamlock.o
        62          0          0          0          0         76   strlen.o
        74          0          0          0          0         80   sys_stackheap_outer.o
         2          0          0          0          0         68   use_no_semi.o
       438          0          0          0          0      31410   canvas.o
         8          0          0          0          0        537   charmap.o
       212         12         16          4          0       1780   context.o
         0          0       1575          0          0      24834   fontcm12.o
         0          0       2598          0          0      24834   fontcm20.o
         0          0       1500          0          0      24842   fontcmss12.o
         0          0        960          0          0      24854   fontfixed6x8.o
      1552          4          0          0         32       9494   image.o
       152          0          0          0          0       1758   line.o
       990          0          0          0          0       7518   listbox.o
       692          0          0          0          0       8627   pushbutton.o
       426          0          0          0          0       2660   rectangle.o
      1296          0          0          0          0      10768   slider.o
      1508          0          0          0          0      10640   string.o
       714         30          0         48        320       7212   widget.o

    ----------------------------------------------------------------------
     27892       1128       6824        920       1136     307955   Library Totals
        36          0          6        810          0          0   (incl. Padding)

    ----------------------------------------------------------------------

      Code (inc. data)   RO Data    RW Data    ZI Data      Debug   Library Name

     12602        568        169         21        340      91081   FS_CM3.lib
      2838        314          0         21         96      21410   RTX_CM3.LIB
      4428        200          0         16        348       3696   c_w.l
      7988         46       6649         52        352     191768   grlib-cm3.lib

    ----------------------------------------------------------------------
     27892       1128       6824        920       1136     307955   Library Totals

    ----------------------------------------------------------------------

==============================================================================


      Code (inc. data)   RO Data    RW Data    ZI Data      Debug   

     52064       3340       8480       2668      39004     536653   Grand Totals
     52064       3340       8480        348      39004     536653   ELF Image Totals (compressed)
     52064       3340       8480        348          0          0   ROM Totals

==============================================================================

    Total RO  Size (Code + RO Data)                60544 (  59.13kB)
    Total RW  Size (RW Data + ZI Data)             41672 (  40.70kB)
    Total ROM Size (Code + RO Data + RW Data)      60892 (  59.46kB)

==============================================================================

