<html>
<body>
<pre>
<h1>µVision Build Log</h1>
<h2>Project:</h2>
C:\Temp\Prakt6\IDE\HPES_labs.uvproj
Project File Date:  02/19/2014

<h2>Output:</h2>
Rebuild target 'HPES_Lab'
assembling Startup.s...
compiling Retarget.c...
compiling File_Config.c...
compiling SPI_LM3S37x8.c...
compiling hal_led.c...
compiling hal_system.c...
compiling cmdline.c...
compiling uartstdio.c...
compiling ustdlib.c...
compiling touch.c...
compiling kitronix320x240x16_ssd2119_8bit.c...
compiling set_pinout.c...
compiling main.c...
..\app\main.c(545): warning:  #550-D: variable "ulChunkSize" was set but never used
      unsigned long ulChunkSize;
..\app\main.c(953): warning:  #177-D: variable "nStatus" was declared but never referenced
        int nStatus;
..\app\main.c(57): warning:  #177-D: variable "g_cCwdBuf" was declared but never referenced
  static char g_cCwdBuf[PATH_BUF_SIZE] = "/";
..\app\main.c: 3 warnings, 0 errors
compiling RTX_Config.c...
compiling sound.c...
compiling tlv320aic23b.c...
compiling adc.c...
compiling cpu.c...
compiling flash.c...
compiling gpio.c...
compiling i2c.c...
compiling i2s.c...
compiling interrupt.c...
compiling ssi.c...
compiling sysctl.c...
compiling timer.c...
compiling uart.c...
compiling udma.c...
compiling epi.c...
linking...
Program Size: Code=54824 RO-data=7924 RW-data=2668 ZI-data=19692  
".\HPES_labs.axf" - 0 Error(s), 3 Warning(s).
</pre>
</body>
</html>
