<html>
<body>
<pre>
<h1>µVision Build Log</h1>
<h2>Project:</h2>
C:\Temp\Lab_6_Widgets_to_finish\IDE\HPES_labs.uvproj
Project File Date:  05/26/2015

<h2>Output:</h2>
Load "C:\\Temp\\Lab_6_Widgets_to_finish\\IDE\\HPES_labs.axf" 
Connecting: Mode=JTAG, Speed=1000000Hz
Erase Done.
Programming Done.
Verify OK.
Build target 'HPES_Lab'
compiling RTX_Config.c...
linking...
Program Size: Code=52064 RO-data=8480 RW-data=2668 ZI-data=39004  
".\HPES_labs.axf" - 0 Errors, 0 Warning(s).
Load "C:\\Temp\\Lab_6_Widgets_to_finish\\IDE\\HPES_labs.axf" 
Connecting: Mode=JTAG, Speed=1000000Hz
Erase Done.
Programming Done.
Verify OK.
